/Users/rok/Documents/curso-lse/workspace_lpc845/freertos/src/port.c:148:15:pxPortInitialiseStack	24	static
/Users/rok/Documents/curso-lse/workspace_lpc845/freertos/src/port.c:168:13:prvTaskExitError	16	static
/Users/rok/Documents/curso-lse/workspace_lpc845/freertos/src/port.c:194:6:SVC_Handler	8	static
/Users/rok/Documents/curso-lse/workspace_lpc845/freertos/src/port.c:201:6:vPortStartFirstTask	0	static
/Users/rok/Documents/curso-lse/workspace_lpc845/freertos/src/port.c:232:12:xPortStartScheduler	8	static
/Users/rok/Documents/curso-lse/workspace_lpc845/freertos/src/port.c:262:6:vPortEndScheduler	8	static
/Users/rok/Documents/curso-lse/workspace_lpc845/freertos/src/port.c:270:6:vPortYield	8	static
/Users/rok/Documents/curso-lse/workspace_lpc845/freertos/src/port.c:282:6:vPortEnterCritical	8	static
/Users/rok/Documents/curso-lse/workspace_lpc845/freertos/src/port.c:291:6:vPortExitCritical	8	static
/Users/rok/Documents/curso-lse/workspace_lpc845/freertos/src/port.c:303:10:ulSetInterruptMaskFromISR	0	static
/Users/rok/Documents/curso-lse/workspace_lpc845/freertos/src/port.c:314:6:vClearInterruptMaskFromISR	0	static
/Users/rok/Documents/curso-lse/workspace_lpc845/freertos/src/port.c:324:6:PendSV_Handler	0	static
/Users/rok/Documents/curso-lse/workspace_lpc845/freertos/src/port.c:373:6:SysTick_Handler	16	static
/Users/rok/Documents/curso-lse/workspace_lpc845/freertos/src/port.c:394:32:vPortSetupTimerInterrupt	8	static
/Users/rok/Documents/curso-lse/workspace_lpc845/freertos/src/port.c:417:36:vPortSuppressTicksAndSleep	40	static
