Archive member included to satisfy reference by file (symbol)

/Users/rok/.mcuxpressotools/arm-gnu-toolchain-13.2.Rel1-darwin-arm64-arm-none-eabi/bin/../lib/gcc/arm-none-eabi/13.2.1/thumb/v6-m/nofp/libgcc.a(_udivsi3.o)
                              CMakeFiles/new_project.elf.dir/Users/rok/Documents/curso-lse/workspace_lpc845/sdks/clase_03_sdk/devices/LPC845/system_LPC845.c.obj (__aeabi_uidiv)
/Users/rok/.mcuxpressotools/arm-gnu-toolchain-13.2.Rel1-darwin-arm64-arm-none-eabi/bin/../lib/gcc/arm-none-eabi/13.2.1/thumb/v6-m/nofp/libgcc.a(_dvmd_tls.o)
                              /Users/rok/.mcuxpressotools/arm-gnu-toolchain-13.2.Rel1-darwin-arm64-arm-none-eabi/bin/../lib/gcc/arm-none-eabi/13.2.1/thumb/v6-m/nofp/libgcc.a(_udivsi3.o) (__aeabi_idiv0)
/Users/rok/.mcuxpressotools/arm-gnu-toolchain-13.2.Rel1-darwin-arm64-arm-none-eabi/bin/../lib/gcc/arm-none-eabi/13.2.1/thumb/v6-m/nofp/libgcc.a(_aeabi_uldivmod.o)
                              CMakeFiles/new_project.elf.dir/Users/rok/Documents/curso-lse/workspace_lpc845/sdks/clase_03_sdk/devices/LPC845/drivers/fsl_clock.c.obj (__aeabi_uldivmod)
/Users/rok/.mcuxpressotools/arm-gnu-toolchain-13.2.Rel1-darwin-arm64-arm-none-eabi/bin/../lib/gcc/arm-none-eabi/13.2.1/thumb/v6-m/nofp/libgcc.a(_muldi3.o)
                              CMakeFiles/new_project.elf.dir/Users/rok/Documents/curso-lse/workspace_lpc845/sdks/clase_03_sdk/devices/LPC845/drivers/fsl_common_arm.c.obj (__aeabi_lmul)
/Users/rok/.mcuxpressotools/arm-gnu-toolchain-13.2.Rel1-darwin-arm64-arm-none-eabi/bin/../lib/gcc/arm-none-eabi/13.2.1/thumb/v6-m/nofp/libgcc.a(_fixunssfsi.o)
                              CMakeFiles/new_project.elf.dir/Users/rok/Documents/curso-lse/workspace_lpc845/clase_03/main.c.obj (__aeabi_f2uiz)
/Users/rok/.mcuxpressotools/arm-gnu-toolchain-13.2.Rel1-darwin-arm64-arm-none-eabi/bin/../lib/gcc/arm-none-eabi/13.2.1/thumb/v6-m/nofp/libgcc.a(_udivmoddi4.o)
                              /Users/rok/.mcuxpressotools/arm-gnu-toolchain-13.2.Rel1-darwin-arm64-arm-none-eabi/bin/../lib/gcc/arm-none-eabi/13.2.1/thumb/v6-m/nofp/libgcc.a(_aeabi_uldivmod.o) (__udivmoddi4)
/Users/rok/.mcuxpressotools/arm-gnu-toolchain-13.2.Rel1-darwin-arm64-arm-none-eabi/bin/../lib/gcc/arm-none-eabi/13.2.1/thumb/v6-m/nofp/libgcc.a(divsf3.o)
                              CMakeFiles/new_project.elf.dir/Users/rok/Documents/curso-lse/workspace_lpc845/clase_03/main.c.obj (__aeabi_fdiv)
/Users/rok/.mcuxpressotools/arm-gnu-toolchain-13.2.Rel1-darwin-arm64-arm-none-eabi/bin/../lib/gcc/arm-none-eabi/13.2.1/thumb/v6-m/nofp/libgcc.a(subsf3.o)
                              CMakeFiles/new_project.elf.dir/Users/rok/Documents/curso-lse/workspace_lpc845/clase_03/main.c.obj (__aeabi_fsub)
/Users/rok/.mcuxpressotools/arm-gnu-toolchain-13.2.Rel1-darwin-arm64-arm-none-eabi/bin/../lib/gcc/arm-none-eabi/13.2.1/thumb/v6-m/nofp/libgcc.a(fixsfsi.o)
                              /Users/rok/.mcuxpressotools/arm-gnu-toolchain-13.2.Rel1-darwin-arm64-arm-none-eabi/bin/../lib/gcc/arm-none-eabi/13.2.1/thumb/v6-m/nofp/libgcc.a(_fixunssfsi.o) (__aeabi_f2iz)
/Users/rok/.mcuxpressotools/arm-gnu-toolchain-13.2.Rel1-darwin-arm64-arm-none-eabi/bin/../lib/gcc/arm-none-eabi/13.2.1/thumb/v6-m/nofp/libgcc.a(divdf3.o)
                              CMakeFiles/new_project.elf.dir/Users/rok/Documents/curso-lse/workspace_lpc845/clase_03/main.c.obj (__aeabi_ddiv)
/Users/rok/.mcuxpressotools/arm-gnu-toolchain-13.2.Rel1-darwin-arm64-arm-none-eabi/bin/../lib/gcc/arm-none-eabi/13.2.1/thumb/v6-m/nofp/libgcc.a(floatsidf.o)
                              CMakeFiles/new_project.elf.dir/Users/rok/Documents/curso-lse/workspace_lpc845/clase_03/main.c.obj (__aeabi_i2d)
/Users/rok/.mcuxpressotools/arm-gnu-toolchain-13.2.Rel1-darwin-arm64-arm-none-eabi/bin/../lib/gcc/arm-none-eabi/13.2.1/thumb/v6-m/nofp/libgcc.a(truncdfsf2.o)
                              CMakeFiles/new_project.elf.dir/Users/rok/Documents/curso-lse/workspace_lpc845/clase_03/main.c.obj (__aeabi_d2f)
/Users/rok/.mcuxpressotools/arm-gnu-toolchain-13.2.Rel1-darwin-arm64-arm-none-eabi/bin/../lib/gcc/arm-none-eabi/13.2.1/thumb/v6-m/nofp/libgcc.a(_arm_cmpsf2.o)
                              /Users/rok/.mcuxpressotools/arm-gnu-toolchain-13.2.Rel1-darwin-arm64-arm-none-eabi/bin/../lib/gcc/arm-none-eabi/13.2.1/thumb/v6-m/nofp/libgcc.a(_fixunssfsi.o) (__aeabi_fcmpge)
/Users/rok/.mcuxpressotools/arm-gnu-toolchain-13.2.Rel1-darwin-arm64-arm-none-eabi/bin/../lib/gcc/arm-none-eabi/13.2.1/thumb/v6-m/nofp/libgcc.a(_clzsi2.o)
                              /Users/rok/.mcuxpressotools/arm-gnu-toolchain-13.2.Rel1-darwin-arm64-arm-none-eabi/bin/../lib/gcc/arm-none-eabi/13.2.1/thumb/v6-m/nofp/libgcc.a(divsf3.o) (__clzsi2)
/Users/rok/.mcuxpressotools/arm-gnu-toolchain-13.2.Rel1-darwin-arm64-arm-none-eabi/bin/../lib/gcc/arm-none-eabi/13.2.1/thumb/v6-m/nofp/libgcc.a(_clzdi2.o)
[...]
Memory Configuration

Name             Origin             Length             Attributes
m_interrupts     0x00000000         0x00000200         xr
m_crp            0x000002fc         0x00000004         xr
m_text           0x00000300         0x0000fd00         xr
m_data           0x10000000         0x00003fe0         rw
*default*        0x00000000         0xffffffff

Linker script and memory map

LOAD /Users/rok/.mcuxpressotools/arm-gnu-toolchain-13.2.Rel1-darwin-arm64-arm-none-eabi/bin/../lib/gcc/arm-none-eabi/13.2.1/thumb/v6-m/nofp/crti.o
LOAD /Users/rok/.mcuxpressotools/arm-gnu-toolchain-13.2.Rel1-darwin-arm64-arm-none-eabi/bin/../lib/gcc/arm-none-eabi/13.2.1/thumb/v6-m/nofp/crtbegin.o
LOAD /Users/rok/.mcuxpressotools/arm-gnu-toolchain-13.2.Rel1-darwin-arm64-arm-none-eabi/bin/../lib/gcc/arm-none-eabi/13.2.1/../../../../arm-none-eabi/lib/thumb/v6-m/nofp/crt0.o
LOAD CMakeFiles/new_project.elf.dir/Users/rok/Documents/curso-lse/workspace_lpc845/clase_03/main.c.obj
LOAD CMakeFiles/new_project.elf.dir/Users/rok/Documents/curso-lse/workspace_lpc845/clase_03/peripherals.c.obj
LOAD CMakeFiles/new_project.elf.dir/Users/rok/Documents/curso-lse/workspace_lpc845/clase_03/pin_mux.c.obj
LOAD CMakeFiles/new_project.elf.dir/Users/rok/Documents/curso-lse/workspace_lpc845/clase_03/board.c.obj
LOAD CMakeFiles/new_project.elf.dir/Users/rok/Documents/curso-lse/workspace_lpc845/clase_03/clock_config.c.obj
LOAD CMakeFiles/new_project.elf.dir/Users/rok/Documents/curso-lse/workspace_lpc845/clase_03/hardware_init.c.obj
LOAD CMakeFiles/new_project.elf.dir/Users/rok/Documents/curso-lse/workspace_lpc845/sdks/clase_03_sdk/components/uart/fsl_adapter_miniusart.c.obj
LOAD CMakeFiles/new_project.elf.dir/Users/rok/Documents/curso-lse/workspace_lpc845/sdks/clase_03_sdk/devices/LPC845/gcc/startup_LPC845.S.obj
LOAD CMakeFiles/new_project.elf.dir/Users/rok/Documents/curso-lse/workspace_lpc845/sdks/clase_03_sdk/devices/LPC845/system_LPC845.c.obj
LOAD CMakeFiles/new_project.elf.dir/Users/rok/Documents/curso-lse/workspace_lpc845/sdks/clase_03_sdk/devices/LPC845/drivers/fsl_clock.c.obj
LOAD CMakeFiles/new_project.elf.dir/Users/rok/Documents/curso-lse/workspace_lpc845/sdks/clase_03_sdk/devices/LPC845/drivers/fsl_common.c.obj
LOAD CMakeFiles/new_project.elf.dir/Users/rok/Documents/curso-lse/workspace_lpc845/sdks/clase_03_sdk/devices/LPC845/drivers/fsl_common_arm.c.obj
LOAD CMakeFiles/new_project.elf.dir/Users/rok/Documents/curso-lse/workspace_lpc845/sdks/clase_03_sdk/devices/LPC845/drivers/fsl_inputmux.c.obj
LOAD CMakeFiles/new_project.elf.dir/Users/rok/Documents/curso-lse/workspace_lpc845/sdks/clase_03_sdk/devices/LPC845/drivers/fsl_gpio.c.obj
LOAD CMakeFiles/new_project.elf.dir/Users/rok/Documents/curso-lse/workspace_lpc845/sdks/clase_03_sdk/devices/LPC845/drivers/fsl_i2c.c.obj
LOAD CMakeFiles/new_project.elf.dir/Users/rok/Documents/curso-lse/workspace_lpc845/sdks/clase_03_sdk/devices/LPC845/drivers/fsl_usart.c.obj
LOAD CMakeFiles/new_project.elf.dir/Users/rok/Documents/curso-lse/workspace_lpc845/sdks/clase_03_sdk/devices/LPC845/drivers/fsl_power.c.obj
LOAD CMakeFiles/new_project.elf.dir/Users/rok/Documents/curso-lse/workspace_lpc845/sdks/clase_03_sdk/devices/LPC845/drivers/fsl_reset.c.obj
LOAD CMakeFiles/new_project.elf.dir/Users/rok/Documents/curso-lse/workspace_lpc845/sdks/clase_03_sdk/devices/LPC845/drivers/fsl_sctimer.c.obj
LOAD CMakeFiles/new_project.elf.dir/Users/rok/Documents/curso-lse/workspace_lpc845/sdks/clase_03_sdk/devices/LPC845/drivers/fsl_swm.c.obj
LOAD CMakeFiles/new_project.elf.dir/Users/rok/Documents/curso-lse/workspace_lpc845/sdks/clase_03_sdk/devices/LPC845/drivers/fsl_syscon.c.obj
LOAD CMakeFiles/new_project.elf.dir/Users/rok/Documents/curso-lse/workspace_lpc845/sdks/clase_03_sdk/devices/LPC845/utilities/fsl_syscall_stub.c.obj
LOAD CMakeFiles/new_project.elf.dir/Users/rok/Documents/curso-lse/workspace_lpc845/sdks/clase_03_sdk/devices/LPC845/utilities/fsl_sbrk.c.obj
LOAD CMakeFiles/new_project.elf.dir/Users/rok/Documents/curso-lse/workspace_lpc845/sdks/clase_03_sdk/devices/LPC845/utilities/debug_console_lite/fsl_assert.c.obj
LOAD CMakeFiles/new_project.elf.dir/Users/rok/Documents/curso-lse/workspace_lpc845/sdks/clase_03_sdk/devices/LPC845/utilities/debug_console_lite/fsl_debug_console.c.obj
LOAD CMakeFiles/new_project.elf.dir/Users/rok/Documents/curso-lse/workspace_lpc845/sdks/clase_03_sdk/devices/LPC845/utilities/str/fsl_str.c.obj
START GROUP
LOAD /Users/rok/.mcuxpressotools/arm-gnu-toolchain-13.2.Rel1-darwin-arm64-arm-none-eabi/bin/../lib/gcc/arm-none-eabi/13.2.1/thumb/v6-m/nofp/libgcc.a
LOAD /Users/rok/.mcuxpressotools/arm-gnu-toolchain-13.2.Rel1-darwin-arm64-arm-none-eabi/bin/../lib/gcc/arm-none-eabi/13.2.1/../../../../arm-none-eabi/lib/thumb/v6-m/nofp/libc_nano.a
LOAD /Users/rok/.mcuxpressotools/arm-gnu-toolchain-13.2.Rel1-darwin-arm64-arm-none-eabi/bin/../lib/gcc/arm-none-eabi/13.2.1/../../../../arm-none-eabi/lib/thumb/v6-m/nofp/libm.a
LOAD /Users/rok/.mcuxpressotools/arm-gnu-toolchain-13.2.Rel1-darwin-arm64-arm-none-eabi/bin/../lib/gcc/arm-none-eabi/13.2.1/../../../../arm-none-eabi/lib/thumb/v6-m/nofp/libcr_newlib_nohost.a
END GROUP
START GROUP
LOAD /Users/rok/.mcuxpressotools/arm-gnu-toolchain-13.2.Rel1-darwin-arm64-arm-none-eabi/bin/../lib/gcc/arm-none-eabi/13.2.1/thumb/v6-m/nofp/libgcc.a
LOAD /Users/rok/.mcuxpressotools/arm-gnu-toolchain-13.2.Rel1-darwin-arm64-arm-none-eabi/bin/../lib/gcc/arm-none-eabi/13.2.1/../../../../arm-none-eabi/lib/thumb/v6-m/nofp/libg_nano.a
LOAD /Users/rok/.mcuxpressotools/arm-gnu-toolchain-13.2.Rel1-darwin-arm64-arm-none-eabi/bin/../lib/gcc/arm-none-eabi/13.2.1/../../../../arm-none-eabi/lib/thumb/v6-m/nofp/libc_nano.a
END GROUP
START GROUP
LOAD /Users/rok/.mcuxpressotools/arm-gnu-toolchain-13.2.Rel1-darwin-arm64-arm-none-eabi/bin/../lib/gcc/arm-none-eabi/13.2.1/thumb/v6-m/nofp/libgcc.a
LOAD /Users/rok/.mcuxpressotools/arm-gnu-toolchain-13.2.Rel1-darwin-arm64-arm-none-eabi/bin/../lib/gcc/arm-none-eabi/13.2.1/../../../../arm-none-eabi/lib/thumb/v6-m/nofp/libc_nano.a
LOAD /Users/rok/.mcuxpressotools/arm-gnu-toolchain-13.2.Rel1-darwin-arm64-arm-none-eabi/bin/../lib/gcc/arm-none-eabi/13.2.1/../../../../arm-none-eabi/lib/thumb/v6-m/nofp/libnosys.a
END GROUP
START GROUP
LOAD /Users/rok/.mcuxpressotools/arm-gnu-toolchain-13.2.Rel1-darwin-arm64-arm-none-eabi/bin/../lib/gcc/arm-none-eabi/13.2.1/thumb/v6-m/nofp/libgcc.a
LOAD /Users/rok/.mcuxpressotools/arm-gnu-toolchain-13.2.Rel1-darwin-arm64-arm-none-eabi/bin/../lib/gcc/arm-none-eabi/13.2.1/../../../../arm-none-eabi/lib/thumb/v6-m/nofp/libc_nano.a
LOAD /Users/rok/.mcuxpressotools/arm-gnu-toolchain-13.2.Rel1-darwin-arm64-arm-none-eabi/bin/../lib/gcc/arm-none-eabi/13.2.1/../../../../arm-none-eabi/lib/thumb/v6-m/nofp/libnosys.a
END GROUP
LOAD /Users/rok/.mcuxpressotools/arm-gnu-toolchain-13.2.Rel1-darwin-arm64-arm-none-eabi/bin/../lib/gcc/arm-none-eabi/13.2.1/thumb/v6-m/nofp/crtend.o
LOAD /Users/rok/.mcuxpressotools/arm-gnu-toolchain-13.2.Rel1-darwin-arm64-arm-none-eabi/bin/../lib/gcc/arm-none-eabi/13.2.1/thumb/v6-m/nofp/crtn.o
                0x00000400                        HEAP_SIZE = DEFINED (__heap_size__)?__heap_size__:0x400
                0x00000800                        STACK_SIZE = DEFINED (__stack_size__)?__stack_size__:0x800
                0xefffb4f9                        __valid_user_code_checksum = (0x0 - ((((__StackTop + Reset_Handler) + NMI_Handler) + HardFault_Handler) + 0x3))

.interrupts     0x00000000       0xc0
                0x00000000                        . = ALIGN (0x4)
 *(.isr_vector)
 .isr_vector    0x00000000       0xc0 CMakeFiles/new_project.elf.dir/Users/rok/Documents/curso-lse/workspace_lpc845/sdks/clase_03_sdk/devices/LPC845/gcc/startup_LPC845.S.obj
                0x00000000                __Vectors
                0x000000c0                        . = ALIGN (0x4)

.crp            0x000002fc        0x4
                0x000002fc                        . = ALIGN (0x4)
 *(.crp)
 .crp           0x000002fc        0x4 CMakeFiles/new_project.elf.dir/Users/rok/Documents/curso-lse/workspace_lpc845/sdks/clase_03_sdk/devices/LPC845/gcc/startup_LPC845.S.obj
                0x00000300                        . = ALIGN (0x4)

.text           0x00000300     0x45b0
                0x00000300                        . = ALIGN (0x4)
 *(.text)
 .text          0x00000300       0x80 /Users/rok/.mcuxpressotools/arm-gnu-toolchain-13.2.Rel1-darwin-arm64-arm-none-eabi/bin/../lib/gcc/arm-none-eabi/13.2.1/../../../../arm-none-eabi/lib/thumb/v6-m/nofp/crt0.o
                0x00000300                _stack_init
                0x0000030c                _mainCRTStartup
                0x0000030c                _start
 .text          0x00000380      0x17c CMakeFiles/new_project.elf.dir/Users/rok/Documents/curso-lse/workspace_lpc845/sdks/clase_03_sdk/devices/LPC845/gcc/startup_LPC845.S.obj
                0x00000380                Reset_Handler
                0x000003cc                ADC0_OVR_DriverIRQHandler
                0x000003cc                WDT_DriverIRQHandler
                0x000003cc                DefaultISR
                0x000003cc                ADC0_SEQA_DriverIRQHandler
                0x000003cc                WKT_DriverIRQHandler
                0x000003cc                DAC0_DriverIRQHandler
                0x000003cc                MRT0_DriverIRQHandler
                0x000003cc                PIN_INT4_DriverIRQHandler
                0x000003cc                CMP_CAPT_DriverIRQHandler
                0x000003cc                ADC0_THCMP_DriverIRQHandler
                0x000003cc                BOD_DriverIRQHandler
                0x000003cc                Reserved22_DriverIRQHandler
                0x000003cc                FLASH_DriverIRQHandler
                0x000003cc                ADC0_SEQB_DriverIRQHandler
                0x000003cc                CTIMER0_DriverIRQHandler
                0x000003cc                PIN_INT1_DriverIRQHandler
                0x000003cc                DMA0_DriverIRQHandler
                0x000003cc                SPI1_DriverIRQHandler
                0x000003cc                I2C3_DriverIRQHandler
                0x000003cc                PIN_INT3_DriverIRQHandler
                0x000003cc                PIN_INT5_DAC1_DriverIRQHandler
                0x000003cc                PIN_INT2_DriverIRQHandler
                0x000003cc                PIN_INT0_DriverIRQHandler
                0x000003cc                SPI0_DriverIRQHandler
                0x000003d0                NMI_Handler
                0x000003d4                HardFault_Handler
                0x000003d8                SVC_Handler
                0x000003dc                PendSV_Handler
                0x000003e0                SysTick_Handler
                0x000003e4                SPI0_IRQHandler
                0x000003e8                SPI1_IRQHandler
                0x000003ec                DAC0_IRQHandler
                0x000003f0                USART0_IRQHandler
                0x000003f4                USART1_IRQHandler
                0x000003f8                USART2_IRQHandler
                0x000003fc                Reserved22_IRQHandler
                0x00000400                I2C1_IRQHandler
                0x00000404                I2C0_IRQHandler
                0x00000408                SCT0_IRQHandler
                0x0000040c                MRT0_IRQHandler
                0x00000410                CMP_CAPT_IRQHandler
                0x00000414                WDT_IRQHandler
                0x00000418                BOD_IRQHandler
                0x0000041c                FLASH_IRQHandler
                0x00000420                WKT_IRQHandler
                0x00000424                ADC0_SEQA_IRQHandler
                0x00000428                ADC0_SEQB_IRQHandler
                0x0000042c                ADC0_THCMP_IRQHandler
                0x00000430                ADC0_OVR_IRQHandler
                0x00000434                DMA0_IRQHandler
                0x00000438                I2C2_IRQHandler
                0x0000043c                I2C3_IRQHandler
                0x00000440                CTIMER0_IRQHandler
                0x00000444                PIN_INT0_IRQHandler
                0x00000448                PIN_INT1_IRQHandler
                0x0000044c                PIN_INT2_IRQHandler
                0x00000450                PIN_INT3_IRQHandler
                0x00000454                PIN_INT4_IRQHandler
                0x00000458                PIN_INT5_DAC1_IRQHandler
                0x0000045c                PIN_INT6_USART3_IRQHandler
                0x00000460                PIN_INT7_USART4_IRQHandler
 .text          0x000004fc      0x114 /Users/rok/.mcuxpressotools/arm-gnu-toolchain-13.2.Rel1-darwin-arm64-arm-none-eabi/bin/../lib/gcc/arm-none-eabi/13.2.1/thumb/v6-m/nofp/libgcc.a(_udivsi3.o)
                0x000004fc                __udivsi3
                0x000004fc                __aeabi_uidiv
                0x00000608                __aeabi_uidivmod
 .text          0x00000610        0x4 /Users/rok/.mcuxpressotools/arm-gnu-toolchain-13.2.Rel1-darwin-arm64-arm-none-eabi/bin/../lib/gcc/arm-none-eabi/13.2.1/thumb/v6-m/nofp/libgcc.a(_dvmd_tls.o)
                0x00000610                __aeabi_ldiv0
                0x00000610                __aeabi_idiv0
 .text          0x00000614       0x40 /Users/rok/.mcuxpressotools/arm-gnu-toolchain-13.2.Rel1-darwin-arm64-arm-none-eabi/bin/../lib/gcc/arm-none-eabi/13.2.1/thumb/v6-m/nofp/libgcc.a(_aeabi_uldivmod.o)
                0x00000614                __aeabi_uldivmod
 .text          0x00000654       0x74 /Users/rok/.mcuxpressotools/arm-gnu-toolchain-13.2.Rel1-darwin-arm64-arm-none-eabi/bin/../lib/gcc/arm-none-eabi/13.2.1/thumb/v6-m/nofp/libgcc.a(_arm_cmpsf2.o)
                0x00000654                __aeabi_cfrcmple
                0x0000065c                __aeabi_cfcmple
                0x0000065c                __aeabi_cfcmpeq
                0x0000066c                __aeabi_fcmpeq
                0x00000678                __aeabi_fcmplt
                0x0000068c                __aeabi_fcmple
                0x000006a0                __aeabi_fcmpgt
                0x000006b4                __aeabi_fcmpge
 .text          0x000006c8       0x3c /Users/rok/.mcuxpressotools/arm-gnu-toolchain-13.2.Rel1-darwin-arm64-arm-none-eabi/bin/../lib/gcc/arm-none-eabi/13.2.1/thumb/v6-m/nofp/libgcc.a(_clzsi2.o)
                0x000006c8                __clzsi2
 .text          0x00000704       0x18 /Users/rok/.mcuxpressotools/arm-gnu-toolchain-13.2.Rel1-darwin-arm64-arm-none-eabi/bin/../lib/gcc/arm-none-eabi/13.2.1/thumb/v6-m/nofp/libgcc.a(_clzdi2.o)
                0x00000704                __clzdi2
 .text          0x0000071c        0xe /Users/rok/.mcuxpressotools/arm-gnu-toolchain-13.2.Rel1-darwin-arm64-arm-none-eabi/bin/../lib/gcc/arm-none-eabi/13.2.1/../../../../arm-none-eabi/lib/thumb/v6-m/nofp/libc_nano.a(libc_a-strlen.o)
                0x0000071c                strlen
 *(.text*)
 *fill*         0x0000072a        0x2 
 .text.deregister_tm_clones
                0x0000072c       0x20 /Users/rok/.mcuxpressotools/arm-gnu-toolchain-13.2.Rel1-darwin-arm64-arm-none-eabi/bin/../lib/gcc/arm-none-eabi/13.2.1/thumb/v6-m/nofp/crtbegin.o
 .text.register_tm_clones
                0x0000074c       0x28 /Users/rok/.mcuxpressotools/arm-gnu-toolchain-13.2.Rel1-darwin-arm64-arm-none-eabi/bin/../lib/gcc/arm-none-eabi/13.2.1/thumb/v6-m/nofp/crtbegin.o
 .text.__do_global_dtors_aux
                0x00000774       0x2c /Users/rok/.mcuxpressotools/arm-gnu-toolchain-13.2.Rel1-darwin-arm64-arm-none-eabi/bin/../lib/gcc/arm-none-eabi/13.2.1/thumb/v6-m/nofp/crtbegin.o
 .text.frame_dummy
                0x000007a0       0x24 /Users/rok/.mcuxpressotools/arm-gnu-toolchain-13.2.Rel1-darwin-arm64-arm-none-eabi/bin/../lib/gcc/arm-none-eabi/13.2.1/thumb/v6-m/nofp/crtbegin.o
 .text.CLOCK_EnableClock
                0x000007c4       0x54 CMakeFiles/new_project.elf.dir/Users/rok/Documents/curso-lse/workspace_lpc845/clase_03/main.c.obj
 .text.CLOCK_DisableClock
                0x00000818       0x58 CMakeFiles/new_project.elf.dir/Users/rok/Documents/curso-lse/workspace_lpc845/clase_03/main.c.obj
 .text.CLOCK_Select
                0x00000870       0x38 CMakeFiles/new_project.elf.dir/Users/rok/Documents/curso-lse/workspace_lpc845/clase_03/main.c.obj
 .text.SCTIMER_StartTimer
                0x000008a8      0x108 CMakeFiles/new_project.elf.dir/Users/rok/Documents/curso-lse/workspace_lpc845/clase_03/main.c.obj
 .text.main     0x000009b0      0x1b4 CMakeFiles/new_project.elf.dir/Users/rok/Documents/curso-lse/workspace_lpc845/clase_03/main.c.obj
                0x000009b0                main
 .text.CLOCK_Select
                0x00000b64       0x38 CMakeFiles/new_project.elf.dir/Users/rok/Documents/curso-lse/workspace_lpc845/clase_03/clock_config.c.obj
 .text.CLOCK_SetCoreSysClkDiv
                0x00000b9c       0x4c CMakeFiles/new_project.elf.dir/Users/rok/Documents/curso-lse/workspace_lpc845/clase_03/clock_config.c.obj
 .text.CLOCK_SetFroOscFreq
                0x00000be8       0x24 CMakeFiles/new_project.elf.dir/Users/rok/Documents/curso-lse/workspace_lpc845/clase_03/clock_config.c.obj
 .text.POWER_DisablePD
                0x00000c0c       0x2c CMakeFiles/new_project.elf.dir/Users/rok/Documents/curso-lse/workspace_lpc845/clase_03/clock_config.c.obj
 .text.BOARD_BootClockFRO30M
                0x00000c38       0x58 CMakeFiles/new_project.elf.dir/Users/rok/Documents/curso-lse/workspace_lpc845/clase_03/clock_config.c.obj
                0x00000c38                BOARD_BootClockFRO30M
 .text.SystemInit
                0x00000c90       0x2c CMakeFiles/new_project.elf.dir/Users/rok/Documents/curso-lse/workspace_lpc845/sdks/clase_03_sdk/devices/LPC845/system_LPC845.c.obj
                0x00000c90                SystemInit
 .text.SystemInitHook
                0x00000cbc        0xa CMakeFiles/new_project.elf.dir/Users/rok/Documents/curso-lse/workspace_lpc845/sdks/clase_03_sdk/devices/LPC845/system_LPC845.c.obj
                0x00000cbc                SystemInitHook
 *fill*         0x00000cc6        0x2 
 .text.CLOCK_GetCoreSysClkFreq
                0x00000cc8       0x24 CMakeFiles/new_project.elf.dir/Users/rok/Documents/curso-lse/workspace_lpc845/sdks/clase_03_sdk/devices/LPC845/drivers/fsl_clock.c.obj
 .text.CLOCK_GetSystemPLLFreq
                0x00000cec       0x20 CMakeFiles/new_project.elf.dir/Users/rok/Documents/curso-lse/workspace_lpc845/sdks/clase_03_sdk/devices/LPC845/drivers/fsl_clock.c.obj
 .text.CLOCK_GetWdtOscFreq
                0x00000d0c       0x14 CMakeFiles/new_project.elf.dir/Users/rok/Documents/curso-lse/workspace_lpc845/sdks/clase_03_sdk/devices/LPC845/drivers/fsl_clock.c.obj
 .text.CLOCK_GetExtClkFreq
                0x00000d20       0x14 CMakeFiles/new_project.elf.dir/Users/rok/Documents/curso-lse/workspace_lpc845/sdks/clase_03_sdk/devices/LPC845/drivers/fsl_clock.c.obj
 .text.CLOCK_GetFRGInputClkFreq
                0x00000d34       0x3e CMakeFiles/new_project.elf.dir/Users/rok/Documents/curso-lse/workspace_lpc845/sdks/clase_03_sdk/devices/LPC845/drivers/fsl_clock.c.obj
 *fill*         0x00000d72        0x2 
 .text.CLOCK_UpdateClkSrc
                0x00000d74       0x58 CMakeFiles/new_project.elf.dir/Users/rok/Documents/curso-lse/workspace_lpc845/sdks/clase_03_sdk/devices/LPC845/drivers/fsl_clock.c.obj
 .text.CLOCK_GetFRG0ClkFreq
                0x00000dcc       0x64 CMakeFiles/new_project.elf.dir/Users/rok/Documents/curso-lse/workspace_lpc845/sdks/clase_03_sdk/devices/LPC845/drivers/fsl_clock.c.obj
                0x00000dcc                CLOCK_GetFRG0ClkFreq
 .text.CLOCK_GetFRG1ClkFreq
                0x00000e30       0x64 CMakeFiles/new_project.elf.dir/Users/rok/Documents/curso-lse/workspace_lpc845/sdks/clase_03_sdk/devices/LPC845/drivers/fsl_clock.c.obj
                0x00000e30                CLOCK_GetFRG1ClkFreq
 .text.CLOCK_GetMainClkFreq
                0x00000e94       0x78 CMakeFiles/new_project.elf.dir/Users/rok/Documents/curso-lse/workspace_lpc845/sdks/clase_03_sdk/devices/LPC845/drivers/fsl_clock.c.obj
                0x00000e94                CLOCK_GetMainClkFreq
 .text.CLOCK_GetFroFreq
                0x00000f0c       0x78 CMakeFiles/new_project.elf.dir/Users/rok/Documents/curso-lse/workspace_lpc845/sdks/clase_03_sdk/devices/LPC845/drivers/fsl_clock.c.obj
                0x00000f0c                CLOCK_GetFroFreq
 .text.CLOCK_GetFreq
                0x00000f84       0x90 CMakeFiles/new_project.elf.dir/Users/rok/Documents/curso-lse/workspace_lpc845/sdks/clase_03_sdk/devices/LPC845/drivers/fsl_clock.c.obj
                0x00000f84                CLOCK_GetFreq
 .text.CLOCK_GetSystemPLLInClockRate
                0x00001014       0x64 CMakeFiles/new_project.elf.dir/Users/rok/Documents/curso-lse/workspace_lpc845/sdks/clase_03_sdk/devices/LPC845/drivers/fsl_clock.c.obj
                0x00001014                CLOCK_GetSystemPLLInClockRate
 .text.CLOCK_SetMainClkSrc
                0x00001078       0x9c CMakeFiles/new_project.elf.dir/Users/rok/Documents/curso-lse/workspace_lpc845/sdks/clase_03_sdk/devices/LPC845/drivers/fsl_clock.c.obj
                0x00001078                CLOCK_SetMainClkSrc
 .text.CLOCK_SetFroOutClkSrc
                0x00001114       0x48 CMakeFiles/new_project.elf.dir/Users/rok/Documents/curso-lse/workspace_lpc845/sdks/clase_03_sdk/devices/LPC845/drivers/fsl_clock.c.obj
                0x00001114                CLOCK_SetFroOutClkSrc
 .text.CLOCK_EnableClock
                0x0000115c       0x54 CMakeFiles/new_project.elf.dir/Users/rok/Documents/curso-lse/workspace_lpc845/sdks/clase_03_sdk/devices/LPC845/drivers/fsl_i2c.c.obj
 .text.I2C_MasterEnable
                0x000011b0       0x3c CMakeFiles/new_project.elf.dir/Users/rok/Documents/curso-lse/workspace_lpc845/sdks/clase_03_sdk/devices/LPC845/drivers/fsl_i2c.c.obj
 .text.I2C_GetStatusFlags
                0x000011ec       0x14 CMakeFiles/new_project.elf.dir/Users/rok/Documents/curso-lse/workspace_lpc845/sdks/clase_03_sdk/devices/LPC845/drivers/fsl_i2c.c.obj
 .text.I2C_MasterClearStatusFlags
                0x00001200       0x1c CMakeFiles/new_project.elf.dir/Users/rok/Documents/curso-lse/workspace_lpc845/sdks/clase_03_sdk/devices/LPC845/drivers/fsl_i2c.c.obj
 .text.I2C_GetInstance
                0x0000121c       0x58 CMakeFiles/new_project.elf.dir/Users/rok/Documents/curso-lse/workspace_lpc845/sdks/clase_03_sdk/devices/LPC845/drivers/fsl_i2c.c.obj
                0x0000121c                I2C_GetInstance
 .text.I2C_MasterGetDefaultConfig
                0x00001274       0x34 CMakeFiles/new_project.elf.dir/Users/rok/Documents/curso-lse/workspace_lpc845/sdks/clase_03_sdk/devices/LPC845/drivers/fsl_i2c.c.obj
                0x00001274                I2C_MasterGetDefaultConfig
 .text.I2C_MasterInit
                0x000012a8       0x64 CMakeFiles/new_project.elf.dir/Users/rok/Documents/curso-lse/workspace_lpc845/sdks/clase_03_sdk/devices/LPC845/drivers/fsl_i2c.c.obj
                0x000012a8                I2C_MasterInit
 .text.I2C_MasterSetBaudRate
                0x0000130c       0xcc CMakeFiles/new_project.elf.dir/Users/rok/Documents/curso-lse/workspace_lpc845/sdks/clase_03_sdk/devices/LPC845/drivers/fsl_i2c.c.obj
                0x0000130c                I2C_MasterSetBaudRate
 .text.I2C_PendingStatusWait
                0x000013d8       0x30 CMakeFiles/new_project.elf.dir/Users/rok/Documents/curso-lse/workspace_lpc845/sdks/clase_03_sdk/devices/LPC845/drivers/fsl_i2c.c.obj
 .text.I2C_MasterStart
                0x00001408       0x54 CMakeFiles/new_project.elf.dir/Users/rok/Documents/curso-lse/workspace_lpc845/sdks/clase_03_sdk/devices/LPC845/drivers/fsl_i2c.c.obj
                0x00001408                I2C_MasterStart
 .text.I2C_MasterStop
                0x0000145c       0x30 CMakeFiles/new_project.elf.dir/Users/rok/Documents/curso-lse/workspace_lpc845/sdks/clase_03_sdk/devices/LPC845/drivers/fsl_i2c.c.obj
                0x0000145c                I2C_MasterStop
 .text.I2C_MasterWriteBlocking
                0x0000148c      0x124 CMakeFiles/new_project.elf.dir/Users/rok/Documents/curso-lse/workspace_lpc845/sdks/clase_03_sdk/devices/LPC845/drivers/fsl_i2c.c.obj
                0x0000148c                I2C_MasterWriteBlocking
 .text.I2C_MasterReadBlocking
                0x000015b0      0x104 CMakeFiles/new_project.elf.dir/Users/rok/Documents/curso-lse/workspace_lpc845/sdks/clase_03_sdk/devices/LPC845/drivers/fsl_i2c.c.obj
                0x000015b0                I2C_MasterReadBlocking
 .text.I2C_TransferCommonIRQHandler
                0x000016b4       0x40 CMakeFiles/new_project.elf.dir/Users/rok/Documents/curso-lse/workspace_lpc845/sdks/clase_03_sdk/devices/LPC845/drivers/fsl_i2c.c.obj
 .text.I2C0_DriverIRQHandler
                0x000016f4       0x20 CMakeFiles/new_project.elf.dir/Users/rok/Documents/curso-lse/workspace_lpc845/sdks/clase_03_sdk/devices/LPC845/drivers/fsl_i2c.c.obj
                0x000016f4                I2C0_DriverIRQHandler
 .text.I2C1_DriverIRQHandler
                0x00001714       0x20 CMakeFiles/new_project.elf.dir/Users/rok/Documents/curso-lse/workspace_lpc845/sdks/clase_03_sdk/devices/LPC845/drivers/fsl_i2c.c.obj
                0x00001714                I2C1_DriverIRQHandler
 .text.I2C2_DriverIRQHandler
                0x00001734       0x20 CMakeFiles/new_project.elf.dir/Users/rok/Documents/curso-lse/workspace_lpc845/sdks/clase_03_sdk/devices/LPC845/drivers/fsl_i2c.c.obj
                0x00001734                I2C2_DriverIRQHandler
 .text.USART0_DriverIRQHandler
                0x00001754       0x24 CMakeFiles/new_project.elf.dir/Users/rok/Documents/curso-lse/workspace_lpc845/sdks/clase_03_sdk/devices/LPC845/drivers/fsl_usart.c.obj
                0x00001754                USART0_DriverIRQHandler
 .text.USART1_DriverIRQHandler
                0x00001778       0x24 CMakeFiles/new_project.elf.dir/Users/rok/Documents/curso-lse/workspace_lpc845/sdks/clase_03_sdk/devices/LPC845/drivers/fsl_usart.c.obj
                0x00001778                USART1_DriverIRQHandler
 .text.USART2_DriverIRQHandler
                0x0000179c       0x24 CMakeFiles/new_project.elf.dir/Users/rok/Documents/curso-lse/workspace_lpc845/sdks/clase_03_sdk/devices/LPC845/drivers/fsl_usart.c.obj
                0x0000179c                USART2_DriverIRQHandler
 .text.PIN_INT6_USART3_DriverIRQHandler
                0x000017c0       0x24 CMakeFiles/new_project.elf.dir/Users/rok/Documents/curso-lse/workspace_lpc845/sdks/clase_03_sdk/devices/LPC845/drivers/fsl_usart.c.obj
                0x000017c0                PIN_INT6_USART3_DriverIRQHandler
 .text.PIN_INT7_USART4_DriverIRQHandler
                0x000017e4       0x24 CMakeFiles/new_project.elf.dir/Users/rok/Documents/curso-lse/workspace_lpc845/sdks/clase_03_sdk/devices/LPC845/drivers/fsl_usart.c.obj
                0x000017e4                PIN_INT7_USART4_DriverIRQHandler
 .text.RESET_SetPeripheralReset
                0x00001808       0x7c CMakeFiles/new_project.elf.dir/Users/rok/Documents/curso-lse/workspace_lpc845/sdks/clase_03_sdk/devices/LPC845/drivers/fsl_reset.c.obj
                0x00001808                RESET_SetPeripheralReset
 .text.RESET_ClearPeripheralReset
                0x00001884       0x78 CMakeFiles/new_project.elf.dir/Users/rok/Documents/curso-lse/workspace_lpc845/sdks/clase_03_sdk/devices/LPC845/drivers/fsl_reset.c.obj
                0x00001884                RESET_ClearPeripheralReset
 .text.RESET_PeripheralReset
                0x000018fc       0x20 CMakeFiles/new_project.elf.dir/Users/rok/Documents/curso-lse/workspace_lpc845/sdks/clase_03_sdk/devices/LPC845/drivers/fsl_reset.c.obj
                0x000018fc                RESET_PeripheralReset
 .text.CLOCK_EnableClock
                0x0000191c       0x54 CMakeFiles/new_project.elf.dir/Users/rok/Documents/curso-lse/workspace_lpc845/sdks/clase_03_sdk/devices/LPC845/drivers/fsl_sctimer.c.obj
 .text.SCTIMER_StartTimer
                0x00001970      0x108 CMakeFiles/new_project.elf.dir/Users/rok/Documents/curso-lse/workspace_lpc845/sdks/clase_03_sdk/devices/LPC845/drivers/fsl_sctimer.c.obj
 .text.SCTIMER_StopTimer
                0x00001a78      0x104 CMakeFiles/new_project.elf.dir/Users/rok/Documents/curso-lse/workspace_lpc845/sdks/clase_03_sdk/devices/LPC845/drivers/fsl_sctimer.c.obj
 .text.SCTIMER_SetupOutputSetAction
                0x00001b7c       0x58 CMakeFiles/new_project.elf.dir/Users/rok/Documents/curso-lse/workspace_lpc845/sdks/clase_03_sdk/devices/LPC845/drivers/fsl_sctimer.c.obj
 .text.SCTIMER_SetupOutputClearAction
                0x00001bd4       0x5c CMakeFiles/new_project.elf.dir/Users/rok/Documents/curso-lse/workspace_lpc845/sdks/clase_03_sdk/devices/LPC845/drivers/fsl_sctimer.c.obj
 .text.SCTIMER_SetupCounterLimitAction
                0x00001c30       0xdc CMakeFiles/new_project.elf.dir/Users/rok/Documents/curso-lse/workspace_lpc845/sdks/clase_03_sdk/devices/LPC845/drivers/fsl_sctimer.c.obj
 .text.SCTIMER_GetInstance
                0x00001d0c       0x5c CMakeFiles/new_project.elf.dir/Users/rok/Documents/curso-lse/workspace_lpc845/sdks/clase_03_sdk/devices/LPC845/drivers/fsl_sctimer.c.obj
 .text.SCTIMER_Init
                0x00001d68      0x154 CMakeFiles/new_project.elf.dir/Users/rok/Documents/curso-lse/workspace_lpc845/sdks/clase_03_sdk/devices/LPC845/drivers/fsl_sctimer.c.obj
                0x00001d68                SCTIMER_Init
 .text.SCTIMER_GetDefaultConfig
                0x00001ebc       0x70 CMakeFiles/new_project.elf.dir/Users/rok/Documents/curso-lse/workspace_lpc845/sdks/clase_03_sdk/devices/LPC845/drivers/fsl_sctimer.c.obj
                0x00001ebc                SCTIMER_GetDefaultConfig
 .text.SCTIMER_SetupPwm
                0x00001f2c      0x304 CMakeFiles/new_project.elf.dir/Users/rok/Documents/curso-lse/workspace_lpc845/sdks/clase_03_sdk/devices/LPC845/drivers/fsl_sctimer.c.obj
                0x00001f2c                SCTIMER_SetupPwm
 .text.SCTIMER_UpdatePwmDutycycle
                0x00002230      0x1b8 CMakeFiles/new_project.elf.dir/Users/rok/Documents/curso-lse/workspace_lpc845/sdks/clase_03_sdk/devices/LPC845/drivers/fsl_sctimer.c.obj
                0x00002230                SCTIMER_UpdatePwmDutycycle
 .text.SCTIMER_CreateAndScheduleEvent
                0x000023e8      0x248 CMakeFiles/new_project.elf.dir/Users/rok/Documents/curso-lse/workspace_lpc845/sdks/clase_03_sdk/devices/LPC845/drivers/fsl_sctimer.c.obj
                0x000023e8                SCTIMER_CreateAndScheduleEvent
 .text.SCTIMER_EventHandleIRQ
                0x00002630       0x74 CMakeFiles/new_project.elf.dir/Users/rok/Documents/curso-lse/workspace_lpc845/sdks/clase_03_sdk/devices/LPC845/drivers/fsl_sctimer.c.obj
                0x00002630                SCTIMER_EventHandleIRQ
 .text.SCT0_DriverIRQHandler
                0x000026a4       0x1c CMakeFiles/new_project.elf.dir/Users/rok/Documents/curso-lse/workspace_lpc845/sdks/clase_03_sdk/devices/LPC845/drivers/fsl_sctimer.c.obj
                0x000026a4                SCT0_DriverIRQHandler
 .text.SWM_SetMovablePinSelect
                0x000026c0       0xa8 CMakeFiles/new_project.elf.dir/Users/rok/Documents/curso-lse/workspace_lpc845/sdks/clase_03_sdk/devices/LPC845/drivers/fsl_swm.c.obj
                0x000026c0                SWM_SetMovablePinSelect
 .text.fsl_assert_hook
                0x00002768       0x16 CMakeFiles/new_project.elf.dir/Users/rok/Documents/curso-lse/workspace_lpc845/sdks/clase_03_sdk/devices/LPC845/utilities/debug_console_lite/fsl_assert.c.obj
                0x00002768                fsl_assert_hook
 *fill*         0x0000277e        0x2 
 .text.__assert_func
                0x00002780       0x34 CMakeFiles/new_project.elf.dir/Users/rok/Documents/curso-lse/workspace_lpc845/sdks/clase_03_sdk/devices/LPC845/utilities/debug_console_lite/fsl_assert.c.obj
                0x00002780                __assert_func
 .text.DbgConsole_Printf
                0x000027b4       0x32 CMakeFiles/new_project.elf.dir/Users/rok/Documents/curso-lse/workspace_lpc845/sdks/clase_03_sdk/devices/LPC845/utilities/debug_console_lite/fsl_debug_console.c.obj
                0x000027b4                DbgConsole_Printf
 *fill*         0x000027e6        0x2 
 .text.DbgConsole_Vprintf
                0x000027e8       0x40 CMakeFiles/new_project.elf.dir/Users/rok/Documents/curso-lse/workspace_lpc845/sdks/clase_03_sdk/devices/LPC845/utilities/debug_console_lite/fsl_debug_console.c.obj
                0x000027e8                DbgConsole_Vprintf
 .text.DbgConsole_Putchar
                0x00002828       0x30 CMakeFiles/new_project.elf.dir/Users/rok/Documents/curso-lse/workspace_lpc845/sdks/clase_03_sdk/devices/LPC845/utilities/debug_console_lite/fsl_debug_console.c.obj
                0x00002828                DbgConsole_Putchar
 .text.DbgConsole_PrintfPaddingCharacter
                0x00002858       0x48 CMakeFiles/new_project.elf.dir/Users/rok/Documents/curso-lse/workspace_lpc845/sdks/clase_03_sdk/devices/LPC845/utilities/debug_console_lite/fsl_debug_console.c.obj
 .text.DbgConsole_ConvertRadixNumToString
                0x000028a0       0xc2 CMakeFiles/new_project.elf.dir/Users/rok/Documents/curso-lse/workspace_lpc845/sdks/clase_03_sdk/devices/LPC845/utilities/debug_console_lite/fsl_debug_console.c.obj
 .text.DbgConsole_PrintfFormattedData
                0x00002962      0x3da CMakeFiles/new_project.elf.dir/Users/rok/Documents/curso-lse/workspace_lpc845/sdks/clase_03_sdk/devices/LPC845/utilities/debug_console_lite/fsl_debug_console.c.obj
 .text.__muldi3
                0x00002d3c       0x5c /Users/rok/.mcuxpressotools/arm-gnu-toolchain-13.2.Rel1-darwin-arm64-arm-none-eabi/bin/../lib/gcc/arm-none-eabi/13.2.1/thumb/v6-m/nofp/libgcc.a(_muldi3.o)
                0x00002d3c                __aeabi_lmul
                0x00002d3c                __muldi3
 .text.__fixunssfsi
                0x00002d98       0x30 /Users/rok/.mcuxpressotools/arm-gnu-toolchain-13.2.Rel1-darwin-arm64-arm-none-eabi/bin/../lib/gcc/arm-none-eabi/13.2.1/thumb/v6-m/nofp/libgcc.a(_fixunssfsi.o)
                0x00002d98                __aeabi_f2uiz
                0x00002d98                __fixunssfsi
 .text.__udivmoddi4
                0x00002dc8      0x198 /Users/rok/.mcuxpressotools/arm-gnu-toolchain-13.2.Rel1-darwin-arm64-arm-none-eabi/bin/../lib/gcc/arm-none-eabi/13.2.1/thumb/v6-m/nofp/libgcc.a(_udivmoddi4.o)
                0x00002dc8                __udivmoddi4
 .text.__aeabi_fdiv
                0x00002f60      0x224 /Users/rok/.mcuxpressotools/arm-gnu-toolchain-13.2.Rel1-darwin-arm64-arm-none-eabi/bin/../lib/gcc/arm-none-eabi/13.2.1/thumb/v6-m/nofp/libgcc.a(divsf3.o)
                0x00002f60                __aeabi_fdiv
 .text.__aeabi_fsub
                0x00003184      0x38c /Users/rok/.mcuxpressotools/arm-gnu-toolchain-13.2.Rel1-darwin-arm64-arm-none-eabi/bin/../lib/gcc/arm-none-eabi/13.2.1/thumb/v6-m/nofp/libgcc.a(subsf3.o)
                0x00003184                __aeabi_fsub
 .text.__aeabi_f2iz
                0x00003510       0x40 /Users/rok/.mcuxpressotools/arm-gnu-toolchain-13.2.Rel1-darwin-arm64-arm-none-eabi/bin/../lib/gcc/arm-none-eabi/13.2.1/thumb/v6-m/nofp/libgcc.a(fixsfsi.o)
                0x00003510                __aeabi_f2iz
 .text.__aeabi_ddiv
                0x00003550      0x604 /Users/rok/.mcuxpressotools/arm-gnu-toolchain-13.2.Rel1-darwin-arm64-arm-none-eabi/bin/../lib/gcc/arm-none-eabi/13.2.1/thumb/v6-m/nofp/libgcc.a(divdf3.o)
                0x00003550                __aeabi_ddiv
 .text.__aeabi_i2d
                0x00003b54       0x5c /Users/rok/.mcuxpressotools/arm-gnu-toolchain-13.2.Rel1-darwin-arm64-arm-none-eabi/bin/../lib/gcc/arm-none-eabi/13.2.1/thumb/v6-m/nofp/libgcc.a(floatsidf.o)
                0x00003b54                __aeabi_i2d
 .text.__aeabi_d2f
                0x00003bb0      0x10c /Users/rok/.mcuxpressotools/arm-gnu-toolchain-13.2.Rel1-darwin-arm64-arm-none-eabi/bin/../lib/gcc/arm-none-eabi/13.2.1/thumb/v6-m/nofp/libgcc.a(truncdfsf2.o)
                0x00003bb0                __aeabi_d2f
 .text.__eqsf2  0x00003cbc       0x50 /Users/rok/.mcuxpressotools/arm-gnu-toolchain-13.2.Rel1-darwin-arm64-arm-none-eabi/bin/../lib/gcc/arm-none-eabi/13.2.1/thumb/v6-m/nofp/libgcc.a(eqsf2.o)
                0x00003cbc                __nesf2
                0x00003cbc                __eqsf2
 .text.__gesf2  0x00003d0c       0x94 /Users/rok/.mcuxpressotools/arm-gnu-toolchain-13.2.Rel1-darwin-arm64-arm-none-eabi/bin/../lib/gcc/arm-none-eabi/13.2.1/thumb/v6-m/nofp/libgcc.a(gesf2.o)
                0x00003d0c                __gtsf2
                0x00003d0c                __gesf2
 .text.__lesf2  0x00003da0       0x90 /Users/rok/.mcuxpressotools/arm-gnu-toolchain-13.2.Rel1-darwin-arm64-arm-none-eabi/bin/../lib/gcc/arm-none-eabi/13.2.1/thumb/v6-m/nofp/libgcc.a(lesf2.o)
                0x00003da0                __lesf2
                0x00003da0                __ltsf2
 .text.exit     0x00003e30       0x28 /Users/rok/.mcuxpressotools/arm-gnu-toolchain-13.2.Rel1-darwin-arm64-arm-none-eabi/bin/../lib/gcc/arm-none-eabi/13.2.1/../../../../arm-none-eabi/lib/thumb/v6-m/nofp/libc_nano.a(libc_a-exit.o)
                0x00003e30                exit
 .text.memset   0x00003e58       0x10 /Users/rok/.mcuxpressotools/arm-gnu-toolchain-13.2.Rel1-darwin-arm64-arm-none-eabi/bin/../lib/gcc/arm-none-eabi/13.2.1/../../../../arm-none-eabi/lib/thumb/v6-m/nofp/libc_nano.a(libc_a-memset.o)
                0x00003e58                memset
 .text.__libc_init_array
                0x00003e68       0x48 /Users/rok/.mcuxpressotools/arm-gnu-toolchain-13.2.Rel1-darwin-arm64-arm-none-eabi/bin/../lib/gcc/arm-none-eabi/13.2.1/../../../../arm-none-eabi/lib/thumb/v6-m/nofp/libc_nano.a(libc_a-init.o)
                0x00003e68                __libc_init_array
 .text.memcpy   0x00003eb0       0x12 /Users/rok/.mcuxpressotools/arm-gnu-toolchain-13.2.Rel1-darwin-arm64-arm-none-eabi/bin/../lib/gcc/arm-none-eabi/13.2.1/../../../../arm-none-eabi/lib/thumb/v6-m/nofp/libc_nano.a(libc_a-memcpy-stub.o)
                0x00003eb0                memcpy
 .text._exit    0x00003ec2        0x2 /Users/rok/.mcuxpressotools/arm-gnu-toolchain-13.2.Rel1-darwin-arm64-arm-none-eabi/bin/../lib/gcc/arm-none-eabi/13.2.1/../../../../arm-none-eabi/lib/thumb/v6-m/nofp/libcr_newlib_nohost.a(_exit.o)
                0x00003ec2                _exit
 *(.rodata)
 .rodata        0x00003ec4       0xd7 CMakeFiles/new_project.elf.dir/Users/rok/Documents/curso-lse/workspace_lpc845/clase_03/main.c.obj
 *fill*         0x00003f9b        0x1 
 .rodata        0x00003f9c       0x73 CMakeFiles/new_project.elf.dir/Users/rok/Documents/curso-lse/workspace_lpc845/clase_03/clock_config.c.obj
 *fill*         0x0000400f        0x1 
 .rodata        0x00004010       0xc8 CMakeFiles/new_project.elf.dir/Users/rok/Documents/curso-lse/workspace_lpc845/sdks/clase_03_sdk/devices/LPC845/drivers/fsl_clock.c.obj
 .rodata        0x000040d8      0x124 CMakeFiles/new_project.elf.dir/Users/rok/Documents/curso-lse/workspace_lpc845/sdks/clase_03_sdk/devices/LPC845/drivers/fsl_i2c.c.obj
 .rodata        0x000041fc       0x75 CMakeFiles/new_project.elf.dir/Users/rok/Documents/curso-lse/workspace_lpc845/sdks/clase_03_sdk/devices/LPC845/drivers/fsl_reset.c.obj
 *fill*         0x00004271        0x3 
 .rodata        0x00004274      0x27f CMakeFiles/new_project.elf.dir/Users/rok/Documents/curso-lse/workspace_lpc845/sdks/clase_03_sdk/devices/LPC845/drivers/fsl_sctimer.c.obj
 *fill*         0x000044f3        0x1 
 .rodata        0x000044f4       0x92 CMakeFiles/new_project.elf.dir/Users/rok/Documents/curso-lse/workspace_lpc845/sdks/clase_03_sdk/devices/LPC845/drivers/fsl_swm.c.obj
 *fill*         0x00004586        0x2 
 .rodata        0x00004588       0x3e CMakeFiles/new_project.elf.dir/Users/rok/Documents/curso-lse/workspace_lpc845/sdks/clase_03_sdk/devices/LPC845/utilities/debug_console_lite/fsl_assert.c.obj
 *(.rodata*)
 *fill*         0x000045c6        0x2 
 .rodata.__func__.0
                0x000045c8       0x13 CMakeFiles/new_project.elf.dir/Users/rok/Documents/curso-lse/workspace_lpc845/clase_03/main.c.obj
 *fill*         0x000045db        0x1 
 .rodata.__func__.0
                0x000045dc       0x17 CMakeFiles/new_project.elf.dir/Users/rok/Documents/curso-lse/workspace_lpc845/clase_03/clock_config.c.obj
 *fill*         0x000045f3        0x1 
 .rodata.CLOCK_GetFreq
                0x000045f4       0x24 CMakeFiles/new_project.elf.dir/Users/rok/Documents/curso-lse/workspace_lpc845/sdks/clase_03_sdk/devices/LPC845/drivers/fsl_clock.c.obj
 .rodata.__func__.2
                0x00004618       0x13 CMakeFiles/new_project.elf.dir/Users/rok/Documents/curso-lse/workspace_lpc845/sdks/clase_03_sdk/devices/LPC845/drivers/fsl_clock.c.obj
 *fill*         0x0000462b        0x1 
 .rodata.s_i2cBases
                0x0000462c       0x10 CMakeFiles/new_project.elf.dir/Users/rok/Documents/curso-lse/workspace_lpc845/sdks/clase_03_sdk/devices/LPC845/drivers/fsl_i2c.c.obj
 .rodata.s_i2cClocks
                0x0000463c        0x8 CMakeFiles/new_project.elf.dir/Users/rok/Documents/curso-lse/workspace_lpc845/sdks/clase_03_sdk/devices/LPC845/drivers/fsl_i2c.c.obj
 .rodata.s_i2cResets
                0x00004644       0x10 CMakeFiles/new_project.elf.dir/Users/rok/Documents/curso-lse/workspace_lpc845/sdks/clase_03_sdk/devices/LPC845/drivers/fsl_i2c.c.obj
 .rodata.__func__.12
                0x00004654       0x10 CMakeFiles/new_project.elf.dir/Users/rok/Documents/curso-lse/workspace_lpc845/sdks/clase_03_sdk/devices/LPC845/drivers/fsl_i2c.c.obj
 .rodata.__func__.11
                0x00004664       0x18 CMakeFiles/new_project.elf.dir/Users/rok/Documents/curso-lse/workspace_lpc845/sdks/clase_03_sdk/devices/LPC845/drivers/fsl_i2c.c.obj
 .rodata.__func__.10
                0x0000467c       0x17 CMakeFiles/new_project.elf.dir/Users/rok/Documents/curso-lse/workspace_lpc845/sdks/clase_03_sdk/devices/LPC845/drivers/fsl_i2c.c.obj
 *fill*         0x00004693        0x1 
 .rodata.__func__.1
                0x00004694       0x19 CMakeFiles/new_project.elf.dir/Users/rok/Documents/curso-lse/workspace_lpc845/sdks/clase_03_sdk/devices/LPC845/drivers/fsl_reset.c.obj
 *fill*         0x000046ad        0x3 
 .rodata.__func__.0
                0x000046b0       0x1b CMakeFiles/new_project.elf.dir/Users/rok/Documents/curso-lse/workspace_lpc845/sdks/clase_03_sdk/devices/LPC845/drivers/fsl_reset.c.obj
 *fill*         0x000046cb        0x1 
 .rodata.__func__.10
                0x000046cc       0x14 CMakeFiles/new_project.elf.dir/Users/rok/Documents/curso-lse/workspace_lpc845/sdks/clase_03_sdk/devices/LPC845/drivers/fsl_sctimer.c.obj
 .rodata.__func__.9
                0x000046e0        0xd CMakeFiles/new_project.elf.dir/Users/rok/Documents/curso-lse/workspace_lpc845/sdks/clase_03_sdk/devices/LPC845/drivers/fsl_sctimer.c.obj
 *fill*         0x000046ed        0x3 
 .rodata.__func__.8
                0x000046f0       0x19 CMakeFiles/new_project.elf.dir/Users/rok/Documents/curso-lse/workspace_lpc845/sdks/clase_03_sdk/devices/LPC845/drivers/fsl_sctimer.c.obj
 *fill*         0x00004709        0x3 
 .rodata.__func__.7
                0x0000470c       0x11 CMakeFiles/new_project.elf.dir/Users/rok/Documents/curso-lse/workspace_lpc845/sdks/clase_03_sdk/devices/LPC845/drivers/fsl_sctimer.c.obj
 *fill*         0x0000471d        0x3 
 .rodata.__func__.6
                0x00004720       0x20 CMakeFiles/new_project.elf.dir/Users/rok/Documents/curso-lse/workspace_lpc845/sdks/clase_03_sdk/devices/LPC845/drivers/fsl_sctimer.c.obj
 .rodata.__func__.5
                0x00004740       0x1f CMakeFiles/new_project.elf.dir/Users/rok/Documents/curso-lse/workspace_lpc845/sdks/clase_03_sdk/devices/LPC845/drivers/fsl_sctimer.c.obj
 *fill*         0x0000475f        0x1 
 .rodata.__func__.4
                0x00004760       0x1d CMakeFiles/new_project.elf.dir/Users/rok/Documents/curso-lse/workspace_lpc845/sdks/clase_03_sdk/devices/LPC845/drivers/fsl_sctimer.c.obj
 *fill*         0x0000477d        0x3 
 .rodata.__func__.3
                0x00004780       0x1b CMakeFiles/new_project.elf.dir/Users/rok/Documents/curso-lse/workspace_lpc845/sdks/clase_03_sdk/devices/LPC845/drivers/fsl_sctimer.c.obj
 *fill*         0x0000479b        0x1 
 .rodata.__func__.2
                0x0000479c       0x12 CMakeFiles/new_project.elf.dir/Users/rok/Documents/curso-lse/workspace_lpc845/sdks/clase_03_sdk/devices/LPC845/drivers/fsl_sctimer.c.obj
 *fill*         0x000047ae        0x2 
 .rodata.__func__.1
                0x000047b0       0x13 CMakeFiles/new_project.elf.dir/Users/rok/Documents/curso-lse/workspace_lpc845/sdks/clase_03_sdk/devices/LPC845/drivers/fsl_sctimer.c.obj
 *fill*         0x000047c3        0x1 
 .rodata.__func__.1
                0x000047c4       0x18 CMakeFiles/new_project.elf.dir/Users/rok/Documents/curso-lse/workspace_lpc845/sdks/clase_03_sdk/devices/LPC845/drivers/fsl_swm.c.obj
 .rodata.__aeabi_fdiv
                0x000047dc       0x7c /Users/rok/.mcuxpressotools/arm-gnu-toolchain-13.2.Rel1-darwin-arm64-arm-none-eabi/bin/../lib/gcc/arm-none-eabi/13.2.1/thumb/v6-m/nofp/libgcc.a(divsf3.o)
 .rodata.__aeabi_ddiv
                0x00004858       0x40 /Users/rok/.mcuxpressotools/arm-gnu-toolchain-13.2.Rel1-darwin-arm64-arm-none-eabi/bin/../lib/gcc/arm-none-eabi/13.2.1/thumb/v6-m/nofp/libgcc.a(divdf3.o)
 *(.glue_7)
 .glue_7        0x00004898        0x0 linker stubs
 *(.glue_7t)
 .glue_7t       0x00004898        0x0 linker stubs
 *(.eh_frame)
 .eh_frame      0x00004898        0x0 /Users/rok/.mcuxpressotools/arm-gnu-toolchain-13.2.Rel1-darwin-arm64-arm-none-eabi/bin/../lib/gcc/arm-none-eabi/13.2.1/thumb/v6-m/nofp/crtbegin.o
 *(.init)
 .init          0x00004898        0x4 /Users/rok/.mcuxpressotools/arm-gnu-toolchain-13.2.Rel1-darwin-arm64-arm-none-eabi/bin/../lib/gcc/arm-none-eabi/13.2.1/thumb/v6-m/nofp/crti.o
                0x00004898                _init
 .init          0x0000489c        0x8 /Users/rok/.mcuxpressotools/arm-gnu-toolchain-13.2.Rel1-darwin-arm64-arm-none-eabi/bin/../lib/gcc/arm-none-eabi/13.2.1/thumb/v6-m/nofp/crtn.o
 *(.fini)
 .fini          0x000048a4        0x4 /Users/rok/.mcuxpressotools/arm-gnu-toolchain-13.2.Rel1-darwin-arm64-arm-none-eabi/bin/../lib/gcc/arm-none-eabi/13.2.1/thumb/v6-m/nofp/crti.o
                0x000048a4                _fini
 .fini          0x000048a8        0x8 /Users/rok/.mcuxpressotools/arm-gnu-toolchain-13.2.Rel1-darwin-arm64-arm-none-eabi/bin/../lib/gcc/arm-none-eabi/13.2.1/thumb/v6-m/nofp/crtn.o
                0x000048b0                        . = ALIGN (0x4)

.vfp11_veneer   0x000048b0        0x0
 .vfp11_veneer  0x000048b0        0x0 linker stubs

.v4_bx          0x000048b0        0x0
 .v4_bx         0x000048b0        0x0 linker stubs

.iplt           0x000048b0        0x0
 .iplt          0x000048b0        0x0 /Users/rok/.mcuxpressotools/arm-gnu-toolchain-13.2.Rel1-darwin-arm64-arm-none-eabi/bin/../lib/gcc/arm-none-eabi/13.2.1/thumb/v6-m/nofp/crtbegin.o

.ARM.extab
 *(.ARM.extab* .gnu.linkonce.armextab.*)

.ARM            0x000048b0        0x8
                0x000048b0                        __exidx_start = .
 *(.ARM.exidx*)
 .ARM.exidx     0x000048b0        0x8 /Users/rok/.mcuxpressotools/arm-gnu-toolchain-13.2.Rel1-darwin-arm64-arm-none-eabi/bin/../lib/gcc/arm-none-eabi/13.2.1/../../../../arm-none-eabi/lib/thumb/v6-m/nofp/crt0.o
                                 0x10 (size before relaxing)
 .ARM.exidx.text.__udivmoddi4
                0x000048b8        0x0 /Users/rok/.mcuxpressotools/arm-gnu-toolchain-13.2.Rel1-darwin-arm64-arm-none-eabi/bin/../lib/gcc/arm-none-eabi/13.2.1/thumb/v6-m/nofp/libgcc.a(_udivmoddi4.o)
                                  0x8 (size before relaxing)
                0x000048b8                        __exidx_end = .

.rel.dyn        0x000048b8        0x0
 .rel.iplt      0x000048b8        0x0 /Users/rok/.mcuxpressotools/arm-gnu-toolchain-13.2.Rel1-darwin-arm64-arm-none-eabi/bin/../lib/gcc/arm-none-eabi/13.2.1/thumb/v6-m/nofp/crtbegin.o

.ctors          0x000048b8        0x0
                0x000048b8                        __CTOR_LIST__ = .
 *crtbegin.o(.ctors)
 *crtbegin?.o(.ctors)
 *(EXCLUDE_FILE(*crtend.o *crtend?.o) .ctors)
 *(SORT_BY_NAME(.ctors.*))
 *(.ctors)
                0x000048b8                        __CTOR_END__ = .

.dtors          0x000048b8        0x0
                0x000048b8                        __DTOR_LIST__ = .
 *crtbegin.o(.dtors)
 *crtbegin?.o(.dtors)
 *(EXCLUDE_FILE(*crtend.o *crtend?.o) .dtors)
 *(SORT_BY_NAME(.dtors.*))
 *(.dtors)
                0x000048b8                        __DTOR_END__ = .

.preinit_array  0x000048b8        0x0
                0x000048b8                        PROVIDE (__preinit_array_start = .)
 *(.preinit_array*)
                0x000048b8                        PROVIDE (__preinit_array_end = .)

.init_array     0x000048b8        0x4
                0x000048b8                        PROVIDE (__init_array_start = .)
 *(SORT_BY_NAME(.init_array.*))
 *(.init_array*)
 .init_array    0x000048b8        0x4 /Users/rok/.mcuxpressotools/arm-gnu-toolchain-13.2.Rel1-darwin-arm64-arm-none-eabi/bin/../lib/gcc/arm-none-eabi/13.2.1/thumb/v6-m/nofp/crtbegin.o
                0x000048bc                        PROVIDE (__init_array_end = .)

.fini_array     0x000048bc        0x4
                [!provide]                        PROVIDE (__fini_array_start = .)
 *(SORT_BY_NAME(.fini_array.*))
 *(.fini_array*)
 .fini_array    0x000048bc        0x4 /Users/rok/.mcuxpressotools/arm-gnu-toolchain-13.2.Rel1-darwin-arm64-arm-none-eabi/bin/../lib/gcc/arm-none-eabi/13.2.1/thumb/v6-m/nofp/crtbegin.o
                [!provide]                        PROVIDE (__fini_array_end = .)
                0x000048c0                        __etext = .
                0x000048c0                        __DATA_ROM = .

.data           0x10000000        0x4 load address 0x000048c0
                0x10000000                        . = ALIGN (0x4)
                0x10000000                        __DATA_RAM = .
                0x10000000                        __data_start__ = .
 *(.ramfunc*)
 *(.data)
 *(.data*)
 .data.SystemCoreClock
                0x10000000        0x4 CMakeFiles/new_project.elf.dir/Users/rok/Documents/curso-lse/workspace_lpc845/sdks/clase_03_sdk/devices/LPC845/system_LPC845.c.obj
                0x10000000                SystemCoreClock
 *(.jcr*)
                0x10000004                        . = ALIGN (0x4)
                0x10000004                        __data_end__ = .
                0x000048c4                        __DATA_END = (__DATA_ROM + (__data_end__ - __data_start__))
                0x00010000                        text_end = (ORIGIN (m_text) + LENGTH (m_text))
                0x00000001                        ASSERT ((__DATA_END <= text_end), region m_text overflowed with text and data)

.tm_clone_table
                0x10000004        0x0 load address 0x000048c4
 .tm_clone_table
                0x10000004        0x0 /Users/rok/.mcuxpressotools/arm-gnu-toolchain-13.2.Rel1-darwin-arm64-arm-none-eabi/bin/../lib/gcc/arm-none-eabi/13.2.1/thumb/v6-m/nofp/crtbegin.o
 .tm_clone_table
                0x10000004        0x0 /Users/rok/.mcuxpressotools/arm-gnu-toolchain-13.2.Rel1-darwin-arm64-arm-none-eabi/bin/../lib/gcc/arm-none-eabi/13.2.1/thumb/v6-m/nofp/crtend.o

.igot.plt       0x10000004        0x0 load address 0x000048c4
 .igot.plt      0x10000004        0x0 /Users/rok/.mcuxpressotools/arm-gnu-toolchain-13.2.Rel1-darwin-arm64-arm-none-eabi/bin/../lib/gcc/arm-none-eabi/13.2.1/thumb/v6-m/nofp/crtbegin.o

.bss            0x10000004       0xa0 load address 0x000048c4
                0x10000004                        . = ALIGN (0x4)
                0x10000004                        __START_BSS = .
                0x10000004                        __bss_start__ = .
 *(.bss)
 *(.bss*)
 .bss.completed.1
                0x10000004        0x1 /Users/rok/.mcuxpressotools/arm-gnu-toolchain-13.2.Rel1-darwin-arm64-arm-none-eabi/bin/../lib/gcc/arm-none-eabi/13.2.1/thumb/v6-m/nofp/crtbegin.o
 *fill*         0x10000005        0x3 
 .bss.object.0  0x10000008       0x18 /Users/rok/.mcuxpressotools/arm-gnu-toolchain-13.2.Rel1-darwin-arm64-arm-none-eabi/bin/../lib/gcc/arm-none-eabi/13.2.1/thumb/v6-m/nofp/crtbegin.o
 .bss.g_Ext_Clk_Freq
                0x10000020        0x4 CMakeFiles/new_project.elf.dir/Users/rok/Documents/curso-lse/workspace_lpc845/sdks/clase_03_sdk/devices/LPC845/drivers/fsl_clock.c.obj
                0x10000020                g_Ext_Clk_Freq
 .bss.g_Wdt_Osc_Freq
                0x10000024        0x4 CMakeFiles/new_project.elf.dir/Users/rok/Documents/curso-lse/workspace_lpc845/sdks/clase_03_sdk/devices/LPC845/drivers/fsl_clock.c.obj
                0x10000024                g_Wdt_Osc_Freq
 .bss.s_i2cHandle
                0x10000028       0x10 CMakeFiles/new_project.elf.dir/Users/rok/Documents/curso-lse/workspace_lpc845/sdks/clase_03_sdk/devices/LPC845/drivers/fsl_i2c.c.obj
 .bss.s_i2cMasterIsr
                0x10000038        0x4 CMakeFiles/new_project.elf.dir/Users/rok/Documents/curso-lse/workspace_lpc845/sdks/clase_03_sdk/devices/LPC845/drivers/fsl_i2c.c.obj
 .bss.s_i2cSlaveIsr
                0x1000003c        0x4 CMakeFiles/new_project.elf.dir/Users/rok/Documents/curso-lse/workspace_lpc845/sdks/clase_03_sdk/devices/LPC845/drivers/fsl_i2c.c.obj
 .bss.s_usartHandle
                0x10000040       0x14 CMakeFiles/new_project.elf.dir/Users/rok/Documents/curso-lse/workspace_lpc845/sdks/clase_03_sdk/devices/LPC845/drivers/fsl_usart.c.obj
 .bss.s_usartIsr
                0x10000054        0x4 CMakeFiles/new_project.elf.dir/Users/rok/Documents/curso-lse/workspace_lpc845/sdks/clase_03_sdk/devices/LPC845/drivers/fsl_usart.c.obj
 .bss.s_eventCallback
                0x10000058       0x20 CMakeFiles/new_project.elf.dir/Users/rok/Documents/curso-lse/workspace_lpc845/sdks/clase_03_sdk/devices/LPC845/drivers/fsl_sctimer.c.obj
 .bss.s_currentEvent
                0x10000078        0x4 CMakeFiles/new_project.elf.dir/Users/rok/Documents/curso-lse/workspace_lpc845/sdks/clase_03_sdk/devices/LPC845/drivers/fsl_sctimer.c.obj
 .bss.s_currentState
                0x1000007c        0x4 CMakeFiles/new_project.elf.dir/Users/rok/Documents/curso-lse/workspace_lpc845/sdks/clase_03_sdk/devices/LPC845/drivers/fsl_sctimer.c.obj
 .bss.s_currentMatch
                0x10000080        0x4 CMakeFiles/new_project.elf.dir/Users/rok/Documents/curso-lse/workspace_lpc845/sdks/clase_03_sdk/devices/LPC845/drivers/fsl_sctimer.c.obj
 .bss.s_currentMatchhigh
                0x10000084        0x4 CMakeFiles/new_project.elf.dir/Users/rok/Documents/curso-lse/workspace_lpc845/sdks/clase_03_sdk/devices/LPC845/drivers/fsl_sctimer.c.obj
 .bss.s_sctimerIsr
                0x10000088        0x4 CMakeFiles/new_project.elf.dir/Users/rok/Documents/curso-lse/workspace_lpc845/sdks/clase_03_sdk/devices/LPC845/drivers/fsl_sctimer.c.obj
 .bss.s_debugConsole
                0x1000008c       0x14 CMakeFiles/new_project.elf.dir/Users/rok/Documents/curso-lse/workspace_lpc845/sdks/clase_03_sdk/devices/LPC845/utilities/debug_console_lite/fsl_debug_console.c.obj
 .bss.__stdio_exit_handler
                0x100000a0        0x4 /Users/rok/.mcuxpressotools/arm-gnu-toolchain-13.2.Rel1-darwin-arm64-arm-none-eabi/bin/../lib/gcc/arm-none-eabi/13.2.1/../../../../arm-none-eabi/lib/thumb/v6-m/nofp/libc_nano.a(libc_a-findfp.o)
                0x100000a0                __stdio_exit_handler
 *(COMMON)
                0x100000a4                        . = ALIGN (0x4)
                0x100000a4                        __bss_end__ = .
                0x100000a4                        __END_BSS = .

.heap           0x100000a4      0x404 load address 0x00004964
                0x100000a8                        . = ALIGN (0x8)
 *fill*         0x100000a4        0x4 
                0x100000a8                        __end__ = .
                0x100000a8                        PROVIDE (end = .)
                0x100000a8                        __HeapBase = .
                0x100004a8                        . = (. + HEAP_SIZE)
 *fill*         0x100000a8      0x400 
                0x100004a8                        __HeapLimit = .
                0x100004a8                        __heap_limit = .

.stack          0x100004a8      0x800 load address 0x00004d68
                0x100004a8                        . = ALIGN (0x8)
                0x10000ca8                        . = (. + STACK_SIZE)
 *fill*         0x100004a8      0x800 
                0x10003fe0                        __StackTop = (ORIGIN (m_data) + LENGTH (m_data))
                0x100037e0                        __StackLimit = (__StackTop - STACK_SIZE)
                0x10003fe0                        PROVIDE (__stack = __StackTop)

.ARM.attributes
                0x00000000       0x28
 *(.ARM.attributes)
 .ARM.attributes
                0x00000000       0x1e /Users/rok/.mcuxpressotools/arm-gnu-toolchain-13.2.Rel1-darwin-arm64-arm-none-eabi/bin/../lib/gcc/arm-none-eabi/13.2.1/thumb/v6-m/nofp/crti.o
 .ARM.attributes
                0x0000001e       0x2c /Users/rok/.mcuxpressotools/arm-gnu-toolchain-13.2.Rel1-darwin-arm64-arm-none-eabi/bin/../lib/gcc/arm-none-eabi/13.2.1/thumb/v6-m/nofp/crtbegin.o
 .ARM.attributes
                0x0000004a       0x1b /Users/rok/.mcuxpressotools/arm-gnu-toolchain-13.2.Rel1-darwin-arm64-arm-none-eabi/bin/../lib/gcc/arm-none-eabi/13.2.1/../../../../arm-none-eabi/lib/thumb/v6-m/nofp/crt0.o
 .ARM.attributes
                0x00000065       0x2c CMakeFiles/new_project.elf.dir/Users/rok/Documents/curso-lse/workspace_lpc845/clase_03/main.c.obj
 .ARM.attributes
                0x00000091       0x2c CMakeFiles/new_project.elf.dir/Users/rok/Documents/curso-lse/workspace_lpc845/clase_03/clock_config.c.obj
 .ARM.attributes
                0x000000bd       0x1b CMakeFiles/new_project.elf.dir/Users/rok/Documents/curso-lse/workspace_lpc845/sdks/clase_03_sdk/devices/LPC845/gcc/startup_LPC845.S.obj
 .ARM.attributes
                0x000000d8       0x2c CMakeFiles/new_project.elf.dir/Users/rok/Documents/curso-lse/workspace_lpc845/sdks/clase_03_sdk/devices/LPC845/system_LPC845.c.obj
 .ARM.attributes
                0x00000104       0x2c CMakeFiles/new_project.elf.dir/Users/rok/Documents/curso-lse/workspace_lpc845/sdks/clase_03_sdk/devices/LPC845/drivers/fsl_clock.c.obj
 .ARM.attributes
                0x00000130       0x2c CMakeFiles/new_project.elf.dir/Users/rok/Documents/curso-lse/workspace_lpc845/sdks/clase_03_sdk/devices/LPC845/drivers/fsl_i2c.c.obj
 .ARM.attributes
                0x0000015c       0x2c CMakeFiles/new_project.elf.dir/Users/rok/Documents/curso-lse/workspace_lpc845/sdks/clase_03_sdk/devices/LPC845/drivers/fsl_usart.c.obj
 .ARM.attributes
                0x00000188       0x2c CMakeFiles/new_project.elf.dir/Users/rok/Documents/curso-lse/workspace_lpc845/sdks/clase_03_sdk/devices/LPC845/drivers/fsl_reset.c.obj
 .ARM.attributes
                0x000001b4       0x2c CMakeFiles/new_project.elf.dir/Users/rok/Documents/curso-lse/workspace_lpc845/sdks/clase_03_sdk/devices/LPC845/drivers/fsl_sctimer.c.obj
 .ARM.attributes
                0x000001e0       0x2c CMakeFiles/new_project.elf.dir/Users/rok/Documents/curso-lse/workspace_lpc845/sdks/clase_03_sdk/devices/LPC845/drivers/fsl_swm.c.obj
 .ARM.attributes
                0x0000020c       0x2c CMakeFiles/new_project.elf.dir/Users/rok/Documents/curso-lse/workspace_lpc845/sdks/clase_03_sdk/devices/LPC845/utilities/debug_console_lite/fsl_assert.c.obj
 .ARM.attributes
                0x00000238       0x2c CMakeFiles/new_project.elf.dir/Users/rok/Documents/curso-lse/workspace_lpc845/sdks/clase_03_sdk/devices/LPC845/utilities/debug_console_lite/fsl_debug_console.c.obj
 .ARM.attributes
                0x00000264       0x1e /Users/rok/.mcuxpressotools/arm-gnu-toolchain-13.2.Rel1-darwin-arm64-arm-none-eabi/bin/../lib/gcc/arm-none-eabi/13.2.1/thumb/v6-m/nofp/libgcc.a(_udivsi3.o)
 .ARM.attributes
                0x00000282       0x1e /Users/rok/.mcuxpressotools/arm-gnu-toolchain-13.2.Rel1-darwin-arm64-arm-none-eabi/bin/../lib/gcc/arm-none-eabi/13.2.1/thumb/v6-m/nofp/libgcc.a(_dvmd_tls.o)
 .ARM.attributes
                0x000002a0       0x1e /Users/rok/.mcuxpressotools/arm-gnu-toolchain-13.2.Rel1-darwin-arm64-arm-none-eabi/bin/../lib/gcc/arm-none-eabi/13.2.1/thumb/v6-m/nofp/libgcc.a(_aeabi_uldivmod.o)
 .ARM.attributes
                0x000002be       0x2c /Users/rok/.mcuxpressotools/arm-gnu-toolchain-13.2.Rel1-darwin-arm64-arm-none-eabi/bin/../lib/gcc/arm-none-eabi/13.2.1/thumb/v6-m/nofp/libgcc.a(_muldi3.o)
 .ARM.attributes
                0x000002ea       0x2c /Users/rok/.mcuxpressotools/arm-gnu-toolchain-13.2.Rel1-darwin-arm64-arm-none-eabi/bin/../lib/gcc/arm-none-eabi/13.2.1/thumb/v6-m/nofp/libgcc.a(_fixunssfsi.o)
 .ARM.attributes
                0x00000316       0x2c /Users/rok/.mcuxpressotools/arm-gnu-toolchain-13.2.Rel1-darwin-arm64-arm-none-eabi/bin/../lib/gcc/arm-none-eabi/13.2.1/thumb/v6-m/nofp/libgcc.a(_udivmoddi4.o)
 .ARM.attributes
                0x00000342       0x2c /Users/rok/.mcuxpressotools/arm-gnu-toolchain-13.2.Rel1-darwin-arm64-arm-none-eabi/bin/../lib/gcc/arm-none-eabi/13.2.1/thumb/v6-m/nofp/libgcc.a(divsf3.o)
 .ARM.attributes
                0x0000036e       0x2c /Users/rok/.mcuxpressotools/arm-gnu-toolchain-13.2.Rel1-darwin-arm64-arm-none-eabi/bin/../lib/gcc/arm-none-eabi/13.2.1/thumb/v6-m/nofp/libgcc.a(subsf3.o)
 .ARM.attributes
                0x0000039a       0x2c /Users/rok/.mcuxpressotools/arm-gnu-toolchain-13.2.Rel1-darwin-arm64-arm-none-eabi/bin/../lib/gcc/arm-none-eabi/13.2.1/thumb/v6-m/nofp/libgcc.a(fixsfsi.o)
 .ARM.attributes
                0x000003c6       0x2c /Users/rok/.mcuxpressotools/arm-gnu-toolchain-13.2.Rel1-darwin-arm64-arm-none-eabi/bin/../lib/gcc/arm-none-eabi/13.2.1/thumb/v6-m/nofp/libgcc.a(divdf3.o)
 .ARM.attributes
                0x000003f2       0x2c /Users/rok/.mcuxpressotools/arm-gnu-toolchain-13.2.Rel1-darwin-arm64-arm-none-eabi/bin/../lib/gcc/arm-none-eabi/13.2.1/thumb/v6-m/nofp/libgcc.a(floatsidf.o)
 .ARM.attributes
                0x0000041e       0x2c /Users/rok/.mcuxpressotools/arm-gnu-toolchain-13.2.Rel1-darwin-arm64-arm-none-eabi/bin/../lib/gcc/arm-none-eabi/13.2.1/thumb/v6-m/nofp/libgcc.a(truncdfsf2.o)
 .ARM.attributes
                0x0000044a       0x1e /Users/rok/.mcuxpressotools/arm-gnu-toolchain-13.2.Rel1-darwin-arm64-arm-none-eabi/bin/../lib/gcc/arm-none-eabi/13.2.1/thumb/v6-m/nofp/libgcc.a(_arm_cmpsf2.o)
 .ARM.attributes
                0x00000468       0x1e /Users/rok/.mcuxpressotools/arm-gnu-toolchain-13.2.Rel1-darwin-arm64-arm-none-eabi/bin/../lib/gcc/arm-none-eabi/13.2.1/thumb/v6-m/nofp/libgcc.a(_clzsi2.o)
 .ARM.attributes
                0x00000486       0x1e /Users/rok/.mcuxpressotools/arm-gnu-toolchain-13.2.Rel1-darwin-arm64-arm-none-eabi/bin/../lib/gcc/arm-none-eabi/13.2.1/thumb/v6-m/nofp/libgcc.a(_clzdi2.o)
 .ARM.attributes
                0x000004a4       0x2c /Users/rok/.mcuxpressotools/arm-gnu-toolchain-13.2.Rel1-darwin-arm64-arm-none-eabi/bin/../lib/gcc/arm-none-eabi/13.2.1/thumb/v6-m/nofp/libgcc.a(eqsf2.o)
 .ARM.attributes
                0x000004d0       0x2c /Users/rok/.mcuxpressotools/arm-gnu-toolchain-13.2.Rel1-darwin-arm64-arm-none-eabi/bin/../lib/gcc/arm-none-eabi/13.2.1/thumb/v6-m/nofp/libgcc.a(gesf2.o)
 .ARM.attributes
                0x000004fc       0x2c /Users/rok/.mcuxpressotools/arm-gnu-toolchain-13.2.Rel1-darwin-arm64-arm-none-eabi/bin/../lib/gcc/arm-none-eabi/13.2.1/thumb/v6-m/nofp/libgcc.a(lesf2.o)
 .ARM.attributes
                0x00000528       0x2c /Users/rok/.mcuxpressotools/arm-gnu-toolchain-13.2.Rel1-darwin-arm64-arm-none-eabi/bin/../lib/gcc/arm-none-eabi/13.2.1/../../../../arm-none-eabi/lib/thumb/v6-m/nofp/libc_nano.a(libc_a-exit.o)
 .ARM.attributes
                0x00000554       0x2c /Users/rok/.mcuxpressotools/arm-gnu-toolchain-13.2.Rel1-darwin-arm64-arm-none-eabi/bin/../lib/gcc/arm-none-eabi/13.2.1/../../../../arm-none-eabi/lib/thumb/v6-m/nofp/libc_nano.a(libc_a-findfp.o)
 .ARM.attributes
                0x00000580       0x2c /Users/rok/.mcuxpressotools/arm-gnu-toolchain-13.2.Rel1-darwin-arm64-arm-none-eabi/bin/../lib/gcc/arm-none-eabi/13.2.1/../../../../arm-none-eabi/lib/thumb/v6-m/nofp/libc_nano.a(libc_a-memset.o)
 .ARM.attributes
                0x000005ac       0x2c /Users/rok/.mcuxpressotools/arm-gnu-toolchain-13.2.Rel1-darwin-arm64-arm-none-eabi/bin/../lib/gcc/arm-none-eabi/13.2.1/../../../../arm-none-eabi/lib/thumb/v6-m/nofp/libc_nano.a(libc_a-init.o)
 .ARM.attributes
                0x000005d8       0x2c /Users/rok/.mcuxpressotools/arm-gnu-toolchain-13.2.Rel1-darwin-arm64-arm-none-eabi/bin/../lib/gcc/arm-none-eabi/13.2.1/../../../../arm-none-eabi/lib/thumb/v6-m/nofp/libc_nano.a(libc_a-memcpy-stub.o)
 .ARM.attributes
                0x00000604       0x1c /Users/rok/.mcuxpressotools/arm-gnu-toolchain-13.2.Rel1-darwin-arm64-arm-none-eabi/bin/../lib/gcc/arm-none-eabi/13.2.1/../../../../arm-none-eabi/lib/thumb/v6-m/nofp/libc_nano.a(libc_a-strlen.o)
 .ARM.attributes
                0x00000620       0x2c /Users/rok/.mcuxpressotools/arm-gnu-toolchain-13.2.Rel1-darwin-arm64-arm-none-eabi/bin/../lib/gcc/arm-none-eabi/13.2.1/../../../../arm-none-eabi/lib/thumb/v6-m/nofp/libcr_newlib_nohost.a(_exit.o)
 .ARM.attributes
                0x0000064c       0x2c /Users/rok/.mcuxpressotools/arm-gnu-toolchain-13.2.Rel1-darwin-arm64-arm-none-eabi/bin/../lib/gcc/arm-none-eabi/13.2.1/thumb/v6-m/nofp/crtend.o
 .ARM.attributes
                0x00000678       0x1e /Users/rok/.mcuxpressotools/arm-gnu-toolchain-13.2.Rel1-darwin-arm64-arm-none-eabi/bin/../lib/gcc/arm-none-eabi/13.2.1/thumb/v6-m/nofp/crtn.o
                0x00000001                        ASSERT ((__StackLimit >= __HeapLimit), region m_data overflowed with stack and heap)
OUTPUT(new_project.elf elf32-littlearm)
LOAD linker stubs

.debug_line_str
                0x00000000      0x355
 .debug_line_str
                0x00000000      0x355 /Users/rok/.mcuxpressotools/arm-gnu-toolchain-13.2.Rel1-darwin-arm64-arm-none-eabi/bin/../lib/gcc/arm-none-eabi/13.2.1/../../../../arm-none-eabi/lib/thumb/v6-m/nofp/crt0.o
                                 0xdb (size before relaxing)
 .debug_line_str
                0x00000355       0xac CMakeFiles/new_project.elf.dir/Users/rok/Documents/curso-lse/workspace_lpc845/sdks/clase_03_sdk/devices/LPC845/gcc/startup_LPC845.S.obj
 .debug_line_str
                0x00000355       0xd2 /Users/rok/.mcuxpressotools/arm-gnu-toolchain-13.2.Rel1-darwin-arm64-arm-none-eabi/bin/../lib/gcc/arm-none-eabi/13.2.1/thumb/v6-m/nofp/libgcc.a(_udivsi3.o)
 .debug_line_str
                0x00000355       0xd2 /Users/rok/.mcuxpressotools/arm-gnu-toolchain-13.2.Rel1-darwin-arm64-arm-none-eabi/bin/../lib/gcc/arm-none-eabi/13.2.1/thumb/v6-m/nofp/libgcc.a(_dvmd_tls.o)
 .debug_line_str
                0x00000355       0xd2 /Users/rok/.mcuxpressotools/arm-gnu-toolchain-13.2.Rel1-darwin-arm64-arm-none-eabi/bin/../lib/gcc/arm-none-eabi/13.2.1/thumb/v6-m/nofp/libgcc.a(_aeabi_uldivmod.o)
 .debug_line_str
                0x00000355       0xd2 /Users/rok/.mcuxpressotools/arm-gnu-toolchain-13.2.Rel1-darwin-arm64-arm-none-eabi/bin/../lib/gcc/arm-none-eabi/13.2.1/thumb/v6-m/nofp/libgcc.a(_arm_cmpsf2.o)
 .debug_line_str
                0x00000355       0xd2 /Users/rok/.mcuxpressotools/arm-gnu-toolchain-13.2.Rel1-darwin-arm64-arm-none-eabi/bin/../lib/gcc/arm-none-eabi/13.2.1/thumb/v6-m/nofp/libgcc.a(_clzsi2.o)
 .debug_line_str
                0x00000355       0xd2 /Users/rok/.mcuxpressotools/arm-gnu-toolchain-13.2.Rel1-darwin-arm64-arm-none-eabi/bin/../lib/gcc/arm-none-eabi/13.2.1/thumb/v6-m/nofp/libgcc.a(_clzdi2.o)
 .debug_line_str
                0x00000355       0xf0 /Users/rok/.mcuxpressotools/arm-gnu-toolchain-13.2.Rel1-darwin-arm64-arm-none-eabi/bin/../lib/gcc/arm-none-eabi/13.2.1/../../../../arm-none-eabi/lib/thumb/v6-m/nofp/libc_nano.a(libc_a-strlen.o)

.debug_info     0x00000000     0xc11e
 .debug_info    0x00000000     0x1ac6 CMakeFiles/new_project.elf.dir/Users/rok/Documents/curso-lse/workspace_lpc845/clase_03/main.c.obj
 .debug_info    0x00001ac6      0xa3e CMakeFiles/new_project.elf.dir/Users/rok/Documents/curso-lse/workspace_lpc845/clase_03/clock_config.c.obj
 .debug_info    0x00002504      0x37b CMakeFiles/new_project.elf.dir/Users/rok/Documents/curso-lse/workspace_lpc845/sdks/clase_03_sdk/devices/LPC845/gcc/startup_LPC845.S.obj
 .debug_info    0x0000287f      0x60e CMakeFiles/new_project.elf.dir/Users/rok/Documents/curso-lse/workspace_lpc845/sdks/clase_03_sdk/devices/LPC845/system_LPC845.c.obj
 .debug_info    0x00002e8d     0x12f9 CMakeFiles/new_project.elf.dir/Users/rok/Documents/curso-lse/workspace_lpc845/sdks/clase_03_sdk/devices/LPC845/drivers/fsl_clock.c.obj
 .debug_info    0x00004186     0x272b CMakeFiles/new_project.elf.dir/Users/rok/Documents/curso-lse/workspace_lpc845/sdks/clase_03_sdk/devices/LPC845/drivers/fsl_i2c.c.obj
 .debug_info    0x000068b1     0x1dce CMakeFiles/new_project.elf.dir/Users/rok/Documents/curso-lse/workspace_lpc845/sdks/clase_03_sdk/devices/LPC845/drivers/fsl_usart.c.obj
 .debug_info    0x0000867f      0x719 CMakeFiles/new_project.elf.dir/Users/rok/Documents/curso-lse/workspace_lpc845/sdks/clase_03_sdk/devices/LPC845/drivers/fsl_reset.c.obj
 .debug_info    0x00008d98     0x1d80 CMakeFiles/new_project.elf.dir/Users/rok/Documents/curso-lse/workspace_lpc845/sdks/clase_03_sdk/devices/LPC845/drivers/fsl_sctimer.c.obj
 .debug_info    0x0000ab18      0x76a CMakeFiles/new_project.elf.dir/Users/rok/Documents/curso-lse/workspace_lpc845/sdks/clase_03_sdk/devices/LPC845/drivers/fsl_swm.c.obj
 .debug_info    0x0000b282      0x126 CMakeFiles/new_project.elf.dir/Users/rok/Documents/curso-lse/workspace_lpc845/sdks/clase_03_sdk/devices/LPC845/utilities/debug_console_lite/fsl_assert.c.obj
 .debug_info    0x0000b3a8      0xcd3 CMakeFiles/new_project.elf.dir/Users/rok/Documents/curso-lse/workspace_lpc845/sdks/clase_03_sdk/devices/LPC845/utilities/debug_console_lite/fsl_debug_console.c.obj
 .debug_info    0x0000c07b       0xa3 /Users/rok/.mcuxpressotools/arm-gnu-toolchain-13.2.Rel1-darwin-arm64-arm-none-eabi/bin/../lib/gcc/arm-none-eabi/13.2.1/../../../../arm-none-eabi/lib/thumb/v6-m/nofp/libcr_newlib_nohost.a(_exit.o)

.debug_abbrev   0x00000000     0x1bb0
 .debug_abbrev  0x00000000      0x316 CMakeFiles/new_project.elf.dir/Users/rok/Documents/curso-lse/workspace_lpc845/clase_03/main.c.obj
 .debug_abbrev  0x00000316      0x270 CMakeFiles/new_project.elf.dir/Users/rok/Documents/curso-lse/workspace_lpc845/clase_03/clock_config.c.obj
 .debug_abbrev  0x00000586       0x26 CMakeFiles/new_project.elf.dir/Users/rok/Documents/curso-lse/workspace_lpc845/sdks/clase_03_sdk/devices/LPC845/gcc/startup_LPC845.S.obj
 .debug_abbrev  0x000005ac      0x16b CMakeFiles/new_project.elf.dir/Users/rok/Documents/curso-lse/workspace_lpc845/sdks/clase_03_sdk/devices/LPC845/system_LPC845.c.obj
 .debug_abbrev  0x00000717      0x343 CMakeFiles/new_project.elf.dir/Users/rok/Documents/curso-lse/workspace_lpc845/sdks/clase_03_sdk/devices/LPC845/drivers/fsl_clock.c.obj
 .debug_abbrev  0x00000a5a      0x3e8 CMakeFiles/new_project.elf.dir/Users/rok/Documents/curso-lse/workspace_lpc845/sdks/clase_03_sdk/devices/LPC845/drivers/fsl_i2c.c.obj
 .debug_abbrev  0x00000e42      0x38f CMakeFiles/new_project.elf.dir/Users/rok/Documents/curso-lse/workspace_lpc845/sdks/clase_03_sdk/devices/LPC845/drivers/fsl_usart.c.obj
 .debug_abbrev  0x000011d1      0x153 CMakeFiles/new_project.elf.dir/Users/rok/Documents/curso-lse/workspace_lpc845/sdks/clase_03_sdk/devices/LPC845/drivers/fsl_reset.c.obj
 .debug_abbrev  0x00001324      0x3bb CMakeFiles/new_project.elf.dir/Users/rok/Documents/curso-lse/workspace_lpc845/sdks/clase_03_sdk/devices/LPC845/drivers/fsl_sctimer.c.obj
 .debug_abbrev  0x000016df      0x180 CMakeFiles/new_project.elf.dir/Users/rok/Documents/curso-lse/workspace_lpc845/sdks/clase_03_sdk/devices/LPC845/drivers/fsl_swm.c.obj
 .debug_abbrev  0x0000185f       0xa8 CMakeFiles/new_project.elf.dir/Users/rok/Documents/curso-lse/workspace_lpc845/sdks/clase_03_sdk/devices/LPC845/utilities/debug_console_lite/fsl_assert.c.obj
 .debug_abbrev  0x00001907      0x242 CMakeFiles/new_project.elf.dir/Users/rok/Documents/curso-lse/workspace_lpc845/sdks/clase_03_sdk/devices/LPC845/utilities/debug_console_lite/fsl_debug_console.c.obj
 .debug_abbrev  0x00001b49       0x67 /Users/rok/.mcuxpressotools/arm-gnu-toolchain-13.2.Rel1-darwin-arm64-arm-none-eabi/bin/../lib/gcc/arm-none-eabi/13.2.1/../../../../arm-none-eabi/lib/thumb/v6-m/nofp/libcr_newlib_nohost.a(_exit.o)

.debug_aranges  0x00000000      0x6c0
 .debug_aranges
                0x00000000       0x40 CMakeFiles/new_project.elf.dir/Users/rok/Documents/curso-lse/workspace_lpc845/clase_03/main.c.obj
 .debug_aranges
                0x00000040       0x60 CMakeFiles/new_project.elf.dir/Users/rok/Documents/curso-lse/workspace_lpc845/clase_03/clock_config.c.obj
 .debug_aranges
                0x000000a0       0x20 CMakeFiles/new_project.elf.dir/Users/rok/Documents/curso-lse/workspace_lpc845/sdks/clase_03_sdk/devices/LPC845/gcc/startup_LPC845.S.obj
 .debug_aranges
                0x000000c0       0x30 CMakeFiles/new_project.elf.dir/Users/rok/Documents/curso-lse/workspace_lpc845/sdks/clase_03_sdk/devices/LPC845/system_LPC845.c.obj
 .debug_aranges
                0x000000f0      0x108 CMakeFiles/new_project.elf.dir/Users/rok/Documents/curso-lse/workspace_lpc845/sdks/clase_03_sdk/devices/LPC845/drivers/fsl_clock.c.obj
 .debug_aranges
                0x000001f8      0x1c0 CMakeFiles/new_project.elf.dir/Users/rok/Documents/curso-lse/workspace_lpc845/sdks/clase_03_sdk/devices/LPC845/drivers/fsl_i2c.c.obj
 .debug_aranges
                0x000003b8      0x128 CMakeFiles/new_project.elf.dir/Users/rok/Documents/curso-lse/workspace_lpc845/sdks/clase_03_sdk/devices/LPC845/drivers/fsl_usart.c.obj
 .debug_aranges
                0x000004e0       0x30 CMakeFiles/new_project.elf.dir/Users/rok/Documents/curso-lse/workspace_lpc845/sdks/clase_03_sdk/devices/LPC845/drivers/fsl_reset.c.obj
 .debug_aranges
                0x00000510       0xc8 CMakeFiles/new_project.elf.dir/Users/rok/Documents/curso-lse/workspace_lpc845/sdks/clase_03_sdk/devices/LPC845/drivers/fsl_sctimer.c.obj
 .debug_aranges
                0x000005d8       0x28 CMakeFiles/new_project.elf.dir/Users/rok/Documents/curso-lse/workspace_lpc845/sdks/clase_03_sdk/devices/LPC845/drivers/fsl_swm.c.obj
 .debug_aranges
                0x00000600       0x28 CMakeFiles/new_project.elf.dir/Users/rok/Documents/curso-lse/workspace_lpc845/sdks/clase_03_sdk/devices/LPC845/utilities/debug_console_lite/fsl_assert.c.obj
 .debug_aranges
                0x00000628       0x78 CMakeFiles/new_project.elf.dir/Users/rok/Documents/curso-lse/workspace_lpc845/sdks/clase_03_sdk/devices/LPC845/utilities/debug_console_lite/fsl_debug_console.c.obj
 .debug_aranges
                0x000006a0       0x20 /Users/rok/.mcuxpressotools/arm-gnu-toolchain-13.2.Rel1-darwin-arm64-arm-none-eabi/bin/../lib/gcc/arm-none-eabi/13.2.1/../../../../arm-none-eabi/lib/thumb/v6-m/nofp/libcr_newlib_nohost.a(_exit.o)

.debug_rnglists
                0x00000000      0x509
 .debug_rnglists
                0x00000000       0x2d CMakeFiles/new_project.elf.dir/Users/rok/Documents/curso-lse/workspace_lpc845/clase_03/main.c.obj
 .debug_rnglists
                0x0000002d       0x43 CMakeFiles/new_project.elf.dir/Users/rok/Documents/curso-lse/workspace_lpc845/clase_03/clock_config.c.obj
 .debug_rnglists
                0x00000070       0x20 CMakeFiles/new_project.elf.dir/Users/rok/Documents/curso-lse/workspace_lpc845/sdks/clase_03_sdk/devices/LPC845/system_LPC845.c.obj
 .debug_rnglists
                0x00000090       0xc9 CMakeFiles/new_project.elf.dir/Users/rok/Documents/curso-lse/workspace_lpc845/sdks/clase_03_sdk/devices/LPC845/drivers/fsl_clock.c.obj
 .debug_rnglists
                0x00000159      0x188 CMakeFiles/new_project.elf.dir/Users/rok/Documents/curso-lse/workspace_lpc845/sdks/clase_03_sdk/devices/LPC845/drivers/fsl_i2c.c.obj
 .debug_rnglists
                0x000002e1       0xe2 CMakeFiles/new_project.elf.dir/Users/rok/Documents/curso-lse/workspace_lpc845/sdks/clase_03_sdk/devices/LPC845/drivers/fsl_usart.c.obj
 .debug_rnglists
                0x000003c3       0x1f CMakeFiles/new_project.elf.dir/Users/rok/Documents/curso-lse/workspace_lpc845/sdks/clase_03_sdk/devices/LPC845/drivers/fsl_reset.c.obj
 .debug_rnglists
                0x000003e2       0x9a CMakeFiles/new_project.elf.dir/Users/rok/Documents/curso-lse/workspace_lpc845/sdks/clase_03_sdk/devices/LPC845/drivers/fsl_sctimer.c.obj
 .debug_rnglists
                0x0000047c       0x1b CMakeFiles/new_project.elf.dir/Users/rok/Documents/curso-lse/workspace_lpc845/sdks/clase_03_sdk/devices/LPC845/drivers/fsl_swm.c.obj
 .debug_rnglists
                0x00000497       0x19 CMakeFiles/new_project.elf.dir/Users/rok/Documents/curso-lse/workspace_lpc845/sdks/clase_03_sdk/devices/LPC845/utilities/debug_console_lite/fsl_assert.c.obj
 .debug_rnglists
                0x000004b0       0x59 CMakeFiles/new_project.elf.dir/Users/rok/Documents/curso-lse/workspace_lpc845/sdks/clase_03_sdk/devices/LPC845/utilities/debug_console_lite/fsl_debug_console.c.obj

.debug_line     0x00000000     0x5745
 .debug_line    0x00000000      0x57c CMakeFiles/new_project.elf.dir/Users/rok/Documents/curso-lse/workspace_lpc845/clase_03/main.c.obj
 .debug_line    0x0000057c      0x463 CMakeFiles/new_project.elf.dir/Users/rok/Documents/curso-lse/workspace_lpc845/clase_03/clock_config.c.obj
 .debug_line    0x000009df      0x136 CMakeFiles/new_project.elf.dir/Users/rok/Documents/curso-lse/workspace_lpc845/sdks/clase_03_sdk/devices/LPC845/gcc/startup_LPC845.S.obj
 .debug_line    0x00000b15      0x458 CMakeFiles/new_project.elf.dir/Users/rok/Documents/curso-lse/workspace_lpc845/sdks/clase_03_sdk/devices/LPC845/system_LPC845.c.obj
 .debug_line    0x00000f6d      0xa74 CMakeFiles/new_project.elf.dir/Users/rok/Documents/curso-lse/workspace_lpc845/sdks/clase_03_sdk/devices/LPC845/drivers/fsl_clock.c.obj
 .debug_line    0x000019e1     0x13b6 CMakeFiles/new_project.elf.dir/Users/rok/Documents/curso-lse/workspace_lpc845/sdks/clase_03_sdk/devices/LPC845/drivers/fsl_i2c.c.obj
 .debug_line    0x00002d97      0xdea CMakeFiles/new_project.elf.dir/Users/rok/Documents/curso-lse/workspace_lpc845/sdks/clase_03_sdk/devices/LPC845/drivers/fsl_usart.c.obj
 .debug_line    0x00003b81      0x301 CMakeFiles/new_project.elf.dir/Users/rok/Documents/curso-lse/workspace_lpc845/sdks/clase_03_sdk/devices/LPC845/drivers/fsl_reset.c.obj
 .debug_line    0x00003e82      0xb83 CMakeFiles/new_project.elf.dir/Users/rok/Documents/curso-lse/workspace_lpc845/sdks/clase_03_sdk/devices/LPC845/drivers/fsl_sctimer.c.obj
 .debug_line    0x00004a05      0x32b CMakeFiles/new_project.elf.dir/Users/rok/Documents/curso-lse/workspace_lpc845/sdks/clase_03_sdk/devices/LPC845/drivers/fsl_swm.c.obj
 .debug_line    0x00004d30      0x15a CMakeFiles/new_project.elf.dir/Users/rok/Documents/curso-lse/workspace_lpc845/sdks/clase_03_sdk/devices/LPC845/utilities/debug_console_lite/fsl_assert.c.obj
 .debug_line    0x00004e8a      0x877 CMakeFiles/new_project.elf.dir/Users/rok/Documents/curso-lse/workspace_lpc845/sdks/clase_03_sdk/devices/LPC845/utilities/debug_console_lite/fsl_debug_console.c.obj
 .debug_line    0x00005701       0x44 /Users/rok/.mcuxpressotools/arm-gnu-toolchain-13.2.Rel1-darwin-arm64-arm-none-eabi/bin/../lib/gcc/arm-none-eabi/13.2.1/../../../../arm-none-eabi/lib/thumb/v6-m/nofp/libcr_newlib_nohost.a(_exit.o)

.debug_str      0x00000000     0x6d72
 .debug_str     0x00000000     0x6d72 CMakeFiles/new_project.elf.dir/Users/rok/Documents/curso-lse/workspace_lpc845/clase_03/main.c.obj
                               0x2295 (size before relaxing)
 .debug_str     0x00006d72      0xff5 CMakeFiles/new_project.elf.dir/Users/rok/Documents/curso-lse/workspace_lpc845/clase_03/clock_config.c.obj
 .debug_str     0x00006d72      0x68c CMakeFiles/new_project.elf.dir/Users/rok/Documents/curso-lse/workspace_lpc845/sdks/clase_03_sdk/devices/LPC845/gcc/startup_LPC845.S.obj
 .debug_str     0x00006d72      0x5a3 CMakeFiles/new_project.elf.dir/Users/rok/Documents/curso-lse/workspace_lpc845/sdks/clase_03_sdk/devices/LPC845/system_LPC845.c.obj
 .debug_str     0x00006d72     0x1856 CMakeFiles/new_project.elf.dir/Users/rok/Documents/curso-lse/workspace_lpc845/sdks/clase_03_sdk/devices/LPC845/drivers/fsl_clock.c.obj
 .debug_str     0x00006d72     0x26b0 CMakeFiles/new_project.elf.dir/Users/rok/Documents/curso-lse/workspace_lpc845/sdks/clase_03_sdk/devices/LPC845/drivers/fsl_i2c.c.obj
 .debug_str     0x00006d72     0x2469 CMakeFiles/new_project.elf.dir/Users/rok/Documents/curso-lse/workspace_lpc845/sdks/clase_03_sdk/devices/LPC845/drivers/fsl_usart.c.obj
 .debug_str     0x00006d72      0x885 CMakeFiles/new_project.elf.dir/Users/rok/Documents/curso-lse/workspace_lpc845/sdks/clase_03_sdk/devices/LPC845/drivers/fsl_reset.c.obj
 .debug_str     0x00006d72     0x2412 CMakeFiles/new_project.elf.dir/Users/rok/Documents/curso-lse/workspace_lpc845/sdks/clase_03_sdk/devices/LPC845/drivers/fsl_sctimer.c.obj
 .debug_str     0x00006d72      0xe04 CMakeFiles/new_project.elf.dir/Users/rok/Documents/curso-lse/workspace_lpc845/sdks/clase_03_sdk/devices/LPC845/drivers/fsl_swm.c.obj
 .debug_str     0x00006d72      0x269 CMakeFiles/new_project.elf.dir/Users/rok/Documents/curso-lse/workspace_lpc845/sdks/clase_03_sdk/devices/LPC845/utilities/debug_console_lite/fsl_assert.c.obj
 .debug_str     0x00006d72     0x1403 CMakeFiles/new_project.elf.dir/Users/rok/Documents/curso-lse/workspace_lpc845/sdks/clase_03_sdk/devices/LPC845/utilities/debug_console_lite/fsl_debug_console.c.obj
 .debug_str     0x00006d72      0x1be /Users/rok/.mcuxpressotools/arm-gnu-toolchain-13.2.Rel1-darwin-arm64-arm-none-eabi/bin/../lib/gcc/arm-none-eabi/13.2.1/../../../../arm-none-eabi/lib/thumb/v6-m/nofp/libcr_newlib_nohost.a(_exit.o)

.comment        0x00000000       0x44
 .comment       0x00000000       0x44 CMakeFiles/new_project.elf.dir/Users/rok/Documents/curso-lse/workspace_lpc845/clase_03/main.c.obj
                                 0x45 (size before relaxing)
 .comment       0x00000044       0x45 CMakeFiles/new_project.elf.dir/Users/rok/Documents/curso-lse/workspace_lpc845/clase_03/clock_config.c.obj
 .comment       0x00000044       0x45 CMakeFiles/new_project.elf.dir/Users/rok/Documents/curso-lse/workspace_lpc845/sdks/clase_03_sdk/devices/LPC845/system_LPC845.c.obj
 .comment       0x00000044       0x45 CMakeFiles/new_project.elf.dir/Users/rok/Documents/curso-lse/workspace_lpc845/sdks/clase_03_sdk/devices/LPC845/drivers/fsl_clock.c.obj
 .comment       0x00000044       0x45 CMakeFiles/new_project.elf.dir/Users/rok/Documents/curso-lse/workspace_lpc845/sdks/clase_03_sdk/devices/LPC845/drivers/fsl_i2c.c.obj
 .comment       0x00000044       0x45 CMakeFiles/new_project.elf.dir/Users/rok/Documents/curso-lse/workspace_lpc845/sdks/clase_03_sdk/devices/LPC845/drivers/fsl_usart.c.obj
 .comment       0x00000044       0x45 CMakeFiles/new_project.elf.dir/Users/rok/Documents/curso-lse/workspace_lpc845/sdks/clase_03_sdk/devices/LPC845/drivers/fsl_reset.c.obj
 .comment       0x00000044       0x45 CMakeFiles/new_project.elf.dir/Users/rok/Documents/curso-lse/workspace_lpc845/sdks/clase_03_sdk/devices/LPC845/drivers/fsl_sctimer.c.obj
 .comment       0x00000044       0x45 CMakeFiles/new_project.elf.dir/Users/rok/Documents/curso-lse/workspace_lpc845/sdks/clase_03_sdk/devices/LPC845/drivers/fsl_swm.c.obj
 .comment       0x00000044       0x45 CMakeFiles/new_project.elf.dir/Users/rok/Documents/curso-lse/workspace_lpc845/sdks/clase_03_sdk/devices/LPC845/utilities/debug_console_lite/fsl_assert.c.obj
 .comment       0x00000044       0x45 CMakeFiles/new_project.elf.dir/Users/rok/Documents/curso-lse/workspace_lpc845/sdks/clase_03_sdk/devices/LPC845/utilities/debug_console_lite/fsl_debug_console.c.obj
 .comment       0x00000044       0x45 /Users/rok/.mcuxpressotools/arm-gnu-toolchain-13.2.Rel1-darwin-arm64-arm-none-eabi/bin/../lib/gcc/arm-none-eabi/13.2.1/../../../../arm-none-eabi/lib/thumb/v6-m/nofp/libcr_newlib_nohost.a(_exit.o)

.debug_frame    0x00000000     0x1ab0
 .debug_frame   0x00000000       0xb0 CMakeFiles/new_project.elf.dir/Users/rok/Documents/curso-lse/workspace_lpc845/clase_03/main.c.obj
 .debug_frame   0x000000b0      0x120 CMakeFiles/new_project.elf.dir/Users/rok/Documents/curso-lse/workspace_lpc845/clase_03/clock_config.c.obj
 .debug_frame   0x000001d0       0x68 CMakeFiles/new_project.elf.dir/Users/rok/Documents/curso-lse/workspace_lpc845/sdks/clase_03_sdk/devices/LPC845/system_LPC845.c.obj
 .debug_frame   0x00000238      0x3cc CMakeFiles/new_project.elf.dir/Users/rok/Documents/curso-lse/workspace_lpc845/sdks/clase_03_sdk/devices/LPC845/drivers/fsl_clock.c.obj
 .debug_frame   0x00000604      0x6a4 CMakeFiles/new_project.elf.dir/Users/rok/Documents/curso-lse/workspace_lpc845/sdks/clase_03_sdk/devices/LPC845/drivers/fsl_i2c.c.obj
 .debug_frame   0x00000ca8      0x43c CMakeFiles/new_project.elf.dir/Users/rok/Documents/curso-lse/workspace_lpc845/sdks/clase_03_sdk/devices/LPC845/drivers/fsl_usart.c.obj
 .debug_frame   0x000010e4       0x70 CMakeFiles/new_project.elf.dir/Users/rok/Documents/curso-lse/workspace_lpc845/sdks/clase_03_sdk/devices/LPC845/drivers/fsl_reset.c.obj
 .debug_frame   0x00001154      0x2d4 CMakeFiles/new_project.elf.dir/Users/rok/Documents/curso-lse/workspace_lpc845/sdks/clase_03_sdk/devices/LPC845/drivers/fsl_sctimer.c.obj
 .debug_frame   0x00001428       0x50 CMakeFiles/new_project.elf.dir/Users/rok/Documents/curso-lse/workspace_lpc845/sdks/clase_03_sdk/devices/LPC845/drivers/fsl_swm.c.obj
 .debug_frame   0x00001478       0x50 CMakeFiles/new_project.elf.dir/Users/rok/Documents/curso-lse/workspace_lpc845/sdks/clase_03_sdk/devices/LPC845/utilities/debug_console_lite/fsl_assert.c.obj
 .debug_frame   0x000014c8      0x190 CMakeFiles/new_project.elf.dir/Users/rok/Documents/curso-lse/workspace_lpc845/sdks/clase_03_sdk/devices/LPC845/utilities/debug_console_lite/fsl_debug_console.c.obj
 .debug_frame   0x00001658       0x20 /Users/rok/.mcuxpressotools/arm-gnu-toolchain-13.2.Rel1-darwin-arm64-arm-none-eabi/bin/../lib/gcc/arm-none-eabi/13.2.1/thumb/v6-m/nofp/libgcc.a(_udivsi3.o)
 .debug_frame   0x00001678       0x34 /Users/rok/.mcuxpressotools/arm-gnu-toolchain-13.2.Rel1-darwin-arm64-arm-none-eabi/bin/../lib/gcc/arm-none-eabi/13.2.1/thumb/v6-m/nofp/libgcc.a(_muldi3.o)
 .debug_frame   0x000016ac       0x28 /Users/rok/.mcuxpressotools/arm-gnu-toolchain-13.2.Rel1-darwin-arm64-arm-none-eabi/bin/../lib/gcc/arm-none-eabi/13.2.1/thumb/v6-m/nofp/libgcc.a(_fixunssfsi.o)
 .debug_frame   0x000016d4       0x3c /Users/rok/.mcuxpressotools/arm-gnu-toolchain-13.2.Rel1-darwin-arm64-arm-none-eabi/bin/../lib/gcc/arm-none-eabi/13.2.1/thumb/v6-m/nofp/libgcc.a(_udivmoddi4.o)
 .debug_frame   0x00001710       0x38 /Users/rok/.mcuxpressotools/arm-gnu-toolchain-13.2.Rel1-darwin-arm64-arm-none-eabi/bin/../lib/gcc/arm-none-eabi/13.2.1/thumb/v6-m/nofp/libgcc.a(divsf3.o)
 .debug_frame   0x00001748       0x38 /Users/rok/.mcuxpressotools/arm-gnu-toolchain-13.2.Rel1-darwin-arm64-arm-none-eabi/bin/../lib/gcc/arm-none-eabi/13.2.1/thumb/v6-m/nofp/libgcc.a(subsf3.o)
 .debug_frame   0x00001780       0x20 /Users/rok/.mcuxpressotools/arm-gnu-toolchain-13.2.Rel1-darwin-arm64-arm-none-eabi/bin/../lib/gcc/arm-none-eabi/13.2.1/thumb/v6-m/nofp/libgcc.a(fixsfsi.o)
 .debug_frame   0x000017a0       0x3c /Users/rok/.mcuxpressotools/arm-gnu-toolchain-13.2.Rel1-darwin-arm64-arm-none-eabi/bin/../lib/gcc/arm-none-eabi/13.2.1/thumb/v6-m/nofp/libgcc.a(divdf3.o)
 .debug_frame   0x000017dc       0x2c /Users/rok/.mcuxpressotools/arm-gnu-toolchain-13.2.Rel1-darwin-arm64-arm-none-eabi/bin/../lib/gcc/arm-none-eabi/13.2.1/thumb/v6-m/nofp/libgcc.a(floatsidf.o)
 .debug_frame   0x00001808       0x30 /Users/rok/.mcuxpressotools/arm-gnu-toolchain-13.2.Rel1-darwin-arm64-arm-none-eabi/bin/../lib/gcc/arm-none-eabi/13.2.1/thumb/v6-m/nofp/libgcc.a(truncdfsf2.o)
 .debug_frame   0x00001838       0x2c /Users/rok/.mcuxpressotools/arm-gnu-toolchain-13.2.Rel1-darwin-arm64-arm-none-eabi/bin/../lib/gcc/arm-none-eabi/13.2.1/thumb/v6-m/nofp/libgcc.a(eqsf2.o)
 .debug_frame   0x00001864       0x2c /Users/rok/.mcuxpressotools/arm-gnu-toolchain-13.2.Rel1-darwin-arm64-arm-none-eabi/bin/../lib/gcc/arm-none-eabi/13.2.1/thumb/v6-m/nofp/libgcc.a(gesf2.o)
 .debug_frame   0x00001890       0x2c /Users/rok/.mcuxpressotools/arm-gnu-toolchain-13.2.Rel1-darwin-arm64-arm-none-eabi/bin/../lib/gcc/arm-none-eabi/13.2.1/thumb/v6-m/nofp/libgcc.a(lesf2.o)
 .debug_frame   0x000018bc       0x28 /Users/rok/.mcuxpressotools/arm-gnu-toolchain-13.2.Rel1-darwin-arm64-arm-none-eabi/bin/../lib/gcc/arm-none-eabi/13.2.1/../../../../arm-none-eabi/lib/thumb/v6-m/nofp/libc_nano.a(libc_a-exit.o)
 .debug_frame   0x000018e4      0x138 /Users/rok/.mcuxpressotools/arm-gnu-toolchain-13.2.Rel1-darwin-arm64-arm-none-eabi/bin/../lib/gcc/arm-none-eabi/13.2.1/../../../../arm-none-eabi/lib/thumb/v6-m/nofp/libc_nano.a(libc_a-findfp.o)
 .debug_frame   0x00001a1c       0x20 /Users/rok/.mcuxpressotools/arm-gnu-toolchain-13.2.Rel1-darwin-arm64-arm-none-eabi/bin/../lib/gcc/arm-none-eabi/13.2.1/../../../../arm-none-eabi/lib/thumb/v6-m/nofp/libc_nano.a(libc_a-memset.o)
 .debug_frame   0x00001a3c       0x2c /Users/rok/.mcuxpressotools/arm-gnu-toolchain-13.2.Rel1-darwin-arm64-arm-none-eabi/bin/../lib/gcc/arm-none-eabi/13.2.1/../../../../arm-none-eabi/lib/thumb/v6-m/nofp/libc_nano.a(libc_a-init.o)
 .debug_frame   0x00001a68       0x28 /Users/rok/.mcuxpressotools/arm-gnu-toolchain-13.2.Rel1-darwin-arm64-arm-none-eabi/bin/../lib/gcc/arm-none-eabi/13.2.1/../../../../arm-none-eabi/lib/thumb/v6-m/nofp/libc_nano.a(libc_a-memcpy-stub.o)
 .debug_frame   0x00001a90       0x20 /Users/rok/.mcuxpressotools/arm-gnu-toolchain-13.2.Rel1-darwin-arm64-arm-none-eabi/bin/../lib/gcc/arm-none-eabi/13.2.1/../../../../arm-none-eabi/lib/thumb/v6-m/nofp/libcr_newlib_nohost.a(_exit.o)

.debug_loc      0x00000000       0x15
 .debug_loc     0x00000000       0x15 /Users/rok/.mcuxpressotools/arm-gnu-toolchain-13.2.Rel1-darwin-arm64-arm-none-eabi/bin/../lib/gcc/arm-none-eabi/13.2.1/../../../../arm-none-eabi/lib/thumb/v6-m/nofp/libcr_newlib_nohost.a(_exit.o)

.debug_ranges   0x00000000       0x10
 .debug_ranges  0x00000000       0x10 /Users/rok/.mcuxpressotools/arm-gnu-toolchain-13.2.Rel1-darwin-arm64-arm-none-eabi/bin/../lib/gcc/arm-none-eabi/13.2.1/../../../../arm-none-eabi/lib/thumb/v6-m/nofp/libcr_newlib_nohost.a(_exit.o)
