Archive member included to satisfy reference by file (symbol)

/Applications/MCUXpressoIDE_24.12.148/ide/plugins/com.nxp.mcuxpresso.tools.macosx_24.12.0.202407110909/tools/bin/../lib/gcc/arm-none-eabi/13.2.1/../../../../arm-none-eabi/lib/thumb/v6-m/nofp/libcr_semihost_nf.a(_cr__main.o)
                              ./startup/startup_lpc845.o (__main)
/Applications/MCUXpressoIDE_24.12.148/ide/plugins/com.nxp.mcuxpresso.tools.macosx_24.12.0.202407110909/tools/bin/../lib/gcc/arm-none-eabi/13.2.1/../../../../arm-none-eabi/lib/thumb/v6-m/nofp/libcr_c.a(memcpy.o)
                              ./utilities/str/fsl_str.o (memcpy)
/Applications/MCUXpressoIDE_24.12.148/ide/plugins/com.nxp.mcuxpresso.tools.macosx_24.12.0.202407110909/tools/bin/../lib/gcc/arm-none-eabi/13.2.1/../../../../arm-none-eabi/lib/thumb/v6-m/nofp/libcr_c.a(memset.o)
                              ./drivers/fsl_usart.o (memset)
/Applications/MCUXpressoIDE_24.12.148/ide/plugins/com.nxp.mcuxpresso.tools.macosx_24.12.0.202407110909/tools/bin/../lib/gcc/arm-none-eabi/13.2.1/../../../../arm-none-eabi/lib/thumb/v6-m/nofp/libcr_c.a(alloc.o)
                              ./drivers/fsl_common.o (malloc)
/Applications/MCUXpressoIDE_24.12.148/ide/plugins/com.nxp.mcuxpresso.tools.macosx_24.12.0.202407110909/tools/bin/../lib/gcc/arm-none-eabi/13.2.1/../../../../arm-none-eabi/lib/thumb/v6-m/nofp/libcr_c.a(errno.o)
                              ./utilities/str/fsl_str.o (errno)
/Applications/MCUXpressoIDE_24.12.148/ide/plugins/com.nxp.mcuxpresso.tools.macosx_24.12.0.202407110909/tools/bin/../lib/gcc/arm-none-eabi/13.2.1/../../../../arm-none-eabi/lib/thumb/v6-m/nofp/libcr_c.a(initio.o)
                              /Applications/MCUXpressoIDE_24.12.148/ide/plugins/com.nxp.mcuxpresso.tools.macosx_24.12.0.202407110909/tools/bin/../lib/gcc/arm-none-eabi/13.2.1/../../../../arm-none-eabi/lib/thumb/v6-m/nofp/libcr_semihost_nf.a(_cr__main.o) (_initio)
/Applications/MCUXpressoIDE_24.12.148/ide/plugins/com.nxp.mcuxpresso.tools.macosx_24.12.0.202407110909/tools/bin/../lib/gcc/arm-none-eabi/13.2.1/../../../../arm-none-eabi/lib/thumb/v6-m/nofp/libcr_c.a(printf.o)
                              ./utilities/fsl_assert.o (_printf)
/Applications/MCUXpressoIDE_24.12.148/ide/plugins/com.nxp.mcuxpresso.tools.macosx_24.12.0.202407110909/tools/bin/../lib/gcc/arm-none-eabi/13.2.1/../../../../arm-none-eabi/lib/thumb/v6-m/nofp/libcr_c.a(scanf.o)
                              ./utilities/str/fsl_str.o (strtoul)
/Applications/MCUXpressoIDE_24.12.148/ide/plugins/com.nxp.mcuxpresso.tools.macosx_24.12.0.202407110909/tools/bin/../lib/gcc/arm-none-eabi/13.2.1/../../../../arm-none-eabi/lib/thumb/v6-m/nofp/libcr_c.a(setvbuf.o)
                              /Applications/MCUXpressoIDE_24.12.148/ide/plugins/com.nxp.mcuxpresso.tools.macosx_24.12.0.202407110909/tools/bin/../lib/gcc/arm-none-eabi/13.2.1/../../../../arm-none-eabi/lib/thumb/v6-m/nofp/libcr_c.a(initio.o) (setvbuf)
/Applications/MCUXpressoIDE_24.12.148/ide/plugins/com.nxp.mcuxpresso.tools.macosx_24.12.0.202407110909/tools/bin/../lib/gcc/arm-none-eabi/13.2.1/../../../../arm-none-eabi/lib/thumb/v6-m/nofp/libcr_c.a(strlen.o)
                              ./utilities/str/fsl_str.o (strlen)
/Applications/MCUXpressoIDE_24.12.148/ide/plugins/com.nxp.mcuxpresso.tools.macosx_24.12.0.202407110909/tools/bin/../lib/gcc/arm-none-eabi/13.2.1/../../../../arm-none-eabi/lib/thumb/v6-m/nofp/libcr_c.a(ungetc.o)
                              /Applications/MCUXpressoIDE_24.12.148/ide/plugins/com.nxp.mcuxpresso.tools.macosx_24.12.0.202407110909/tools/bin/../lib/gcc/arm-none-eabi/13.2.1/../../../../arm-none-eabi/lib/thumb/v6-m/nofp/libcr_c.a(scanf.o) (ungetc)
/Applications/MCUXpressoIDE_24.12.148/ide/plugins/com.nxp.mcuxpresso.tools.macosx_24.12.0.202407110909/tools/bin/../lib/gcc/arm-none-eabi/13.2.1/../../../../arm-none-eabi/lib/thumb/v6-m/nofp/libcr_c.a(__fillbuf.o)
                              /Applications/MCUXpressoIDE_24.12.148/ide/plugins/com.nxp.mcuxpresso.tools.macosx_24.12.0.202407110909/tools/bin/../lib/gcc/arm-none-eabi/13.2.1/../../../../arm-none-eabi/lib/thumb/v6-m/nofp/libcr_c.a(scanf.o) (__filbuf)
/Applications/MCUXpressoIDE_24.12.148/ide/plugins/com.nxp.mcuxpresso.tools.macosx_24.12.0.202407110909/tools/bin/../lib/gcc/arm-none-eabi/13.2.1/../../../../arm-none-eabi/lib/thumb/v6-m/nofp/libcr_c.a(__init_alloc.o)
                              /Applications/MCUXpressoIDE_24.12.148/ide/plugins/com.nxp.mcuxpresso.tools.macosx_24.12.0.202407110909/tools/bin/../lib/gcc/arm-none-eabi/13.2.1/../../../../arm-none-eabi/lib/thumb/v6-m/nofp/libcr_c.a(alloc.o) (__heaps)
/Applications/MCUXpressoIDE_24.12.148/ide/plugins/com.nxp.mcuxpresso.tools.macosx_24.12.0.202407110909/tools/bin/../lib/gcc/arm-none-eabi/13.2.1/../../../../arm-none-eabi/lib/thumb/v6-m/nofp/libcr_c.a(_cr_sbrk.o)
[...]
Memory Configuration

Name             Origin             Length             Attributes
PROGRAM_FLASH    0x00000000         0x00010000         xr
SRAM             0x10000000         0x00003fe0         xrw
IAP_SRAM         0x10003fe0         0x00000020         xrw
*default*        0x00000000         0xffffffff

Linker script and memory map

LOAD ./utilities/str/fsl_str.o
LOAD ./utilities/debug_console_lite/fsl_debug_console.o
LOAD ./utilities/fsl_assert.o
LOAD ./startup/startup_lpc845.o
LOAD ./source/01_blinkynnn.o
LOAD ./source/mtb.o
LOAD ./source/semihost_hardfault.o
LOAD ./drivers/fsl_clock.o
LOAD ./drivers/fsl_common.o
LOAD ./drivers/fsl_common_arm.o
LOAD ./drivers/fsl_gpio.o
LOAD ./drivers/fsl_power.o
LOAD ./drivers/fsl_reset.o
LOAD ./drivers/fsl_swm.o
LOAD ./drivers/fsl_usart.o
LOAD ./device/system_LPC845.o
LOAD ./component/uart/fsl_adapter_miniusart.o
LOAD ./board/board.o
LOAD ./board/clock_config.o
LOAD ./board/peripherals.o
LOAD ./board/pin_mux.o
START GROUP
LOAD /Applications/MCUXpressoIDE_24.12.148/ide/plugins/com.nxp.mcuxpresso.tools.macosx_24.12.0.202407110909/tools/bin/../lib/gcc/arm-none-eabi/13.2.1/../../../../arm-none-eabi/lib/thumb/v6-m/nofp/libcr_semihost_nf.a
LOAD /Applications/MCUXpressoIDE_24.12.148/ide/plugins/com.nxp.mcuxpresso.tools.macosx_24.12.0.202407110909/tools/bin/../lib/gcc/arm-none-eabi/13.2.1/../../../../arm-none-eabi/lib/thumb/v6-m/nofp/libcr_c.a
LOAD /Applications/MCUXpressoIDE_24.12.148/ide/plugins/com.nxp.mcuxpresso.tools.macosx_24.12.0.202407110909/tools/bin/../lib/gcc/arm-none-eabi/13.2.1/thumb/v6-m/nofp/libcr_eabihelpers.a
LOAD /Applications/MCUXpressoIDE_24.12.148/ide/plugins/com.nxp.mcuxpresso.tools.macosx_24.12.0.202407110909/tools/bin/../lib/gcc/arm-none-eabi/13.2.1/thumb/v6-m/nofp/libgcc.a
END GROUP
                0x00000000                        __base_PROGRAM_FLASH = 0x0
                0x00000000                        __base_Flash = 0x0
                0x00010000                        __top_PROGRAM_FLASH = 0x10000
                0x00010000                        __top_Flash = 0x10000
                0x10000000                        __base_SRAM = 0x10000000
                0x10000000                        __base_RAM = 0x10000000
                0x10003fe0                        __top_SRAM = 0x10003fe0
                0x10003fe0                        __top_RAM = 0x10003fe0
                0x10003fe0                        __base_IAP_SRAM = 0x10003fe0
                0x10003fe0                        __base_RAM2 = 0x10003fe0
                0x10004000                        __top_IAP_SRAM = 0x10004000
                0x10004000                        __top_RAM2 = 0x10004000

.text           0x00000000     0x1f00
 FILL mask 0xff
                0x00000000                        __vectors_start__ = ABSOLUTE (.)
 *(SORT_BY_ALIGNMENT(.isr_vector))
 .isr_vector    0x00000000       0xc0 ./startup/startup_lpc845.o
                0x00000000                __Vectors
                0x00000000                g_pfnVectors
                0x000000c0                        . = ALIGN (0x4)
                0x000000c0                        __section_table_start = .
                0x000000c0                        __data_section_table = .
                0x000000c0        0x4 LONG 0x1f00 LOADADDR (.data)
                0x000000c4        0x4 LONG 0x10000080 ADDR (.data)
                0x000000c8        0x4 LONG 0x4 SIZEOF (.data)
                0x000000cc        0x4 LONG 0x1f00 LOADADDR (.data_RAM2)
                0x000000d0        0x4 LONG 0x10003fe0 ADDR (.data_RAM2)
                0x000000d4        0x4 LONG 0x0 SIZEOF (.data_RAM2)
                0x000000d8                        __data_section_table_end = .
                0x000000d8                        __bss_section_table = .
                0x000000d8        0x4 LONG 0x10000084 ADDR (.bss)
                0x000000dc        0x4 LONG 0xd8 SIZEOF (.bss)
                0x000000e0        0x4 LONG 0x10003fe0 ADDR (.bss_RAM2)
                0x000000e4        0x4 LONG 0x0 SIZEOF (.bss_RAM2)
                0x000000e8                        __bss_section_table_end = .
                0x000000e8                        __section_table_end = .
 *(SORT_BY_ALIGNMENT(.after_vectors*))
 .after_vectors.reset
                0x000000e8       0x54 ./startup/startup_lpc845.o
                0x000000e8                ResetISR
 .after_vectors.init_data
                0x0000013c       0x12 ./startup/startup_lpc845.o
                0x0000013c                data_init
 .after_vectors.init_bss
                0x0000014e       0x10 ./startup/startup_lpc845.o
                0x0000014e                bss_init
 .after_vectors
                0x0000015e      0x10c ./startup/startup_lpc845.o
                0x0000015e                NMI_Handler
                0x00000162                SVC_Handler
                0x00000164                PendSV_Handler
                0x00000166                SysTick_Handler
                0x00000168                DMA0_DriverIRQHandler
                0x00000168                SPI1_DriverIRQHandler
                0x00000168                WDT_DriverIRQHandler
                0x00000168                SCT0_DriverIRQHandler
                0x00000168                ADC0_OVR_DriverIRQHandler
                0x00000168                I2C0_DriverIRQHandler
                0x00000168                BOD_DriverIRQHandler
                0x00000168                Reserved22_DriverIRQHandler
                0x00000168                FLASH_DriverIRQHandler
                0x00000168                ADC0_SEQB_DriverIRQHandler
                0x00000168                CTIMER0_DriverIRQHandler
                0x00000168                PIN_INT1_DriverIRQHandler
                0x00000168                I2C3_DriverIRQHandler
                0x00000168                PIN_INT3_DriverIRQHandler
                0x00000168                PIN_INT5_DAC1_DriverIRQHandler
                0x00000168                PIN_INT2_DriverIRQHandler
                0x00000168                SPI0_DriverIRQHandler
                0x00000168                I2C2_DriverIRQHandler
                0x00000168                PIN_INT0_DriverIRQHandler
                0x00000168                ADC0_SEQA_DriverIRQHandler
                0x00000168                IntDefaultHandler
                0x00000168                WKT_DriverIRQHandler
                0x00000168                DAC0_DriverIRQHandler
                0x00000168                MRT0_DriverIRQHandler
                0x00000168                PIN_INT4_DriverIRQHandler
                0x00000168                I2C1_DriverIRQHandler
                0x00000168                CMP_CAPT_DriverIRQHandler
                0x00000168                ADC0_THCMP_DriverIRQHandler
                0x0000016a                SPI0_IRQHandler
                0x00000172                SPI1_IRQHandler
                0x0000017a                DAC0_IRQHandler
                0x00000182                USART0_IRQHandler
                0x0000018a                USART1_IRQHandler
                0x00000192                USART2_IRQHandler
                0x0000019a                Reserved22_IRQHandler
                0x000001a2                I2C1_IRQHandler
                0x000001aa                I2C0_IRQHandler
                0x000001b2                SCT0_IRQHandler
                0x000001ba                MRT0_IRQHandler
                0x000001c2                CMP_CAPT_IRQHandler
                0x000001ca                WDT_IRQHandler
                0x000001d2                BOD_IRQHandler
                0x000001da                FLASH_IRQHandler
                0x000001e2                WKT_IRQHandler
                0x000001ea                ADC0_SEQA_IRQHandler
                0x000001f2                ADC0_SEQB_IRQHandler
                0x000001fa                ADC0_THCMP_IRQHandler
                0x00000202                ADC0_OVR_IRQHandler
                0x0000020a                DMA0_IRQHandler
                0x00000212                I2C2_IRQHandler
                0x0000021a                I2C3_IRQHandler
                0x00000222                CTIMER0_IRQHandler
                0x0000022a                PIN_INT0_IRQHandler
                0x00000232                PIN_INT1_IRQHandler
                0x0000023a                PIN_INT2_IRQHandler
                0x00000242                PIN_INT3_IRQHandler
                0x0000024a                PIN_INT4_IRQHandler
                0x00000252                PIN_INT5_DAC1_IRQHandler
                0x0000025a                PIN_INT6_USART3_IRQHandler
                0x00000262                PIN_INT7_USART4_IRQHandler
                0x000002fc                        . = 0x2fc
 *fill*         0x0000026a       0x92 ff
                0x000002fc                        PROVIDE (__CRP_WORD_START__ = .)
 *(SORT_BY_ALIGNMENT(.crp))
 .crp           0x000002fc        0x4 ./startup/startup_lpc845.o
                0x000002fc                CRP_WORD
                0x00000300                        PROVIDE (__CRP_WORD_END__ = .)
                0x00000001                        ASSERT (! ((__CRP_WORD_START__ == __CRP_WORD_END__)), Linker CRP Enabled, but no CRP_WORD provided within application)
 *(SORT_BY_ALIGNMENT(.text*))
 .text.__assertion_failed
                0x00000300       0x34 ./utilities/fsl_assert.o
                0x00000300                __assertion_failed
 .text.main     0x00000334       0x6c ./source/01_blinkynnn.o
                0x00000334                main
 .text.HardFault_Handler
                0x000003a0       0x38 ./source/semihost_hardfault.o
                0x000003a0                HardFault_Handler
 .text.CLOCK_EnableClock
                0x000003d8       0x54 ./drivers/fsl_gpio.o
 .text.GPIO_EnablePortClock
                0x0000042c       0x38 ./drivers/fsl_gpio.o
 .text.GPIO_PortInit
                0x00000464       0x30 ./drivers/fsl_gpio.o
                0x00000464                GPIO_PortInit
 .text.RESET_SetPeripheralReset
                0x00000494       0x70 ./drivers/fsl_reset.o
                0x00000494                RESET_SetPeripheralReset
 .text.RESET_ClearPeripheralReset
                0x00000504       0x6c ./drivers/fsl_reset.o
                0x00000504                RESET_ClearPeripheralReset
 .text.USART0_DriverIRQHandler
                0x00000570       0x24 ./drivers/fsl_usart.o
                0x00000570                USART0_DriverIRQHandler
 .text.USART1_DriverIRQHandler
                0x00000594       0x24 ./drivers/fsl_usart.o
                0x00000594                USART1_DriverIRQHandler
 .text.USART2_DriverIRQHandler
                0x000005b8       0x24 ./drivers/fsl_usart.o
                0x000005b8                USART2_DriverIRQHandler
 .text.PIN_INT6_USART3_DriverIRQHandler
                0x000005dc       0x24 ./drivers/fsl_usart.o
                0x000005dc                PIN_INT6_USART3_DriverIRQHandler
 .text.PIN_INT7_USART4_DriverIRQHandler
                0x00000600       0x24 ./drivers/fsl_usart.o
                0x00000600                PIN_INT7_USART4_DriverIRQHandler
 .text.SystemInit
                0x00000624       0x2c ./device/system_LPC845.o
                0x00000624                SystemInit
 .text.malloc   0x00000650       0xd4 /Applications/MCUXpressoIDE_24.12.148/ide/plugins/com.nxp.mcuxpresso.tools.macosx_24.12.0.202407110909/tools/bin/../lib/gcc/arm-none-eabi/13.2.1/../../../../arm-none-eabi/lib/thumb/v6-m/nofp/libcr_c.a(alloc.o)
                0x00000650                malloc
 .text._Csys_alloc
                0x00000724       0x20 /Applications/MCUXpressoIDE_24.12.148/ide/plugins/com.nxp.mcuxpresso.tools.macosx_24.12.0.202407110909/tools/bin/../lib/gcc/arm-none-eabi/13.2.1/../../../../arm-none-eabi/lib/thumb/v6-m/nofp/libcr_c.a(alloc.o)
                0x00000724                _Csys_alloc
 .text._initio  0x00000744       0x7c /Applications/MCUXpressoIDE_24.12.148/ide/plugins/com.nxp.mcuxpresso.tools.macosx_24.12.0.202407110909/tools/bin/../lib/gcc/arm-none-eabi/13.2.1/../../../../arm-none-eabi/lib/thumb/v6-m/nofp/libcr_c.a(initio.o)
                0x00000744                _initio
 .text.__vfprintf
                0x000007c0      0xd3c /Applications/MCUXpressoIDE_24.12.148/ide/plugins/com.nxp.mcuxpresso.tools.macosx_24.12.0.202407110909/tools/bin/../lib/gcc/arm-none-eabi/13.2.1/../../../../arm-none-eabi/lib/thumb/v6-m/nofp/libcr_c.a(printf.o)
                0x000007c0                __vfprintf
 .text._vsnprintf
                0x000014fc       0x70 /Applications/MCUXpressoIDE_24.12.148/ide/plugins/com.nxp.mcuxpresso.tools.macosx_24.12.0.202407110909/tools/bin/../lib/gcc/arm-none-eabi/13.2.1/../../../../arm-none-eabi/lib/thumb/v6-m/nofp/libcr_c.a(printf.o)
                0x000014fc                _vsnprintf
 .text._printf  0x0000156c       0x50 /Applications/MCUXpressoIDE_24.12.148/ide/plugins/com.nxp.mcuxpresso.tools.macosx_24.12.0.202407110909/tools/bin/../lib/gcc/arm-none-eabi/13.2.1/../../../../arm-none-eabi/lib/thumb/v6-m/nofp/libcr_c.a(printf.o)
                0x0000156c                _printf
 .text.setvbuf  0x000015bc       0x4c /Applications/MCUXpressoIDE_24.12.148/ide/plugins/com.nxp.mcuxpresso.tools.macosx_24.12.0.202407110909/tools/bin/../lib/gcc/arm-none-eabi/13.2.1/../../../../arm-none-eabi/lib/thumb/v6-m/nofp/libcr_c.a(setvbuf.o)
                0x000015bc                setvbuf
 .text.strlen   0x00001608       0x5c /Applications/MCUXpressoIDE_24.12.148/ide/plugins/com.nxp.mcuxpresso.tools.macosx_24.12.0.202407110909/tools/bin/../lib/gcc/arm-none-eabi/13.2.1/../../../../arm-none-eabi/lib/thumb/v6-m/nofp/libcr_c.a(strlen.o)
                0x00001608                strlen
 .text._sbrk    0x00001664       0x44 /Applications/MCUXpressoIDE_24.12.148/ide/plugins/com.nxp.mcuxpresso.tools.macosx_24.12.0.202407110909/tools/bin/../lib/gcc/arm-none-eabi/13.2.1/../../../../arm-none-eabi/lib/thumb/v6-m/nofp/libcr_c.a(_cr_sbrk.o)
                0x00001664                _sbrk
 .text._deferredlazyseek
                0x000016a8       0x40 /Applications/MCUXpressoIDE_24.12.148/ide/plugins/com.nxp.mcuxpresso.tools.macosx_24.12.0.202407110909/tools/bin/../lib/gcc/arm-none-eabi/13.2.1/../../../../arm-none-eabi/lib/thumb/v6-m/nofp/libcr_c.a(_deferredlazyseek.o)
                0x000016a8                _deferredlazyseek
 .text.__flsbuf
                0x000016e8      0x12c /Applications/MCUXpressoIDE_24.12.148/ide/plugins/com.nxp.mcuxpresso.tools.macosx_24.12.0.202407110909/tools/bin/../lib/gcc/arm-none-eabi/13.2.1/../../../../arm-none-eabi/lib/thumb/v6-m/nofp/libcr_c.a(_deferredlazyseek.o)
                0x000016e8                __flsbuf
 .text._fdopen  0x00001814       0x74 /Applications/MCUXpressoIDE_24.12.148/ide/plugins/com.nxp.mcuxpresso.tools.macosx_24.12.0.202407110909/tools/bin/../lib/gcc/arm-none-eabi/13.2.1/../../../../arm-none-eabi/lib/thumb/v6-m/nofp/libcr_c.a(_fdopen.o)
                0x00001814                _fdopen
 .text._fflush  0x00001888       0x5c /Applications/MCUXpressoIDE_24.12.148/ide/plugins/com.nxp.mcuxpresso.tools.macosx_24.12.0.202407110909/tools/bin/../lib/gcc/arm-none-eabi/13.2.1/../../../../arm-none-eabi/lib/thumb/v6-m/nofp/libcr_c.a(_fflush.o)
                0x00001888                _fflush
 .text._Cwritebuf
                0x000018e4       0x68 /Applications/MCUXpressoIDE_24.12.148/ide/plugins/com.nxp.mcuxpresso.tools.macosx_24.12.0.202407110909/tools/bin/../lib/gcc/arm-none-eabi/13.2.1/../../../../arm-none-eabi/lib/thumb/v6-m/nofp/libcr_c.a(_writebuf.o)
                0x000018e4                _Cwritebuf
 .text.fclose   0x0000194c       0x5c /Applications/MCUXpressoIDE_24.12.148/ide/plugins/com.nxp.mcuxpresso.tools.macosx_24.12.0.202407110909/tools/bin/../lib/gcc/arm-none-eabi/13.2.1/../../../../arm-none-eabi/lib/thumb/v6-m/nofp/libcr_c.a(fclose.o)
                0x0000194c                fclose
 .text.fflush   0x000019a8       0x40 /Applications/MCUXpressoIDE_24.12.148/ide/plugins/com.nxp.mcuxpresso.tools.macosx_24.12.0.202407110909/tools/bin/../lib/gcc/arm-none-eabi/13.2.1/../../../../arm-none-eabi/lib/thumb/v6-m/nofp/libcr_c.a(fflush.o)
                0x000019a8                fflush
 .text.fseek    0x000019e8       0xec /Applications/MCUXpressoIDE_24.12.148/ide/plugins/com.nxp.mcuxpresso.tools.macosx_24.12.0.202407110909/tools/bin/../lib/gcc/arm-none-eabi/13.2.1/../../../../arm-none-eabi/lib/thumb/v6-m/nofp/libcr_c.a(fseek.o)
                0x000019e8                fseek
 .text.ftell    0x00001ad4       0x4c /Applications/MCUXpressoIDE_24.12.148/ide/plugins/com.nxp.mcuxpresso.tools.macosx_24.12.0.202407110909/tools/bin/../lib/gcc/arm-none-eabi/13.2.1/../../../../arm-none-eabi/lib/thumb/v6-m/nofp/libcr_c.a(ftell.o)
                0x00001ad4                ftell
 .text.__check_heap_overflow
                0x00001b20       0x18 /Applications/MCUXpressoIDE_24.12.148/ide/plugins/com.nxp.mcuxpresso.tools.macosx_24.12.0.202407110909/tools/bin/../lib/gcc/arm-none-eabi/13.2.1/../../../../arm-none-eabi/lib/thumb/v6-m/nofp/libcr_c.a(_cr_check_heap.o)
                0x00001b20                __check_heap_overflow
 .text._do_fflush
                0x00001b38       0x48 /Applications/MCUXpressoIDE_24.12.148/ide/plugins/com.nxp.mcuxpresso.tools.macosx_24.12.0.202407110909/tools/bin/../lib/gcc/arm-none-eabi/13.2.1/../../../../arm-none-eabi/lib/thumb/v6-m/nofp/libcr_c.a(_do_fflush.o)
                0x00001b38                _do_fflush
 .text.__sys_appexit
                0x00001b80        0xc /Applications/MCUXpressoIDE_24.12.148/ide/plugins/com.nxp.mcuxpresso.tools.macosx_24.12.0.202407110909/tools/bin/../lib/gcc/arm-none-eabi/13.2.1/../../../../arm-none-eabi/lib/thumb/v6-m/nofp/libcr_semihost_nf.a(__sys_appexit.o)
                0x00001b80                __exit
                0x00001b80                __sys_appexit
 .text.fsl_assert_hook
                0x00001b8c       0x16 ./utilities/fsl_assert.o
                0x00001b8c                fsl_assert_hook
 .text.GPIO_PinWrite
                0x00001ba2       0x2c ./source/01_blinkynnn.o
 .text.GPIO_PinRead
                0x00001bce       0x24 ./source/01_blinkynnn.o
 .text.GPIO_PinInit
                0x00001bf2       0xc0 ./drivers/fsl_gpio.o
                0x00001bf2                GPIO_PinInit
 .text.RESET_PeripheralReset
                0x00001cb2       0x20 ./drivers/fsl_reset.o
                0x00001cb2                RESET_PeripheralReset
 .text.SystemInitHook
                0x00001cd2        0xa ./device/system_LPC845.o
                0x00001cd2                SystemInitHook
 .text.__main   0x00001cdc        0xc /Applications/MCUXpressoIDE_24.12.148/ide/plugins/com.nxp.mcuxpresso.tools.macosx_24.12.0.202407110909/tools/bin/../lib/gcc/arm-none-eabi/13.2.1/../../../../arm-none-eabi/lib/thumb/v6-m/nofp/libcr_semihost_nf.a(_cr__main.o)
                0x00001cdc                __main
                0x00001cdc                __CR_SEMIHOST
 .text.memset   0x00001ce8        0x8 /Applications/MCUXpressoIDE_24.12.148/ide/plugins/com.nxp.mcuxpresso.tools.macosx_24.12.0.202407110909/tools/bin/../lib/gcc/arm-none-eabi/13.2.1/../../../../arm-none-eabi/lib/thumb/v6-m/nofp/libcr_c.a(memset.o)
                0x00001ce8                memset
 .text.free     0x00001cf0       0x2c /Applications/MCUXpressoIDE_24.12.148/ide/plugins/com.nxp.mcuxpresso.tools.macosx_24.12.0.202407110909/tools/bin/../lib/gcc/arm-none-eabi/13.2.1/../../../../arm-none-eabi/lib/thumb/v6-m/nofp/libcr_c.a(alloc.o)
                0x00001cf0                free
 .text.no_fp_display
                0x00001d1c        0x4 /Applications/MCUXpressoIDE_24.12.148/ide/plugins/com.nxp.mcuxpresso.tools.macosx_24.12.0.202407110909/tools/bin/../lib/gcc/arm-none-eabi/13.2.1/../../../../arm-none-eabi/lib/thumb/v6-m/nofp/libcr_c.a(printf.o)
 .text.remove   0x00001d20       0x12 /Applications/MCUXpressoIDE_24.12.148/ide/plugins/com.nxp.mcuxpresso.tools.macosx_24.12.0.202407110909/tools/bin/../lib/gcc/arm-none-eabi/13.2.1/../../../../arm-none-eabi/lib/thumb/v6-m/nofp/libcr_c.a(remove.o)
                0x00001d20                remove
 .text.__aeabi_llong_lmul
                0x00001d32       0x2e /Applications/MCUXpressoIDE_24.12.148/ide/plugins/com.nxp.mcuxpresso.tools.macosx_24.12.0.202407110909/tools/bin/../lib/gcc/arm-none-eabi/13.2.1/thumb/v6-m/nofp/libcr_eabihelpers.a(llong.o)
                0x00001d32                __aeabi_lmul
 .text.__aeabi_memset_lowlevel
                0x00001d60       0x2a /Applications/MCUXpressoIDE_24.12.148/ide/plugins/com.nxp.mcuxpresso.tools.macosx_24.12.0.202407110909/tools/bin/../lib/gcc/arm-none-eabi/13.2.1/thumb/v6-m/nofp/libcr_eabihelpers.a(memcpy.o)
                0x00001d60                __aeabi_lowlevel_memset
 .text.__gnu_thumb1_case_uqi
                0x00001d8a       0x10 /Applications/MCUXpressoIDE_24.12.148/ide/plugins/com.nxp.mcuxpresso.tools.macosx_24.12.0.202407110909/tools/bin/../lib/gcc/arm-none-eabi/13.2.1/thumb/v6-m/nofp/libcr_eabihelpers.a(thumb1_switch_helpers.o)
                0x00001d8a                __gnu_thumb1_case_uqi
 .text.__gnu_thumb1_case_shi
                0x00001d9a       0x10 /Applications/MCUXpressoIDE_24.12.148/ide/plugins/com.nxp.mcuxpresso.tools.macosx_24.12.0.202407110909/tools/bin/../lib/gcc/arm-none-eabi/13.2.1/thumb/v6-m/nofp/libcr_eabihelpers.a(thumb1_switch_helpers.o)
                0x00001d9a                __gnu_thumb1_case_shi
 .text.__gnu_thumb1_case_uhi
                0x00001daa       0x10 /Applications/MCUXpressoIDE_24.12.148/ide/plugins/com.nxp.mcuxpresso.tools.macosx_24.12.0.202407110909/tools/bin/../lib/gcc/arm-none-eabi/13.2.1/thumb/v6-m/nofp/libcr_eabihelpers.a(thumb1_switch_helpers.o)
                0x00001daa                __gnu_thumb1_case_uhi
 .text.__sys_close
                0x00001dba        0xc /Applications/MCUXpressoIDE_24.12.148/ide/plugins/com.nxp.mcuxpresso.tools.macosx_24.12.0.202407110909/tools/bin/../lib/gcc/arm-none-eabi/13.2.1/../../../../arm-none-eabi/lib/thumb/v6-m/nofp/libcr_semihost_nf.a(__sys_close.o)
                0x00001dba                __sys_close
 .text.__sys_flen
                0x00001dc6        0xc /Applications/MCUXpressoIDE_24.12.148/ide/plugins/com.nxp.mcuxpresso.tools.macosx_24.12.0.202407110909/tools/bin/../lib/gcc/arm-none-eabi/13.2.1/../../../../arm-none-eabi/lib/thumb/v6-m/nofp/libcr_semihost_nf.a(__sys_flen.o)
                0x00001dc6                __sys_flen
 .text.__sys_istty
                0x00001dd2        0xc /Applications/MCUXpressoIDE_24.12.148/ide/plugins/com.nxp.mcuxpresso.tools.macosx_24.12.0.202407110909/tools/bin/../lib/gcc/arm-none-eabi/13.2.1/../../../../arm-none-eabi/lib/thumb/v6-m/nofp/libcr_semihost_nf.a(__sys_istty.o)
                0x00001dd2                __sys_istty
 .text.__sys_remove
                0x00001dde        0xc /Applications/MCUXpressoIDE_24.12.148/ide/plugins/com.nxp.mcuxpresso.tools.macosx_24.12.0.202407110909/tools/bin/../lib/gcc/arm-none-eabi/13.2.1/../../../../arm-none-eabi/lib/thumb/v6-m/nofp/libcr_semihost_nf.a(__sys_remove.o)
                0x00001dde                __sys_remove
 .text.__sys_seek
                0x00001dea        0xc /Applications/MCUXpressoIDE_24.12.148/ide/plugins/com.nxp.mcuxpresso.tools.macosx_24.12.0.202407110909/tools/bin/../lib/gcc/arm-none-eabi/13.2.1/../../../../arm-none-eabi/lib/thumb/v6-m/nofp/libcr_semihost_nf.a(__sys_seek.o)
                0x00001dea                __sys_seek
 .text.__sys_tmpnam
                0x00001df6        0xc /Applications/MCUXpressoIDE_24.12.148/ide/plugins/com.nxp.mcuxpresso.tools.macosx_24.12.0.202407110909/tools/bin/../lib/gcc/arm-none-eabi/13.2.1/../../../../arm-none-eabi/lib/thumb/v6-m/nofp/libcr_semihost_nf.a(__sys_tmpnam.o)
                0x00001df6                __sys_tmpnam
 .text.__sys_write
                0x00001e02        0xc /Applications/MCUXpressoIDE_24.12.148/ide/plugins/com.nxp.mcuxpresso.tools.macosx_24.12.0.202407110909/tools/bin/../lib/gcc/arm-none-eabi/13.2.1/../../../../arm-none-eabi/lib/thumb/v6-m/nofp/libcr_semihost_nf.a(__sys_write.o)
                0x00001e02                __sys_write
 *(SORT_BY_ALIGNMENT(.rodata) SORT_BY_ALIGNMENT(.rodata.*) SORT_BY_ALIGNMENT(.constdata) SORT_BY_ALIGNMENT(.constdata.*))
 *fill*         0x00001e0e        0x2 ff
 .rodata.__assertion_failed.str1.4
                0x00001e10       0x87 ./utilities/fsl_assert.o
                                 0x14 (size before relaxing)
 *fill*         0x00001e97        0x1 ff
 .rodata        0x00001e98        0x2 ./source/01_blinkynnn.o
 *fill*         0x00001e9a        0x2 ff
 .rodata.s_gpioClockName
                0x00001e9c        0x4 ./drivers/fsl_gpio.o
 .rodata.s_gpioResets
                0x00001ea0        0x8 ./drivers/fsl_gpio.o
 .rodata.GPIO_EnablePortClock.str1.4
                0x00001ea8       0x33 ./drivers/fsl_gpio.o
 .rodata.RESET_SetPeripheralReset.str1.4
                0x00001ea8       0x1f ./drivers/fsl_reset.o
 .rodata.RESET_ClearPeripheralReset.str1.4
                0x00001ea8       0x1f ./drivers/fsl_reset.o
 .rodata.__num_Ciob_streams
                0x00001ea8        0x4 /Applications/MCUXpressoIDE_24.12.148/ide/plugins/com.nxp.mcuxpresso.tools.macosx_24.12.0.202407110909/tools/bin/../lib/gcc/arm-none-eabi/13.2.1/../../../../arm-none-eabi/lib/thumb/v6-m/nofp/libcr_semihost_nf.a(__ciob.o)
                0x00001ea8                __num_Ciob_streams
 .rodata._Csys_alloc.str1.1
                0x00001eac       0x53 /Applications/MCUXpressoIDE_24.12.148/ide/plugins/com.nxp.mcuxpresso.tools.macosx_24.12.0.202407110909/tools/bin/../lib/gcc/arm-none-eabi/13.2.1/../../../../arm-none-eabi/lib/thumb/v6-m/nofp/libcr_c.a(alloc.o)
                                 0x18 (size before relaxing)
 .rodata._initio.str1.1
                0x00001eff        0x4 /Applications/MCUXpressoIDE_24.12.148/ide/plugins/com.nxp.mcuxpresso.tools.macosx_24.12.0.202407110909/tools/bin/../lib/gcc/arm-none-eabi/13.2.1/../../../../arm-none-eabi/lib/thumb/v6-m/nofp/libcr_c.a(initio.o)
 .rodata.__vfprintf.str1.1
                0x00001eff       0x38 /Applications/MCUXpressoIDE_24.12.148/ide/plugins/com.nxp.mcuxpresso.tools.macosx_24.12.0.202407110909/tools/bin/../lib/gcc/arm-none-eabi/13.2.1/../../../../arm-none-eabi/lib/thumb/v6-m/nofp/libcr_c.a(printf.o)
                0x00001f38                        . = ALIGN (0x4)
 *fill*         0x00001eff        0x1 ff

.glue_7         0x00001f00        0x0
 .glue_7        0x00001f00        0x0 linker stubs

.glue_7t        0x00001f00        0x0
 .glue_7t       0x00001f00        0x0 linker stubs

.vfp11_veneer   0x00001f00        0x0
 .vfp11_veneer  0x00001f00        0x0 linker stubs

.v4_bx          0x00001f00        0x0
 .v4_bx         0x00001f00        0x0 linker stubs

.iplt           0x00001f00        0x0
 .iplt          0x00001f00        0x0 ./utilities/fsl_assert.o

.rel.dyn        0x00001f00        0x0
 .rel.iplt      0x00001f00        0x0 ./utilities/fsl_assert.o

.ARM.extab
 *(SORT_BY_ALIGNMENT(.ARM.extab*) SORT_BY_ALIGNMENT(.gnu.linkonce.armextab.*))

.ARM.exidx      0x00001f00        0x0
                0x00001f00                        __exidx_start = .
 *(SORT_BY_ALIGNMENT(.ARM.exidx*) SORT_BY_ALIGNMENT(.gnu.linkonce.armexidx.*))
                0x00001f00                        __exidx_end = .
                0x00001f00                        _etext = .

.mtb_buffer_RAM2
 *(SORT_BY_ALIGNMENT(.mtb.$RAM2*))
 *(SORT_BY_ALIGNMENT(.mtb.$IAP_SRAM*))

.data_RAM2      0x10003fe0        0x0 load address 0x00001f00
 FILL mask 0xff
                [!provide]                        PROVIDE (__start_data_RAM2 = .)
                [!provide]                        PROVIDE (__start_data_IAP_SRAM = .)
 *(SORT_BY_ALIGNMENT(.ramfunc.$RAM2))
 *(SORT_BY_ALIGNMENT(.ramfunc.$IAP_SRAM))
 *(SORT_BY_ALIGNMENT(.data.$RAM2))
 *(SORT_BY_ALIGNMENT(.data.$IAP_SRAM))
 *(SORT_BY_ALIGNMENT(.data.$RAM2.*))
 *(SORT_BY_ALIGNMENT(.data.$IAP_SRAM.*))
                0x10003fe0                        . = ALIGN (0x4)
                [!provide]                        PROVIDE (__end_data_RAM2 = .)
                [!provide]                        PROVIDE (__end_data_IAP_SRAM = .)

.mtb_buffer_default
                0x10000000       0x80
 *(SORT_BY_ALIGNMENT(.mtb*))
 .mtb.$RAM1     0x10000000       0x80 ./source/mtb.o
                0x10000000                __mtb_buffer__

.uninit_RESERVED
                0x10000080        0x0
                0x10000080                        _start_uninit_RESERVED = .
 *(SORT_BY_ALIGNMENT(.bss.$RESERVED*))
                0x10000080                        . = ALIGN (0x4)
                0x10000080                        _end_uninit_RESERVED = .

.data           0x10000080        0x4 load address 0x00001f00
 FILL mask 0xff
                0x10000080                        _data = .
                [!provide]                        PROVIDE (__start_data_RAM = .)
                [!provide]                        PROVIDE (__start_data_SRAM = .)
 *(SORT_BY_ALIGNMENT(vtable))
 *(SORT_BY_ALIGNMENT(.ramfunc*))
 *(SORT_BY_ALIGNMENT(CodeQuickAccess))
 *(SORT_BY_ALIGNMENT(DataQuickAccess))
 *(SORT_BY_ALIGNMENT(RamFunction))
 *(SORT_BY_ALIGNMENT(.data*))
 .data.SystemCoreClock
                0x10000080        0x4 ./device/system_LPC845.o
                0x10000080                SystemCoreClock
                0x10000084                        . = ALIGN (0x4)
                0x10000084                        _edata = .
                [!provide]                        PROVIDE (__end_data_RAM = .)
                [!provide]                        PROVIDE (__end_data_SRAM = .)

.igot.plt       0x10000084        0x0 load address 0x00001f04
 .igot.plt      0x10000084        0x0 ./utilities/fsl_assert.o

.bss_RAM2       0x10003fe0        0x0
                [!provide]                        PROVIDE (__start_bss_RAM2 = .)
                [!provide]                        PROVIDE (__start_bss_IAP_SRAM = .)
 *(SORT_BY_ALIGNMENT(.bss.$RAM2))
 *(SORT_BY_ALIGNMENT(.bss.$IAP_SRAM))
 *(SORT_BY_ALIGNMENT(.bss.$RAM2.*))
 *(SORT_BY_ALIGNMENT(.bss.$IAP_SRAM.*))
                0x10003fe0                        . = ALIGN ((. != 0x0)?0x4:0x1)
                [!provide]                        PROVIDE (__end_bss_RAM2 = .)
                [!provide]                        PROVIDE (__end_bss_IAP_SRAM = .)

.bss            0x10000084       0xd8
                0x10000084                        _bss = .
                [!provide]                        PROVIDE (__start_bss_RAM = .)
                [!provide]                        PROVIDE (__start_bss_SRAM = .)
 *(SORT_BY_ALIGNMENT(.bss*))
 .bss.s_usartHandle
                0x10000084       0x14 ./drivers/fsl_usart.o
 .bss.s_usartIsr
                0x10000098        0x4 ./drivers/fsl_usart.o
 .bss.errno     0x1000009c        0x4 /Applications/MCUXpressoIDE_24.12.148/ide/plugins/com.nxp.mcuxpresso.tools.macosx_24.12.0.202407110909/tools/bin/../lib/gcc/arm-none-eabi/13.2.1/../../../../arm-none-eabi/lib/thumb/v6-m/nofp/libcr_c.a(errno.o)
                0x1000009c                errno
 .bss.__end_of_heap
                0x100000a0        0x4 /Applications/MCUXpressoIDE_24.12.148/ide/plugins/com.nxp.mcuxpresso.tools.macosx_24.12.0.202407110909/tools/bin/../lib/gcc/arm-none-eabi/13.2.1/../../../../arm-none-eabi/lib/thumb/v6-m/nofp/libcr_c.a(__init_alloc.o)
                0x100000a0                __end_of_heap
 .bss.__heaps   0x100000a4        0x4 /Applications/MCUXpressoIDE_24.12.148/ide/plugins/com.nxp.mcuxpresso.tools.macosx_24.12.0.202407110909/tools/bin/../lib/gcc/arm-none-eabi/13.2.1/../../../../arm-none-eabi/lib/thumb/v6-m/nofp/libcr_c.a(__init_alloc.o)
                0x100000a4                __heaps
 .bss.__Ciob    0x100000a8       0xb4 /Applications/MCUXpressoIDE_24.12.148/ide/plugins/com.nxp.mcuxpresso.tools.macosx_24.12.0.202407110909/tools/bin/../lib/gcc/arm-none-eabi/13.2.1/../../../../arm-none-eabi/lib/thumb/v6-m/nofp/libcr_semihost_nf.a(__ciob.o)
                0x100000a8                __Ciob
 *(SORT_BY_ALIGNMENT(COMMON))
                0x1000015c                        . = ALIGN (0x4)
                0x1000015c                        _ebss = .
                [!provide]                        PROVIDE (__end_bss_RAM = .)
                [!provide]                        PROVIDE (__end_bss_SRAM = .)
                [!provide]                        PROVIDE (end = .)

.noinit_RAM2    0x10003fe0        0x0
                [!provide]                        PROVIDE (__start_noinit_RAM2 = .)
                [!provide]                        PROVIDE (__start_noinit_IAP_SRAM = .)
 *(SORT_BY_ALIGNMENT(.noinit.$RAM2))
 *(SORT_BY_ALIGNMENT(.noinit.$IAP_SRAM))
 *(SORT_BY_ALIGNMENT(.noinit.$RAM2.*))
 *(SORT_BY_ALIGNMENT(.noinit.$IAP_SRAM.*))
                0x10003fe0                        . = ALIGN (0x4)
                [!provide]                        PROVIDE (__end_noinit_RAM2 = .)
                [!provide]                        PROVIDE (__end_noinit_IAP_SRAM = .)

.noinit         0x1000015c        0x0
                0x1000015c                        _noinit = .
                [!provide]                        PROVIDE (__start_noinit_RAM = .)
                [!provide]                        PROVIDE (__start_noinit_SRAM = .)
 *(SORT_BY_ALIGNMENT(.noinit*))
                0x1000015c                        . = ALIGN (0x4)
                0x1000015c                        _end_noinit = .
                [!provide]                        PROVIDE (__end_noinit_RAM = .)
                [!provide]                        PROVIDE (__end_noinit_SRAM = .)
                0x000003f8                        _HeapSize = 0x3f8

.heap           0x1000015c      0x3f8
                0x1000015c                        _pvHeapStart = .
                0x10000554                        . = (. + _HeapSize)
 *fill*         0x1000015c      0x3f8 
                0x10000554                        . = ALIGN (0x4)
                0x10000554                        _pvHeapLimit = .
                0x000003f8                        _StackSize = 0x3f8

.heap2stackfill
                0x10000554      0x3f8
                0x1000094c                        . = (. + _StackSize)
 *fill*         0x10000554      0x3f8 

.stack          0x10003be8        0x0
                0x10003be8                        _vStackBase = .
                0x10003be8                        . = ALIGN (0x4)
                0x10003fe0                        _vStackTop = (. + _StackSize)
                0xefffba37                        PROVIDE (__valid_user_code_checksum = (0x0 - (((_vStackTop + (ResetISR + 0x1)) + (DEFINED (NMI_Handler)?NMI_Handler:M0_NMI_Handler + 0x1)) + (DEFINED (HardFault_Handler)?HardFault_Handler:M0_HardFault_Handler + 0x1))))
                0x00000000                        _image_start = LOADADDR (.text)
                0x00001f04                        _image_end = (LOADADDR (.data) + SIZEOF (.data))
                0x00001f04                        _image_size = (_image_end - _image_start)
OUTPUT(01_blinkynnn.axf elf32-littlearm)
LOAD linker stubs

.debug_info     0x00000000     0x7e47
 .debug_info    0x00000000      0x12e ./utilities/fsl_assert.o
 .debug_info    0x0000012e      0x65b ./startup/startup_lpc845.o
 .debug_info    0x00000789      0x3e9 ./source/01_blinkynnn.o
 .debug_info    0x00000b72       0x53 ./source/mtb.o
 .debug_info    0x00000bc5       0x3c ./source/semihost_hardfault.o
 .debug_info    0x00000c01      0xdb9 ./drivers/fsl_gpio.o
 .debug_info    0x000019ba      0x6fc ./drivers/fsl_reset.o
 .debug_info    0x000020b6     0x1be7 ./drivers/fsl_usart.o
 .debug_info    0x00003c9d      0x670 ./device/system_LPC845.o
 .debug_info    0x0000430d       0x85 /Applications/MCUXpressoIDE_24.12.148/ide/plugins/com.nxp.mcuxpresso.tools.macosx_24.12.0.202407110909/tools/bin/../lib/gcc/arm-none-eabi/13.2.1/../../../../arm-none-eabi/lib/thumb/v6-m/nofp/libcr_semihost_nf.a(_cr__main.o)
 .debug_info    0x00004392       0xfc /Applications/MCUXpressoIDE_24.12.148/ide/plugins/com.nxp.mcuxpresso.tools.macosx_24.12.0.202407110909/tools/bin/../lib/gcc/arm-none-eabi/13.2.1/../../../../arm-none-eabi/lib/thumb/v6-m/nofp/libcr_c.a(memset.o)
 .debug_info    0x0000448e      0x526 /Applications/MCUXpressoIDE_24.12.148/ide/plugins/com.nxp.mcuxpresso.tools.macosx_24.12.0.202407110909/tools/bin/../lib/gcc/arm-none-eabi/13.2.1/../../../../arm-none-eabi/lib/thumb/v6-m/nofp/libcr_c.a(alloc.o)
 .debug_info    0x000049b4       0x44 /Applications/MCUXpressoIDE_24.12.148/ide/plugins/com.nxp.mcuxpresso.tools.macosx_24.12.0.202407110909/tools/bin/../lib/gcc/arm-none-eabi/13.2.1/../../../../arm-none-eabi/lib/thumb/v6-m/nofp/libcr_c.a(errno.o)
 .debug_info    0x000049f8      0x353 /Applications/MCUXpressoIDE_24.12.148/ide/plugins/com.nxp.mcuxpresso.tools.macosx_24.12.0.202407110909/tools/bin/../lib/gcc/arm-none-eabi/13.2.1/../../../../arm-none-eabi/lib/thumb/v6-m/nofp/libcr_c.a(initio.o)
 .debug_info    0x00004d4b     0x12cc /Applications/MCUXpressoIDE_24.12.148/ide/plugins/com.nxp.mcuxpresso.tools.macosx_24.12.0.202407110909/tools/bin/../lib/gcc/arm-none-eabi/13.2.1/../../../../arm-none-eabi/lib/thumb/v6-m/nofp/libcr_c.a(printf.o)
 .debug_info    0x00006017      0x1fd /Applications/MCUXpressoIDE_24.12.148/ide/plugins/com.nxp.mcuxpresso.tools.macosx_24.12.0.202407110909/tools/bin/../lib/gcc/arm-none-eabi/13.2.1/../../../../arm-none-eabi/lib/thumb/v6-m/nofp/libcr_c.a(setvbuf.o)
 .debug_info    0x00006214       0xdd /Applications/MCUXpressoIDE_24.12.148/ide/plugins/com.nxp.mcuxpresso.tools.macosx_24.12.0.202407110909/tools/bin/../lib/gcc/arm-none-eabi/13.2.1/../../../../arm-none-eabi/lib/thumb/v6-m/nofp/libcr_c.a(strlen.o)
 .debug_info    0x000062f1       0xd4 /Applications/MCUXpressoIDE_24.12.148/ide/plugins/com.nxp.mcuxpresso.tools.macosx_24.12.0.202407110909/tools/bin/../lib/gcc/arm-none-eabi/13.2.1/../../../../arm-none-eabi/lib/thumb/v6-m/nofp/libcr_c.a(__init_alloc.o)
 .debug_info    0x000063c5      0x107 /Applications/MCUXpressoIDE_24.12.148/ide/plugins/com.nxp.mcuxpresso.tools.macosx_24.12.0.202407110909/tools/bin/../lib/gcc/arm-none-eabi/13.2.1/../../../../arm-none-eabi/lib/thumb/v6-m/nofp/libcr_c.a(_cr_sbrk.o)
 .debug_info    0x000064cc      0x364 /Applications/MCUXpressoIDE_24.12.148/ide/plugins/com.nxp.mcuxpresso.tools.macosx_24.12.0.202407110909/tools/bin/../lib/gcc/arm-none-eabi/13.2.1/../../../../arm-none-eabi/lib/thumb/v6-m/nofp/libcr_c.a(_deferredlazyseek.o)
 .debug_info    0x00006830      0x24b /Applications/MCUXpressoIDE_24.12.148/ide/plugins/com.nxp.mcuxpresso.tools.macosx_24.12.0.202407110909/tools/bin/../lib/gcc/arm-none-eabi/13.2.1/../../../../arm-none-eabi/lib/thumb/v6-m/nofp/libcr_c.a(_fdopen.o)
 .debug_info    0x00006a7b      0x1ea /Applications/MCUXpressoIDE_24.12.148/ide/plugins/com.nxp.mcuxpresso.tools.macosx_24.12.0.202407110909/tools/bin/../lib/gcc/arm-none-eabi/13.2.1/../../../../arm-none-eabi/lib/thumb/v6-m/nofp/libcr_c.a(_fflush.o)
 .debug_info    0x00006c65      0x28a /Applications/MCUXpressoIDE_24.12.148/ide/plugins/com.nxp.mcuxpresso.tools.macosx_24.12.0.202407110909/tools/bin/../lib/gcc/arm-none-eabi/13.2.1/../../../../arm-none-eabi/lib/thumb/v6-m/nofp/libcr_c.a(_writebuf.o)
 .debug_info    0x00006eef      0x325 /Applications/MCUXpressoIDE_24.12.148/ide/plugins/com.nxp.mcuxpresso.tools.macosx_24.12.0.202407110909/tools/bin/../lib/gcc/arm-none-eabi/13.2.1/../../../../arm-none-eabi/lib/thumb/v6-m/nofp/libcr_c.a(fclose.o)
 .debug_info    0x00007214      0x210 /Applications/MCUXpressoIDE_24.12.148/ide/plugins/com.nxp.mcuxpresso.tools.macosx_24.12.0.202407110909/tools/bin/../lib/gcc/arm-none-eabi/13.2.1/../../../../arm-none-eabi/lib/thumb/v6-m/nofp/libcr_c.a(fflush.o)
 .debug_info    0x00007424      0x27f /Applications/MCUXpressoIDE_24.12.148/ide/plugins/com.nxp.mcuxpresso.tools.macosx_24.12.0.202407110909/tools/bin/../lib/gcc/arm-none-eabi/13.2.1/../../../../arm-none-eabi/lib/thumb/v6-m/nofp/libcr_c.a(fseek.o)
 .debug_info    0x000076a3      0x197 /Applications/MCUXpressoIDE_24.12.148/ide/plugins/com.nxp.mcuxpresso.tools.macosx_24.12.0.202407110909/tools/bin/../lib/gcc/arm-none-eabi/13.2.1/../../../../arm-none-eabi/lib/thumb/v6-m/nofp/libcr_c.a(ftell.o)
 .debug_info    0x0000783a      0x1d0 /Applications/MCUXpressoIDE_24.12.148/ide/plugins/com.nxp.mcuxpresso.tools.macosx_24.12.0.202407110909/tools/bin/../lib/gcc/arm-none-eabi/13.2.1/../../../../arm-none-eabi/lib/thumb/v6-m/nofp/libcr_c.a(remove.o)
 .debug_info    0x00007a0a       0x71 /Applications/MCUXpressoIDE_24.12.148/ide/plugins/com.nxp.mcuxpresso.tools.macosx_24.12.0.202407110909/tools/bin/../lib/gcc/arm-none-eabi/13.2.1/../../../../arm-none-eabi/lib/thumb/v6-m/nofp/libcr_c.a(_cr_check_heap.o)
 .debug_info    0x00007a7b      0x241 /Applications/MCUXpressoIDE_24.12.148/ide/plugins/com.nxp.mcuxpresso.tools.macosx_24.12.0.202407110909/tools/bin/../lib/gcc/arm-none-eabi/13.2.1/../../../../arm-none-eabi/lib/thumb/v6-m/nofp/libcr_c.a(_do_fflush.o)
 .debug_info    0x00007cbc      0x18b /Applications/MCUXpressoIDE_24.12.148/ide/plugins/com.nxp.mcuxpresso.tools.macosx_24.12.0.202407110909/tools/bin/../lib/gcc/arm-none-eabi/13.2.1/../../../../arm-none-eabi/lib/thumb/v6-m/nofp/libcr_semihost_nf.a(__ciob.o)

.debug_abbrev   0x00000000     0x2475
 .debug_abbrev  0x00000000       0xbd ./utilities/fsl_assert.o
 .debug_abbrev  0x000000bd      0x1a5 ./startup/startup_lpc845.o
 .debug_abbrev  0x00000262      0x1ab ./source/01_blinkynnn.o
 .debug_abbrev  0x0000040d       0x46 ./source/mtb.o
 .debug_abbrev  0x00000453       0x31 ./source/semihost_hardfault.o
 .debug_abbrev  0x00000484      0x1d7 ./drivers/fsl_gpio.o
 .debug_abbrev  0x0000065b      0x15d ./drivers/fsl_reset.o
 .debug_abbrev  0x000007b8      0x37a ./drivers/fsl_usart.o
 .debug_abbrev  0x00000b32      0x174 ./device/system_LPC845.o
 .debug_abbrev  0x00000ca6       0x62 /Applications/MCUXpressoIDE_24.12.148/ide/plugins/com.nxp.mcuxpresso.tools.macosx_24.12.0.202407110909/tools/bin/../lib/gcc/arm-none-eabi/13.2.1/../../../../arm-none-eabi/lib/thumb/v6-m/nofp/libcr_semihost_nf.a(_cr__main.o)
 .debug_abbrev  0x00000d08       0xa5 /Applications/MCUXpressoIDE_24.12.148/ide/plugins/com.nxp.mcuxpresso.tools.macosx_24.12.0.202407110909/tools/bin/../lib/gcc/arm-none-eabi/13.2.1/../../../../arm-none-eabi/lib/thumb/v6-m/nofp/libcr_c.a(memset.o)
 .debug_abbrev  0x00000dad      0x27b /Applications/MCUXpressoIDE_24.12.148/ide/plugins/com.nxp.mcuxpresso.tools.macosx_24.12.0.202407110909/tools/bin/../lib/gcc/arm-none-eabi/13.2.1/../../../../arm-none-eabi/lib/thumb/v6-m/nofp/libcr_c.a(alloc.o)
 .debug_abbrev  0x00001028       0x44 /Applications/MCUXpressoIDE_24.12.148/ide/plugins/com.nxp.mcuxpresso.tools.macosx_24.12.0.202407110909/tools/bin/../lib/gcc/arm-none-eabi/13.2.1/../../../../arm-none-eabi/lib/thumb/v6-m/nofp/libcr_c.a(errno.o)
 .debug_abbrev  0x0000106c      0x14b /Applications/MCUXpressoIDE_24.12.148/ide/plugins/com.nxp.mcuxpresso.tools.macosx_24.12.0.202407110909/tools/bin/../lib/gcc/arm-none-eabi/13.2.1/../../../../arm-none-eabi/lib/thumb/v6-m/nofp/libcr_c.a(initio.o)
 .debug_abbrev  0x000011b7      0x3af /Applications/MCUXpressoIDE_24.12.148/ide/plugins/com.nxp.mcuxpresso.tools.macosx_24.12.0.202407110909/tools/bin/../lib/gcc/arm-none-eabi/13.2.1/../../../../arm-none-eabi/lib/thumb/v6-m/nofp/libcr_c.a(printf.o)
 .debug_abbrev  0x00001566       0xe1 /Applications/MCUXpressoIDE_24.12.148/ide/plugins/com.nxp.mcuxpresso.tools.macosx_24.12.0.202407110909/tools/bin/../lib/gcc/arm-none-eabi/13.2.1/../../../../arm-none-eabi/lib/thumb/v6-m/nofp/libcr_c.a(setvbuf.o)
 .debug_abbrev  0x00001647       0xa5 /Applications/MCUXpressoIDE_24.12.148/ide/plugins/com.nxp.mcuxpresso.tools.macosx_24.12.0.202407110909/tools/bin/../lib/gcc/arm-none-eabi/13.2.1/../../../../arm-none-eabi/lib/thumb/v6-m/nofp/libcr_c.a(strlen.o)
 .debug_abbrev  0x000016ec       0xaf /Applications/MCUXpressoIDE_24.12.148/ide/plugins/com.nxp.mcuxpresso.tools.macosx_24.12.0.202407110909/tools/bin/../lib/gcc/arm-none-eabi/13.2.1/../../../../arm-none-eabi/lib/thumb/v6-m/nofp/libcr_c.a(__init_alloc.o)
 .debug_abbrev  0x0000179b       0xd3 /Applications/MCUXpressoIDE_24.12.148/ide/plugins/com.nxp.mcuxpresso.tools.macosx_24.12.0.202407110909/tools/bin/../lib/gcc/arm-none-eabi/13.2.1/../../../../arm-none-eabi/lib/thumb/v6-m/nofp/libcr_c.a(_cr_sbrk.o)
 .debug_abbrev  0x0000186e      0x147 /Applications/MCUXpressoIDE_24.12.148/ide/plugins/com.nxp.mcuxpresso.tools.macosx_24.12.0.202407110909/tools/bin/../lib/gcc/arm-none-eabi/13.2.1/../../../../arm-none-eabi/lib/thumb/v6-m/nofp/libcr_c.a(_deferredlazyseek.o)
 .debug_abbrev  0x000019b5      0x119 /Applications/MCUXpressoIDE_24.12.148/ide/plugins/com.nxp.mcuxpresso.tools.macosx_24.12.0.202407110909/tools/bin/../lib/gcc/arm-none-eabi/13.2.1/../../../../arm-none-eabi/lib/thumb/v6-m/nofp/libcr_c.a(_fdopen.o)
 .debug_abbrev  0x00001ace       0xf1 /Applications/MCUXpressoIDE_24.12.148/ide/plugins/com.nxp.mcuxpresso.tools.macosx_24.12.0.202407110909/tools/bin/../lib/gcc/arm-none-eabi/13.2.1/../../../../arm-none-eabi/lib/thumb/v6-m/nofp/libcr_c.a(_fflush.o)
 .debug_abbrev  0x00001bbf      0x126 /Applications/MCUXpressoIDE_24.12.148/ide/plugins/com.nxp.mcuxpresso.tools.macosx_24.12.0.202407110909/tools/bin/../lib/gcc/arm-none-eabi/13.2.1/../../../../arm-none-eabi/lib/thumb/v6-m/nofp/libcr_c.a(_writebuf.o)
 .debug_abbrev  0x00001ce5      0x158 /Applications/MCUXpressoIDE_24.12.148/ide/plugins/com.nxp.mcuxpresso.tools.macosx_24.12.0.202407110909/tools/bin/../lib/gcc/arm-none-eabi/13.2.1/../../../../arm-none-eabi/lib/thumb/v6-m/nofp/libcr_c.a(fclose.o)
 .debug_abbrev  0x00001e3d      0x122 /Applications/MCUXpressoIDE_24.12.148/ide/plugins/com.nxp.mcuxpresso.tools.macosx_24.12.0.202407110909/tools/bin/../lib/gcc/arm-none-eabi/13.2.1/../../../../arm-none-eabi/lib/thumb/v6-m/nofp/libcr_c.a(fflush.o)
 .debug_abbrev  0x00001f5f      0x11b /Applications/MCUXpressoIDE_24.12.148/ide/plugins/com.nxp.mcuxpresso.tools.macosx_24.12.0.202407110909/tools/bin/../lib/gcc/arm-none-eabi/13.2.1/../../../../arm-none-eabi/lib/thumb/v6-m/nofp/libcr_c.a(fseek.o)
 .debug_abbrev  0x0000207a       0xc2 /Applications/MCUXpressoIDE_24.12.148/ide/plugins/com.nxp.mcuxpresso.tools.macosx_24.12.0.202407110909/tools/bin/../lib/gcc/arm-none-eabi/13.2.1/../../../../arm-none-eabi/lib/thumb/v6-m/nofp/libcr_c.a(ftell.o)
 .debug_abbrev  0x0000213c       0xed /Applications/MCUXpressoIDE_24.12.148/ide/plugins/com.nxp.mcuxpresso.tools.macosx_24.12.0.202407110909/tools/bin/../lib/gcc/arm-none-eabi/13.2.1/../../../../arm-none-eabi/lib/thumb/v6-m/nofp/libcr_c.a(remove.o)
 .debug_abbrev  0x00002229       0x6b /Applications/MCUXpressoIDE_24.12.148/ide/plugins/com.nxp.mcuxpresso.tools.macosx_24.12.0.202407110909/tools/bin/../lib/gcc/arm-none-eabi/13.2.1/../../../../arm-none-eabi/lib/thumb/v6-m/nofp/libcr_c.a(_cr_check_heap.o)
 .debug_abbrev  0x00002294      0x12c /Applications/MCUXpressoIDE_24.12.148/ide/plugins/com.nxp.mcuxpresso.tools.macosx_24.12.0.202407110909/tools/bin/../lib/gcc/arm-none-eabi/13.2.1/../../../../arm-none-eabi/lib/thumb/v6-m/nofp/libcr_c.a(_do_fflush.o)
 .debug_abbrev  0x000023c0       0xb5 /Applications/MCUXpressoIDE_24.12.148/ide/plugins/com.nxp.mcuxpresso.tools.macosx_24.12.0.202407110909/tools/bin/../lib/gcc/arm-none-eabi/13.2.1/../../../../arm-none-eabi/lib/thumb/v6-m/nofp/libcr_semihost_nf.a(__ciob.o)

.debug_aranges  0x00000000      0x6e8
 .debug_aranges
                0x00000000       0x28 ./utilities/fsl_assert.o
 .debug_aranges
                0x00000028      0x160 ./startup/startup_lpc845.o
 .debug_aranges
                0x00000188       0x30 ./source/01_blinkynnn.o
 .debug_aranges
                0x000001b8       0x18 ./source/mtb.o
 .debug_aranges
                0x000001d0       0x20 ./source/semihost_hardfault.o
 .debug_aranges
                0x000001f0       0x38 ./drivers/fsl_gpio.o
 .debug_aranges
                0x00000228       0x30 ./drivers/fsl_reset.o
 .debug_aranges
                0x00000258      0x128 ./drivers/fsl_usart.o
 .debug_aranges
                0x00000380       0x30 ./device/system_LPC845.o
 .debug_aranges
                0x000003b0       0x20 /Applications/MCUXpressoIDE_24.12.148/ide/plugins/com.nxp.mcuxpresso.tools.macosx_24.12.0.202407110909/tools/bin/../lib/gcc/arm-none-eabi/13.2.1/../../../../arm-none-eabi/lib/thumb/v6-m/nofp/libcr_semihost_nf.a(_cr__main.o)
 .debug_aranges
                0x000003d0       0x20 /Applications/MCUXpressoIDE_24.12.148/ide/plugins/com.nxp.mcuxpresso.tools.macosx_24.12.0.202407110909/tools/bin/../lib/gcc/arm-none-eabi/13.2.1/../../../../arm-none-eabi/lib/thumb/v6-m/nofp/libcr_c.a(memset.o)
 .debug_aranges
                0x000003f0       0x40 /Applications/MCUXpressoIDE_24.12.148/ide/plugins/com.nxp.mcuxpresso.tools.macosx_24.12.0.202407110909/tools/bin/../lib/gcc/arm-none-eabi/13.2.1/../../../../arm-none-eabi/lib/thumb/v6-m/nofp/libcr_c.a(alloc.o)
 .debug_aranges
                0x00000430       0x18 /Applications/MCUXpressoIDE_24.12.148/ide/plugins/com.nxp.mcuxpresso.tools.macosx_24.12.0.202407110909/tools/bin/../lib/gcc/arm-none-eabi/13.2.1/../../../../arm-none-eabi/lib/thumb/v6-m/nofp/libcr_c.a(errno.o)
 .debug_aranges
                0x00000448       0x28 /Applications/MCUXpressoIDE_24.12.148/ide/plugins/com.nxp.mcuxpresso.tools.macosx_24.12.0.202407110909/tools/bin/../lib/gcc/arm-none-eabi/13.2.1/../../../../arm-none-eabi/lib/thumb/v6-m/nofp/libcr_c.a(initio.o)
 .debug_aranges
                0x00000470       0x70 /Applications/MCUXpressoIDE_24.12.148/ide/plugins/com.nxp.mcuxpresso.tools.macosx_24.12.0.202407110909/tools/bin/../lib/gcc/arm-none-eabi/13.2.1/../../../../arm-none-eabi/lib/thumb/v6-m/nofp/libcr_c.a(printf.o)
 .debug_aranges
                0x000004e0       0x20 /Applications/MCUXpressoIDE_24.12.148/ide/plugins/com.nxp.mcuxpresso.tools.macosx_24.12.0.202407110909/tools/bin/../lib/gcc/arm-none-eabi/13.2.1/../../../../arm-none-eabi/lib/thumb/v6-m/nofp/libcr_c.a(setvbuf.o)
 .debug_aranges
                0x00000500       0x20 /Applications/MCUXpressoIDE_24.12.148/ide/plugins/com.nxp.mcuxpresso.tools.macosx_24.12.0.202407110909/tools/bin/../lib/gcc/arm-none-eabi/13.2.1/../../../../arm-none-eabi/lib/thumb/v6-m/nofp/libcr_c.a(strlen.o)
 .debug_aranges
                0x00000520       0x20 /Applications/MCUXpressoIDE_24.12.148/ide/plugins/com.nxp.mcuxpresso.tools.macosx_24.12.0.202407110909/tools/bin/../lib/gcc/arm-none-eabi/13.2.1/../../../../arm-none-eabi/lib/thumb/v6-m/nofp/libcr_c.a(__init_alloc.o)
 .debug_aranges
                0x00000540       0x20 /Applications/MCUXpressoIDE_24.12.148/ide/plugins/com.nxp.mcuxpresso.tools.macosx_24.12.0.202407110909/tools/bin/../lib/gcc/arm-none-eabi/13.2.1/../../../../arm-none-eabi/lib/thumb/v6-m/nofp/libcr_c.a(_cr_sbrk.o)
 .debug_aranges
                0x00000560       0x28 /Applications/MCUXpressoIDE_24.12.148/ide/plugins/com.nxp.mcuxpresso.tools.macosx_24.12.0.202407110909/tools/bin/../lib/gcc/arm-none-eabi/13.2.1/../../../../arm-none-eabi/lib/thumb/v6-m/nofp/libcr_c.a(_deferredlazyseek.o)
 .debug_aranges
                0x00000588       0x20 /Applications/MCUXpressoIDE_24.12.148/ide/plugins/com.nxp.mcuxpresso.tools.macosx_24.12.0.202407110909/tools/bin/../lib/gcc/arm-none-eabi/13.2.1/../../../../arm-none-eabi/lib/thumb/v6-m/nofp/libcr_c.a(_fdopen.o)
 .debug_aranges
                0x000005a8       0x20 /Applications/MCUXpressoIDE_24.12.148/ide/plugins/com.nxp.mcuxpresso.tools.macosx_24.12.0.202407110909/tools/bin/../lib/gcc/arm-none-eabi/13.2.1/../../../../arm-none-eabi/lib/thumb/v6-m/nofp/libcr_c.a(_fflush.o)
 .debug_aranges
                0x000005c8       0x20 /Applications/MCUXpressoIDE_24.12.148/ide/plugins/com.nxp.mcuxpresso.tools.macosx_24.12.0.202407110909/tools/bin/../lib/gcc/arm-none-eabi/13.2.1/../../../../arm-none-eabi/lib/thumb/v6-m/nofp/libcr_c.a(_writebuf.o)
 .debug_aranges
                0x000005e8       0x20 /Applications/MCUXpressoIDE_24.12.148/ide/plugins/com.nxp.mcuxpresso.tools.macosx_24.12.0.202407110909/tools/bin/../lib/gcc/arm-none-eabi/13.2.1/../../../../arm-none-eabi/lib/thumb/v6-m/nofp/libcr_c.a(fclose.o)
 .debug_aranges
                0x00000608       0x20 /Applications/MCUXpressoIDE_24.12.148/ide/plugins/com.nxp.mcuxpresso.tools.macosx_24.12.0.202407110909/tools/bin/../lib/gcc/arm-none-eabi/13.2.1/../../../../arm-none-eabi/lib/thumb/v6-m/nofp/libcr_c.a(fflush.o)
 .debug_aranges
                0x00000628       0x20 /Applications/MCUXpressoIDE_24.12.148/ide/plugins/com.nxp.mcuxpresso.tools.macosx_24.12.0.202407110909/tools/bin/../lib/gcc/arm-none-eabi/13.2.1/../../../../arm-none-eabi/lib/thumb/v6-m/nofp/libcr_c.a(fseek.o)
 .debug_aranges
                0x00000648       0x20 /Applications/MCUXpressoIDE_24.12.148/ide/plugins/com.nxp.mcuxpresso.tools.macosx_24.12.0.202407110909/tools/bin/../lib/gcc/arm-none-eabi/13.2.1/../../../../arm-none-eabi/lib/thumb/v6-m/nofp/libcr_c.a(ftell.o)
 .debug_aranges
                0x00000668       0x28 /Applications/MCUXpressoIDE_24.12.148/ide/plugins/com.nxp.mcuxpresso.tools.macosx_24.12.0.202407110909/tools/bin/../lib/gcc/arm-none-eabi/13.2.1/../../../../arm-none-eabi/lib/thumb/v6-m/nofp/libcr_c.a(remove.o)
 .debug_aranges
                0x00000690       0x20 /Applications/MCUXpressoIDE_24.12.148/ide/plugins/com.nxp.mcuxpresso.tools.macosx_24.12.0.202407110909/tools/bin/../lib/gcc/arm-none-eabi/13.2.1/../../../../arm-none-eabi/lib/thumb/v6-m/nofp/libcr_c.a(_cr_check_heap.o)
 .debug_aranges
                0x000006b0       0x20 /Applications/MCUXpressoIDE_24.12.148/ide/plugins/com.nxp.mcuxpresso.tools.macosx_24.12.0.202407110909/tools/bin/../lib/gcc/arm-none-eabi/13.2.1/../../../../arm-none-eabi/lib/thumb/v6-m/nofp/libcr_c.a(_do_fflush.o)
 .debug_aranges
                0x000006d0       0x18 /Applications/MCUXpressoIDE_24.12.148/ide/plugins/com.nxp.mcuxpresso.tools.macosx_24.12.0.202407110909/tools/bin/../lib/gcc/arm-none-eabi/13.2.1/../../../../arm-none-eabi/lib/thumb/v6-m/nofp/libcr_semihost_nf.a(__ciob.o)

.debug_ranges   0x00000000      0x790
 .debug_ranges  0x00000000       0x18 ./utilities/fsl_assert.o
 .debug_ranges  0x00000018      0x150 ./startup/startup_lpc845.o
 .debug_ranges  0x00000168       0x20 ./source/01_blinkynnn.o
 .debug_ranges  0x00000188       0x10 ./source/semihost_hardfault.o
 .debug_ranges  0x00000198       0x28 ./drivers/fsl_gpio.o
 .debug_ranges  0x000001c0       0x20 ./drivers/fsl_reset.o
 .debug_ranges  0x000001e0      0x118 ./drivers/fsl_usart.o
 .debug_ranges  0x000002f8       0x20 ./device/system_LPC845.o
 .debug_ranges  0x00000318       0x10 /Applications/MCUXpressoIDE_24.12.148/ide/plugins/com.nxp.mcuxpresso.tools.macosx_24.12.0.202407110909/tools/bin/../lib/gcc/arm-none-eabi/13.2.1/../../../../arm-none-eabi/lib/thumb/v6-m/nofp/libcr_semihost_nf.a(_cr__main.o)
 .debug_ranges  0x00000328       0x10 /Applications/MCUXpressoIDE_24.12.148/ide/plugins/com.nxp.mcuxpresso.tools.macosx_24.12.0.202407110909/tools/bin/../lib/gcc/arm-none-eabi/13.2.1/../../../../arm-none-eabi/lib/thumb/v6-m/nofp/libcr_c.a(memset.o)
 .debug_ranges  0x00000338       0x50 /Applications/MCUXpressoIDE_24.12.148/ide/plugins/com.nxp.mcuxpresso.tools.macosx_24.12.0.202407110909/tools/bin/../lib/gcc/arm-none-eabi/13.2.1/../../../../arm-none-eabi/lib/thumb/v6-m/nofp/libcr_c.a(alloc.o)
 .debug_ranges  0x00000388       0x38 /Applications/MCUXpressoIDE_24.12.148/ide/plugins/com.nxp.mcuxpresso.tools.macosx_24.12.0.202407110909/tools/bin/../lib/gcc/arm-none-eabi/13.2.1/../../../../arm-none-eabi/lib/thumb/v6-m/nofp/libcr_c.a(initio.o)
 .debug_ranges  0x000003c0      0x258 /Applications/MCUXpressoIDE_24.12.148/ide/plugins/com.nxp.mcuxpresso.tools.macosx_24.12.0.202407110909/tools/bin/../lib/gcc/arm-none-eabi/13.2.1/../../../../arm-none-eabi/lib/thumb/v6-m/nofp/libcr_c.a(printf.o)
 .debug_ranges  0x00000618       0x10 /Applications/MCUXpressoIDE_24.12.148/ide/plugins/com.nxp.mcuxpresso.tools.macosx_24.12.0.202407110909/tools/bin/../lib/gcc/arm-none-eabi/13.2.1/../../../../arm-none-eabi/lib/thumb/v6-m/nofp/libcr_c.a(setvbuf.o)
 .debug_ranges  0x00000628       0x28 /Applications/MCUXpressoIDE_24.12.148/ide/plugins/com.nxp.mcuxpresso.tools.macosx_24.12.0.202407110909/tools/bin/../lib/gcc/arm-none-eabi/13.2.1/../../../../arm-none-eabi/lib/thumb/v6-m/nofp/libcr_c.a(strlen.o)
 .debug_ranges  0x00000650       0x10 /Applications/MCUXpressoIDE_24.12.148/ide/plugins/com.nxp.mcuxpresso.tools.macosx_24.12.0.202407110909/tools/bin/../lib/gcc/arm-none-eabi/13.2.1/../../../../arm-none-eabi/lib/thumb/v6-m/nofp/libcr_c.a(__init_alloc.o)
 .debug_ranges  0x00000660       0x10 /Applications/MCUXpressoIDE_24.12.148/ide/plugins/com.nxp.mcuxpresso.tools.macosx_24.12.0.202407110909/tools/bin/../lib/gcc/arm-none-eabi/13.2.1/../../../../arm-none-eabi/lib/thumb/v6-m/nofp/libcr_c.a(_cr_sbrk.o)
 .debug_ranges  0x00000670       0x48 /Applications/MCUXpressoIDE_24.12.148/ide/plugins/com.nxp.mcuxpresso.tools.macosx_24.12.0.202407110909/tools/bin/../lib/gcc/arm-none-eabi/13.2.1/../../../../arm-none-eabi/lib/thumb/v6-m/nofp/libcr_c.a(_deferredlazyseek.o)
 .debug_ranges  0x000006b8       0x10 /Applications/MCUXpressoIDE_24.12.148/ide/plugins/com.nxp.mcuxpresso.tools.macosx_24.12.0.202407110909/tools/bin/../lib/gcc/arm-none-eabi/13.2.1/../../../../arm-none-eabi/lib/thumb/v6-m/nofp/libcr_c.a(_fdopen.o)
 .debug_ranges  0x000006c8       0x10 /Applications/MCUXpressoIDE_24.12.148/ide/plugins/com.nxp.mcuxpresso.tools.macosx_24.12.0.202407110909/tools/bin/../lib/gcc/arm-none-eabi/13.2.1/../../../../arm-none-eabi/lib/thumb/v6-m/nofp/libcr_c.a(_fflush.o)
 .debug_ranges  0x000006d8       0x10 /Applications/MCUXpressoIDE_24.12.148/ide/plugins/com.nxp.mcuxpresso.tools.macosx_24.12.0.202407110909/tools/bin/../lib/gcc/arm-none-eabi/13.2.1/../../../../arm-none-eabi/lib/thumb/v6-m/nofp/libcr_c.a(_writebuf.o)
 .debug_ranges  0x000006e8       0x10 /Applications/MCUXpressoIDE_24.12.148/ide/plugins/com.nxp.mcuxpresso.tools.macosx_24.12.0.202407110909/tools/bin/../lib/gcc/arm-none-eabi/13.2.1/../../../../arm-none-eabi/lib/thumb/v6-m/nofp/libcr_c.a(fclose.o)
 .debug_ranges  0x000006f8       0x28 /Applications/MCUXpressoIDE_24.12.148/ide/plugins/com.nxp.mcuxpresso.tools.macosx_24.12.0.202407110909/tools/bin/../lib/gcc/arm-none-eabi/13.2.1/../../../../arm-none-eabi/lib/thumb/v6-m/nofp/libcr_c.a(fflush.o)
 .debug_ranges  0x00000720       0x10 /Applications/MCUXpressoIDE_24.12.148/ide/plugins/com.nxp.mcuxpresso.tools.macosx_24.12.0.202407110909/tools/bin/../lib/gcc/arm-none-eabi/13.2.1/../../../../arm-none-eabi/lib/thumb/v6-m/nofp/libcr_c.a(fseek.o)
 .debug_ranges  0x00000730       0x10 /Applications/MCUXpressoIDE_24.12.148/ide/plugins/com.nxp.mcuxpresso.tools.macosx_24.12.0.202407110909/tools/bin/../lib/gcc/arm-none-eabi/13.2.1/../../../../arm-none-eabi/lib/thumb/v6-m/nofp/libcr_c.a(ftell.o)
 .debug_ranges  0x00000740       0x18 /Applications/MCUXpressoIDE_24.12.148/ide/plugins/com.nxp.mcuxpresso.tools.macosx_24.12.0.202407110909/tools/bin/../lib/gcc/arm-none-eabi/13.2.1/../../../../arm-none-eabi/lib/thumb/v6-m/nofp/libcr_c.a(remove.o)
 .debug_ranges  0x00000758       0x10 /Applications/MCUXpressoIDE_24.12.148/ide/plugins/com.nxp.mcuxpresso.tools.macosx_24.12.0.202407110909/tools/bin/../lib/gcc/arm-none-eabi/13.2.1/../../../../arm-none-eabi/lib/thumb/v6-m/nofp/libcr_c.a(_cr_check_heap.o)
 .debug_ranges  0x00000768       0x28 /Applications/MCUXpressoIDE_24.12.148/ide/plugins/com.nxp.mcuxpresso.tools.macosx_24.12.0.202407110909/tools/bin/../lib/gcc/arm-none-eabi/13.2.1/../../../../arm-none-eabi/lib/thumb/v6-m/nofp/libcr_c.a(_do_fflush.o)

.debug_macro    0x00000000     0x14c9
 .debug_macro   0x00000000      0x251 ./utilities/fsl_assert.o
 .debug_macro   0x00000251       0x1c ./utilities/fsl_assert.o
 .debug_macro   0x0000026d       0x22 ./utilities/fsl_assert.o
 .debug_macro   0x0000028f       0x1c ./utilities/fsl_assert.o
 .debug_macro   0x000002ab       0x32 ./startup/startup_lpc845.o
 .debug_macro   0x000002dd       0x34 ./startup/startup_lpc845.o
 .debug_macro   0x00000311      0x280 ./source/01_blinkynnn.o
 .debug_macro   0x00000591       0xd8 ./source/01_blinkynnn.o
 .debug_macro   0x00000669       0x28 ./source/01_blinkynnn.o
 .debug_macro   0x00000691       0x10 ./source/01_blinkynnn.o
 .debug_macro   0x000006a1       0xf4 ./source/01_blinkynnn.o
 .debug_macro   0x00000795      0x3be ./source/01_blinkynnn.o
 .debug_macro   0x00000b53       0x4c ./source/01_blinkynnn.o
 .debug_macro   0x00000b9f       0x2f ./source/mtb.o
 .debug_macro   0x00000bce       0x82 ./source/mtb.o
 .debug_macro   0x00000c50       0x10 ./source/mtb.o
 .debug_macro   0x00000c60       0x11 ./source/semihost_hardfault.o
 .debug_macro   0x00000c71      0x23c ./drivers/fsl_gpio.o
 .debug_macro   0x00000ead      0x22c ./drivers/fsl_reset.o
 .debug_macro   0x000010d9      0x23b ./drivers/fsl_usart.o
 .debug_macro   0x00001314       0x1c ./drivers/fsl_usart.o
 .debug_macro   0x00001330      0x199 ./device/system_LPC845.o

.debug_line     0x00000000     0x67ec
 .debug_line    0x00000000      0x6c5 ./utilities/fsl_assert.o
 .debug_line    0x000006c5      0x32d ./startup/startup_lpc845.o
 .debug_line    0x000009f2      0x776 ./source/01_blinkynnn.o
 .debug_line    0x00001168       0xd8 ./source/mtb.o
 .debug_line    0x00001240       0x59 ./source/semihost_hardfault.o
 .debug_line    0x00001299      0x678 ./drivers/fsl_gpio.o
 .debug_line    0x00001911      0x647 ./drivers/fsl_reset.o
 .debug_line    0x00001f58      0xf8f ./drivers/fsl_usart.o
 .debug_line    0x00002ee7      0x6d8 ./device/system_LPC845.o
 .debug_line    0x000035bf       0xc9 /Applications/MCUXpressoIDE_24.12.148/ide/plugins/com.nxp.mcuxpresso.tools.macosx_24.12.0.202407110909/tools/bin/../lib/gcc/arm-none-eabi/13.2.1/../../../../arm-none-eabi/lib/thumb/v6-m/nofp/libcr_semihost_nf.a(_cr__main.o)
 .debug_line    0x00003688       0xba /Applications/MCUXpressoIDE_24.12.148/ide/plugins/com.nxp.mcuxpresso.tools.macosx_24.12.0.202407110909/tools/bin/../lib/gcc/arm-none-eabi/13.2.1/../../../../arm-none-eabi/lib/thumb/v6-m/nofp/libcr_c.a(memset.o)
 .debug_line    0x00003742      0x429 /Applications/MCUXpressoIDE_24.12.148/ide/plugins/com.nxp.mcuxpresso.tools.macosx_24.12.0.202407110909/tools/bin/../lib/gcc/arm-none-eabi/13.2.1/../../../../arm-none-eabi/lib/thumb/v6-m/nofp/libcr_c.a(alloc.o)
 .debug_line    0x00003b6b       0x86 /Applications/MCUXpressoIDE_24.12.148/ide/plugins/com.nxp.mcuxpresso.tools.macosx_24.12.0.202407110909/tools/bin/../lib/gcc/arm-none-eabi/13.2.1/../../../../arm-none-eabi/lib/thumb/v6-m/nofp/libcr_c.a(errno.o)
 .debug_line    0x00003bf1      0x1b6 /Applications/MCUXpressoIDE_24.12.148/ide/plugins/com.nxp.mcuxpresso.tools.macosx_24.12.0.202407110909/tools/bin/../lib/gcc/arm-none-eabi/13.2.1/../../../../arm-none-eabi/lib/thumb/v6-m/nofp/libcr_c.a(initio.o)
 .debug_line    0x00003da7     0x123a /Applications/MCUXpressoIDE_24.12.148/ide/plugins/com.nxp.mcuxpresso.tools.macosx_24.12.0.202407110909/tools/bin/../lib/gcc/arm-none-eabi/13.2.1/../../../../arm-none-eabi/lib/thumb/v6-m/nofp/libcr_c.a(printf.o)
 .debug_line    0x00004fe1      0x167 /Applications/MCUXpressoIDE_24.12.148/ide/plugins/com.nxp.mcuxpresso.tools.macosx_24.12.0.202407110909/tools/bin/../lib/gcc/arm-none-eabi/13.2.1/../../../../arm-none-eabi/lib/thumb/v6-m/nofp/libcr_c.a(setvbuf.o)
 .debug_line    0x00005148      0x15b /Applications/MCUXpressoIDE_24.12.148/ide/plugins/com.nxp.mcuxpresso.tools.macosx_24.12.0.202407110909/tools/bin/../lib/gcc/arm-none-eabi/13.2.1/../../../../arm-none-eabi/lib/thumb/v6-m/nofp/libcr_c.a(strlen.o)
 .debug_line    0x000052a3       0x5f /Applications/MCUXpressoIDE_24.12.148/ide/plugins/com.nxp.mcuxpresso.tools.macosx_24.12.0.202407110909/tools/bin/../lib/gcc/arm-none-eabi/13.2.1/../../../../arm-none-eabi/lib/thumb/v6-m/nofp/libcr_c.a(__init_alloc.o)
 .debug_line    0x00005302      0x17c /Applications/MCUXpressoIDE_24.12.148/ide/plugins/com.nxp.mcuxpresso.tools.macosx_24.12.0.202407110909/tools/bin/../lib/gcc/arm-none-eabi/13.2.1/../../../../arm-none-eabi/lib/thumb/v6-m/nofp/libcr_c.a(_cr_sbrk.o)
 .debug_line    0x0000547e      0x36c /Applications/MCUXpressoIDE_24.12.148/ide/plugins/com.nxp.mcuxpresso.tools.macosx_24.12.0.202407110909/tools/bin/../lib/gcc/arm-none-eabi/13.2.1/../../../../arm-none-eabi/lib/thumb/v6-m/nofp/libcr_c.a(_deferredlazyseek.o)
 .debug_line    0x000057ea      0x1ab /Applications/MCUXpressoIDE_24.12.148/ide/plugins/com.nxp.mcuxpresso.tools.macosx_24.12.0.202407110909/tools/bin/../lib/gcc/arm-none-eabi/13.2.1/../../../../arm-none-eabi/lib/thumb/v6-m/nofp/libcr_c.a(_fdopen.o)
 .debug_line    0x00005995      0x197 /Applications/MCUXpressoIDE_24.12.148/ide/plugins/com.nxp.mcuxpresso.tools.macosx_24.12.0.202407110909/tools/bin/../lib/gcc/arm-none-eabi/13.2.1/../../../../arm-none-eabi/lib/thumb/v6-m/nofp/libcr_c.a(_fflush.o)
 .debug_line    0x00005b2c      0x1ae /Applications/MCUXpressoIDE_24.12.148/ide/plugins/com.nxp.mcuxpresso.tools.macosx_24.12.0.202407110909/tools/bin/../lib/gcc/arm-none-eabi/13.2.1/../../../../arm-none-eabi/lib/thumb/v6-m/nofp/libcr_c.a(_writebuf.o)
 .debug_line    0x00005cda      0x17f /Applications/MCUXpressoIDE_24.12.148/ide/plugins/com.nxp.mcuxpresso.tools.macosx_24.12.0.202407110909/tools/bin/../lib/gcc/arm-none-eabi/13.2.1/../../../../arm-none-eabi/lib/thumb/v6-m/nofp/libcr_c.a(fclose.o)
 .debug_line    0x00005e59      0x153 /Applications/MCUXpressoIDE_24.12.148/ide/plugins/com.nxp.mcuxpresso.tools.macosx_24.12.0.202407110909/tools/bin/../lib/gcc/arm-none-eabi/13.2.1/../../../../arm-none-eabi/lib/thumb/v6-m/nofp/libcr_c.a(fflush.o)
 .debug_line    0x00005fac      0x2ab /Applications/MCUXpressoIDE_24.12.148/ide/plugins/com.nxp.mcuxpresso.tools.macosx_24.12.0.202407110909/tools/bin/../lib/gcc/arm-none-eabi/13.2.1/../../../../arm-none-eabi/lib/thumb/v6-m/nofp/libcr_c.a(fseek.o)
 .debug_line    0x00006257      0x180 /Applications/MCUXpressoIDE_24.12.148/ide/plugins/com.nxp.mcuxpresso.tools.macosx_24.12.0.202407110909/tools/bin/../lib/gcc/arm-none-eabi/13.2.1/../../../../arm-none-eabi/lib/thumb/v6-m/nofp/libcr_c.a(ftell.o)
 .debug_line    0x000063d7      0x15a /Applications/MCUXpressoIDE_24.12.148/ide/plugins/com.nxp.mcuxpresso.tools.macosx_24.12.0.202407110909/tools/bin/../lib/gcc/arm-none-eabi/13.2.1/../../../../arm-none-eabi/lib/thumb/v6-m/nofp/libcr_c.a(remove.o)
 .debug_line    0x00006531       0x61 /Applications/MCUXpressoIDE_24.12.148/ide/plugins/com.nxp.mcuxpresso.tools.macosx_24.12.0.202407110909/tools/bin/../lib/gcc/arm-none-eabi/13.2.1/../../../../arm-none-eabi/lib/thumb/v6-m/nofp/libcr_c.a(_cr_check_heap.o)
 .debug_line    0x00006592      0x170 /Applications/MCUXpressoIDE_24.12.148/ide/plugins/com.nxp.mcuxpresso.tools.macosx_24.12.0.202407110909/tools/bin/../lib/gcc/arm-none-eabi/13.2.1/../../../../arm-none-eabi/lib/thumb/v6-m/nofp/libcr_c.a(_do_fflush.o)
 .debug_line    0x00006702       0xea /Applications/MCUXpressoIDE_24.12.148/ide/plugins/com.nxp.mcuxpresso.tools.macosx_24.12.0.202407110909/tools/bin/../lib/gcc/arm-none-eabi/13.2.1/../../../../arm-none-eabi/lib/thumb/v6-m/nofp/libcr_semihost_nf.a(__ciob.o)

.debug_str      0x00000000    0x3c6f7
 .debug_str     0x00000000    0x3c6f7 ./utilities/fsl_assert.o
                              0x3728d (size before relaxing)
 .debug_str     0x0003c6f7     0x3369 ./startup/startup_lpc845.o
 .debug_str     0x0003c6f7    0x392db ./source/01_blinkynnn.o
 .debug_str     0x0003c6f7     0x334c ./source/mtb.o
 .debug_str     0x0003c6f7     0x2e39 ./source/semihost_hardfault.o
 .debug_str     0x0003c6f7    0x381dc ./drivers/fsl_gpio.o
 .debug_str     0x0003c6f7    0x374f8 ./drivers/fsl_reset.o
 .debug_str     0x0003c6f7    0x3914c ./drivers/fsl_usart.o
 .debug_str     0x0003c6f7    0x35551 ./device/system_LPC845.o
 .debug_str     0x0003c6f7      0x16c /Applications/MCUXpressoIDE_24.12.148/ide/plugins/com.nxp.mcuxpresso.tools.macosx_24.12.0.202407110909/tools/bin/../lib/gcc/arm-none-eabi/13.2.1/../../../../arm-none-eabi/lib/thumb/v6-m/nofp/libcr_semihost_nf.a(_cr__main.o)
 .debug_str     0x0003c6f7      0x181 /Applications/MCUXpressoIDE_24.12.148/ide/plugins/com.nxp.mcuxpresso.tools.macosx_24.12.0.202407110909/tools/bin/../lib/gcc/arm-none-eabi/13.2.1/../../../../arm-none-eabi/lib/thumb/v6-m/nofp/libcr_c.a(memset.o)
 .debug_str     0x0003c6f7      0x234 /Applications/MCUXpressoIDE_24.12.148/ide/plugins/com.nxp.mcuxpresso.tools.macosx_24.12.0.202407110909/tools/bin/../lib/gcc/arm-none-eabi/13.2.1/../../../../arm-none-eabi/lib/thumb/v6-m/nofp/libcr_c.a(alloc.o)
 .debug_str     0x0003c6f7      0x115 /Applications/MCUXpressoIDE_24.12.148/ide/plugins/com.nxp.mcuxpresso.tools.macosx_24.12.0.202407110909/tools/bin/../lib/gcc/arm-none-eabi/13.2.1/../../../../arm-none-eabi/lib/thumb/v6-m/nofp/libcr_c.a(errno.o)
 .debug_str     0x0003c6f7      0x23e /Applications/MCUXpressoIDE_24.12.148/ide/plugins/com.nxp.mcuxpresso.tools.macosx_24.12.0.202407110909/tools/bin/../lib/gcc/arm-none-eabi/13.2.1/../../../../arm-none-eabi/lib/thumb/v6-m/nofp/libcr_c.a(initio.o)
 .debug_str     0x0003c6f7      0x415 /Applications/MCUXpressoIDE_24.12.148/ide/plugins/com.nxp.mcuxpresso.tools.macosx_24.12.0.202407110909/tools/bin/../lib/gcc/arm-none-eabi/13.2.1/../../../../arm-none-eabi/lib/thumb/v6-m/nofp/libcr_c.a(printf.o)
 .debug_str     0x0003c6f7      0x234 /Applications/MCUXpressoIDE_24.12.148/ide/plugins/com.nxp.mcuxpresso.tools.macosx_24.12.0.202407110909/tools/bin/../lib/gcc/arm-none-eabi/13.2.1/../../../../arm-none-eabi/lib/thumb/v6-m/nofp/libcr_c.a(setvbuf.o)
 .debug_str     0x0003c6f7      0x17b /Applications/MCUXpressoIDE_24.12.148/ide/plugins/com.nxp.mcuxpresso.tools.macosx_24.12.0.202407110909/tools/bin/../lib/gcc/arm-none-eabi/13.2.1/../../../../arm-none-eabi/lib/thumb/v6-m/nofp/libcr_c.a(strlen.o)
 .debug_str     0x0003c6f7      0x180 /Applications/MCUXpressoIDE_24.12.148/ide/plugins/com.nxp.mcuxpresso.tools.macosx_24.12.0.202407110909/tools/bin/../lib/gcc/arm-none-eabi/13.2.1/../../../../arm-none-eabi/lib/thumb/v6-m/nofp/libcr_c.a(__init_alloc.o)
 .debug_str     0x0003c6f7      0x1c2 /Applications/MCUXpressoIDE_24.12.148/ide/plugins/com.nxp.mcuxpresso.tools.macosx_24.12.0.202407110909/tools/bin/../lib/gcc/arm-none-eabi/13.2.1/../../../../arm-none-eabi/lib/thumb/v6-m/nofp/libcr_c.a(_cr_sbrk.o)
 .debug_str     0x0003c6f7      0x278 /Applications/MCUXpressoIDE_24.12.148/ide/plugins/com.nxp.mcuxpresso.tools.macosx_24.12.0.202407110909/tools/bin/../lib/gcc/arm-none-eabi/13.2.1/../../../../arm-none-eabi/lib/thumb/v6-m/nofp/libcr_c.a(_deferredlazyseek.o)
 .debug_str     0x0003c6f7      0x231 /Applications/MCUXpressoIDE_24.12.148/ide/plugins/com.nxp.mcuxpresso.tools.macosx_24.12.0.202407110909/tools/bin/../lib/gcc/arm-none-eabi/13.2.1/../../../../arm-none-eabi/lib/thumb/v6-m/nofp/libcr_c.a(_fdopen.o)
 .debug_str     0x0003c6f7      0x22a /Applications/MCUXpressoIDE_24.12.148/ide/plugins/com.nxp.mcuxpresso.tools.macosx_24.12.0.202407110909/tools/bin/../lib/gcc/arm-none-eabi/13.2.1/../../../../arm-none-eabi/lib/thumb/v6-m/nofp/libcr_c.a(_fflush.o)
 .debug_str     0x0003c6f7      0x244 /Applications/MCUXpressoIDE_24.12.148/ide/plugins/com.nxp.mcuxpresso.tools.macosx_24.12.0.202407110909/tools/bin/../lib/gcc/arm-none-eabi/13.2.1/../../../../arm-none-eabi/lib/thumb/v6-m/nofp/libcr_c.a(_writebuf.o)
 .debug_str     0x0003c6f7      0x25f /Applications/MCUXpressoIDE_24.12.148/ide/plugins/com.nxp.mcuxpresso.tools.macosx_24.12.0.202407110909/tools/bin/../lib/gcc/arm-none-eabi/13.2.1/../../../../arm-none-eabi/lib/thumb/v6-m/nofp/libcr_c.a(fclose.o)
 .debug_str     0x0003c6f7      0x236 /Applications/MCUXpressoIDE_24.12.148/ide/plugins/com.nxp.mcuxpresso.tools.macosx_24.12.0.202407110909/tools/bin/../lib/gcc/arm-none-eabi/13.2.1/../../../../arm-none-eabi/lib/thumb/v6-m/nofp/libcr_c.a(fflush.o)
 .debug_str     0x0003c6f7      0x24f /Applications/MCUXpressoIDE_24.12.148/ide/plugins/com.nxp.mcuxpresso.tools.macosx_24.12.0.202407110909/tools/bin/../lib/gcc/arm-none-eabi/13.2.1/../../../../arm-none-eabi/lib/thumb/v6-m/nofp/libcr_c.a(fseek.o)
 .debug_str     0x0003c6f7      0x215 /Applications/MCUXpressoIDE_24.12.148/ide/plugins/com.nxp.mcuxpresso.tools.macosx_24.12.0.202407110909/tools/bin/../lib/gcc/arm-none-eabi/13.2.1/../../../../arm-none-eabi/lib/thumb/v6-m/nofp/libcr_c.a(ftell.o)
 .debug_str     0x0003c6f7      0x1d4 /Applications/MCUXpressoIDE_24.12.148/ide/plugins/com.nxp.mcuxpresso.tools.macosx_24.12.0.202407110909/tools/bin/../lib/gcc/arm-none-eabi/13.2.1/../../../../arm-none-eabi/lib/thumb/v6-m/nofp/libcr_c.a(remove.o)
 .debug_str     0x0003c6f7      0x15d /Applications/MCUXpressoIDE_24.12.148/ide/plugins/com.nxp.mcuxpresso.tools.macosx_24.12.0.202407110909/tools/bin/../lib/gcc/arm-none-eabi/13.2.1/../../../../arm-none-eabi/lib/thumb/v6-m/nofp/libcr_c.a(_cr_check_heap.o)
 .debug_str     0x0003c6f7      0x240 /Applications/MCUXpressoIDE_24.12.148/ide/plugins/com.nxp.mcuxpresso.tools.macosx_24.12.0.202407110909/tools/bin/../lib/gcc/arm-none-eabi/13.2.1/../../../../arm-none-eabi/lib/thumb/v6-m/nofp/libcr_c.a(_do_fflush.o)
 .debug_str     0x0003c6f7      0x204 /Applications/MCUXpressoIDE_24.12.148/ide/plugins/com.nxp.mcuxpresso.tools.macosx_24.12.0.202407110909/tools/bin/../lib/gcc/arm-none-eabi/13.2.1/../../../../arm-none-eabi/lib/thumb/v6-m/nofp/libcr_semihost_nf.a(__ciob.o)

.comment        0x00000000       0x44
 .comment       0x00000000       0x44 ./utilities/fsl_assert.o
                                 0x45 (size before relaxing)
 .comment       0x00000044       0x45 ./startup/startup_lpc845.o
 .comment       0x00000044       0x45 ./source/01_blinkynnn.o
 .comment       0x00000044       0x45 ./source/mtb.o
 .comment       0x00000044       0x45 ./source/semihost_hardfault.o
 .comment       0x00000044       0x45 ./drivers/fsl_gpio.o
 .comment       0x00000044       0x45 ./drivers/fsl_reset.o
 .comment       0x00000044       0x45 ./drivers/fsl_usart.o
 .comment       0x00000044       0x45 ./device/system_LPC845.o
 .comment       0x00000044       0x45 /Applications/MCUXpressoIDE_24.12.148/ide/plugins/com.nxp.mcuxpresso.tools.macosx_24.12.0.202407110909/tools/bin/../lib/gcc/arm-none-eabi/13.2.1/../../../../arm-none-eabi/lib/thumb/v6-m/nofp/libcr_semihost_nf.a(_cr__main.o)
 .comment       0x00000044       0x45 /Applications/MCUXpressoIDE_24.12.148/ide/plugins/com.nxp.mcuxpresso.tools.macosx_24.12.0.202407110909/tools/bin/../lib/gcc/arm-none-eabi/13.2.1/../../../../arm-none-eabi/lib/thumb/v6-m/nofp/libcr_c.a(memset.o)
 .comment       0x00000044       0x45 /Applications/MCUXpressoIDE_24.12.148/ide/plugins/com.nxp.mcuxpresso.tools.macosx_24.12.0.202407110909/tools/bin/../lib/gcc/arm-none-eabi/13.2.1/../../../../arm-none-eabi/lib/thumb/v6-m/nofp/libcr_c.a(alloc.o)
 .comment       0x00000044       0x45 /Applications/MCUXpressoIDE_24.12.148/ide/plugins/com.nxp.mcuxpresso.tools.macosx_24.12.0.202407110909/tools/bin/../lib/gcc/arm-none-eabi/13.2.1/../../../../arm-none-eabi/lib/thumb/v6-m/nofp/libcr_c.a(errno.o)
 .comment       0x00000044       0x45 /Applications/MCUXpressoIDE_24.12.148/ide/plugins/com.nxp.mcuxpresso.tools.macosx_24.12.0.202407110909/tools/bin/../lib/gcc/arm-none-eabi/13.2.1/../../../../arm-none-eabi/lib/thumb/v6-m/nofp/libcr_c.a(initio.o)
 .comment       0x00000044       0x45 /Applications/MCUXpressoIDE_24.12.148/ide/plugins/com.nxp.mcuxpresso.tools.macosx_24.12.0.202407110909/tools/bin/../lib/gcc/arm-none-eabi/13.2.1/../../../../arm-none-eabi/lib/thumb/v6-m/nofp/libcr_c.a(printf.o)
 .comment       0x00000044       0x45 /Applications/MCUXpressoIDE_24.12.148/ide/plugins/com.nxp.mcuxpresso.tools.macosx_24.12.0.202407110909/tools/bin/../lib/gcc/arm-none-eabi/13.2.1/../../../../arm-none-eabi/lib/thumb/v6-m/nofp/libcr_c.a(setvbuf.o)
 .comment       0x00000044       0x45 /Applications/MCUXpressoIDE_24.12.148/ide/plugins/com.nxp.mcuxpresso.tools.macosx_24.12.0.202407110909/tools/bin/../lib/gcc/arm-none-eabi/13.2.1/../../../../arm-none-eabi/lib/thumb/v6-m/nofp/libcr_c.a(strlen.o)
 .comment       0x00000044       0x45 /Applications/MCUXpressoIDE_24.12.148/ide/plugins/com.nxp.mcuxpresso.tools.macosx_24.12.0.202407110909/tools/bin/../lib/gcc/arm-none-eabi/13.2.1/../../../../arm-none-eabi/lib/thumb/v6-m/nofp/libcr_c.a(__init_alloc.o)
 .comment       0x00000044       0x45 /Applications/MCUXpressoIDE_24.12.148/ide/plugins/com.nxp.mcuxpresso.tools.macosx_24.12.0.202407110909/tools/bin/../lib/gcc/arm-none-eabi/13.2.1/../../../../arm-none-eabi/lib/thumb/v6-m/nofp/libcr_c.a(_cr_sbrk.o)
 .comment       0x00000044       0x45 /Applications/MCUXpressoIDE_24.12.148/ide/plugins/com.nxp.mcuxpresso.tools.macosx_24.12.0.202407110909/tools/bin/../lib/gcc/arm-none-eabi/13.2.1/../../../../arm-none-eabi/lib/thumb/v6-m/nofp/libcr_c.a(_deferredlazyseek.o)
 .comment       0x00000044       0x45 /Applications/MCUXpressoIDE_24.12.148/ide/plugins/com.nxp.mcuxpresso.tools.macosx_24.12.0.202407110909/tools/bin/../lib/gcc/arm-none-eabi/13.2.1/../../../../arm-none-eabi/lib/thumb/v6-m/nofp/libcr_c.a(_fdopen.o)
 .comment       0x00000044       0x45 /Applications/MCUXpressoIDE_24.12.148/ide/plugins/com.nxp.mcuxpresso.tools.macosx_24.12.0.202407110909/tools/bin/../lib/gcc/arm-none-eabi/13.2.1/../../../../arm-none-eabi/lib/thumb/v6-m/nofp/libcr_c.a(_fflush.o)
 .comment       0x00000044       0x45 /Applications/MCUXpressoIDE_24.12.148/ide/plugins/com.nxp.mcuxpresso.tools.macosx_24.12.0.202407110909/tools/bin/../lib/gcc/arm-none-eabi/13.2.1/../../../../arm-none-eabi/lib/thumb/v6-m/nofp/libcr_c.a(_writebuf.o)
 .comment       0x00000044       0x45 /Applications/MCUXpressoIDE_24.12.148/ide/plugins/com.nxp.mcuxpresso.tools.macosx_24.12.0.202407110909/tools/bin/../lib/gcc/arm-none-eabi/13.2.1/../../../../arm-none-eabi/lib/thumb/v6-m/nofp/libcr_c.a(fclose.o)
 .comment       0x00000044       0x45 /Applications/MCUXpressoIDE_24.12.148/ide/plugins/com.nxp.mcuxpresso.tools.macosx_24.12.0.202407110909/tools/bin/../lib/gcc/arm-none-eabi/13.2.1/../../../../arm-none-eabi/lib/thumb/v6-m/nofp/libcr_c.a(fflush.o)
 .comment       0x00000044       0x45 /Applications/MCUXpressoIDE_24.12.148/ide/plugins/com.nxp.mcuxpresso.tools.macosx_24.12.0.202407110909/tools/bin/../lib/gcc/arm-none-eabi/13.2.1/../../../../arm-none-eabi/lib/thumb/v6-m/nofp/libcr_c.a(fseek.o)
 .comment       0x00000044       0x45 /Applications/MCUXpressoIDE_24.12.148/ide/plugins/com.nxp.mcuxpresso.tools.macosx_24.12.0.202407110909/tools/bin/../lib/gcc/arm-none-eabi/13.2.1/../../../../arm-none-eabi/lib/thumb/v6-m/nofp/libcr_c.a(ftell.o)
 .comment       0x00000044       0x45 /Applications/MCUXpressoIDE_24.12.148/ide/plugins/com.nxp.mcuxpresso.tools.macosx_24.12.0.202407110909/tools/bin/../lib/gcc/arm-none-eabi/13.2.1/../../../../arm-none-eabi/lib/thumb/v6-m/nofp/libcr_c.a(remove.o)
 .comment       0x00000044       0x45 /Applications/MCUXpressoIDE_24.12.148/ide/plugins/com.nxp.mcuxpresso.tools.macosx_24.12.0.202407110909/tools/bin/../lib/gcc/arm-none-eabi/13.2.1/../../../../arm-none-eabi/lib/thumb/v6-m/nofp/libcr_c.a(_cr_check_heap.o)
 .comment       0x00000044       0x45 /Applications/MCUXpressoIDE_24.12.148/ide/plugins/com.nxp.mcuxpresso.tools.macosx_24.12.0.202407110909/tools/bin/../lib/gcc/arm-none-eabi/13.2.1/../../../../arm-none-eabi/lib/thumb/v6-m/nofp/libcr_c.a(_do_fflush.o)
 .comment       0x00000044       0x45 /Applications/MCUXpressoIDE_24.12.148/ide/plugins/com.nxp.mcuxpresso.tools.macosx_24.12.0.202407110909/tools/bin/../lib/gcc/arm-none-eabi/13.2.1/../../../../arm-none-eabi/lib/thumb/v6-m/nofp/libcr_semihost_nf.a(__ciob.o)

.ARM.attributes
                0x00000000       0x2a
 .ARM.attributes
                0x00000000       0x2c ./utilities/fsl_assert.o
 .ARM.attributes
                0x0000002c       0x2c ./startup/startup_lpc845.o
 .ARM.attributes
                0x00000058       0x2c ./source/01_blinkynnn.o
 .ARM.attributes
                0x00000084       0x2c ./source/mtb.o
 .ARM.attributes
                0x000000b0       0x2c ./source/semihost_hardfault.o
 .ARM.attributes
                0x000000dc       0x2c ./drivers/fsl_gpio.o
 .ARM.attributes
                0x00000108       0x2c ./drivers/fsl_reset.o
 .ARM.attributes
                0x00000134       0x2c ./drivers/fsl_usart.o
 .ARM.attributes
                0x00000160       0x2c ./device/system_LPC845.o
 .ARM.attributes
                0x0000018c       0x2c /Applications/MCUXpressoIDE_24.12.148/ide/plugins/com.nxp.mcuxpresso.tools.macosx_24.12.0.202407110909/tools/bin/../lib/gcc/arm-none-eabi/13.2.1/../../../../arm-none-eabi/lib/thumb/v6-m/nofp/libcr_semihost_nf.a(_cr__main.o)
 .ARM.attributes
                0x000001b8       0x2c /Applications/MCUXpressoIDE_24.12.148/ide/plugins/com.nxp.mcuxpresso.tools.macosx_24.12.0.202407110909/tools/bin/../lib/gcc/arm-none-eabi/13.2.1/../../../../arm-none-eabi/lib/thumb/v6-m/nofp/libcr_c.a(memset.o)
 .ARM.attributes
                0x000001e4       0x2c /Applications/MCUXpressoIDE_24.12.148/ide/plugins/com.nxp.mcuxpresso.tools.macosx_24.12.0.202407110909/tools/bin/../lib/gcc/arm-none-eabi/13.2.1/../../../../arm-none-eabi/lib/thumb/v6-m/nofp/libcr_c.a(alloc.o)
 .ARM.attributes
                0x00000210       0x2c /Applications/MCUXpressoIDE_24.12.148/ide/plugins/com.nxp.mcuxpresso.tools.macosx_24.12.0.202407110909/tools/bin/../lib/gcc/arm-none-eabi/13.2.1/../../../../arm-none-eabi/lib/thumb/v6-m/nofp/libcr_c.a(errno.o)
 .ARM.attributes
                0x0000023c       0x2c /Applications/MCUXpressoIDE_24.12.148/ide/plugins/com.nxp.mcuxpresso.tools.macosx_24.12.0.202407110909/tools/bin/../lib/gcc/arm-none-eabi/13.2.1/../../../../arm-none-eabi/lib/thumb/v6-m/nofp/libcr_c.a(initio.o)
 .ARM.attributes
                0x00000268       0x2c /Applications/MCUXpressoIDE_24.12.148/ide/plugins/com.nxp.mcuxpresso.tools.macosx_24.12.0.202407110909/tools/bin/../lib/gcc/arm-none-eabi/13.2.1/../../../../arm-none-eabi/lib/thumb/v6-m/nofp/libcr_c.a(printf.o)
 .ARM.attributes
                0x00000294       0x2c /Applications/MCUXpressoIDE_24.12.148/ide/plugins/com.nxp.mcuxpresso.tools.macosx_24.12.0.202407110909/tools/bin/../lib/gcc/arm-none-eabi/13.2.1/../../../../arm-none-eabi/lib/thumb/v6-m/nofp/libcr_c.a(setvbuf.o)
 .ARM.attributes
                0x000002c0       0x2c /Applications/MCUXpressoIDE_24.12.148/ide/plugins/com.nxp.mcuxpresso.tools.macosx_24.12.0.202407110909/tools/bin/../lib/gcc/arm-none-eabi/13.2.1/../../../../arm-none-eabi/lib/thumb/v6-m/nofp/libcr_c.a(strlen.o)
 .ARM.attributes
                0x000002ec       0x2c /Applications/MCUXpressoIDE_24.12.148/ide/plugins/com.nxp.mcuxpresso.tools.macosx_24.12.0.202407110909/tools/bin/../lib/gcc/arm-none-eabi/13.2.1/../../../../arm-none-eabi/lib/thumb/v6-m/nofp/libcr_c.a(__init_alloc.o)
 .ARM.attributes
                0x00000318       0x2c /Applications/MCUXpressoIDE_24.12.148/ide/plugins/com.nxp.mcuxpresso.tools.macosx_24.12.0.202407110909/tools/bin/../lib/gcc/arm-none-eabi/13.2.1/../../../../arm-none-eabi/lib/thumb/v6-m/nofp/libcr_c.a(_cr_sbrk.o)
 .ARM.attributes
                0x00000344       0x2c /Applications/MCUXpressoIDE_24.12.148/ide/plugins/com.nxp.mcuxpresso.tools.macosx_24.12.0.202407110909/tools/bin/../lib/gcc/arm-none-eabi/13.2.1/../../../../arm-none-eabi/lib/thumb/v6-m/nofp/libcr_c.a(_deferredlazyseek.o)
 .ARM.attributes
                0x00000370       0x2c /Applications/MCUXpressoIDE_24.12.148/ide/plugins/com.nxp.mcuxpresso.tools.macosx_24.12.0.202407110909/tools/bin/../lib/gcc/arm-none-eabi/13.2.1/../../../../arm-none-eabi/lib/thumb/v6-m/nofp/libcr_c.a(_fdopen.o)
 .ARM.attributes
                0x0000039c       0x2c /Applications/MCUXpressoIDE_24.12.148/ide/plugins/com.nxp.mcuxpresso.tools.macosx_24.12.0.202407110909/tools/bin/../lib/gcc/arm-none-eabi/13.2.1/../../../../arm-none-eabi/lib/thumb/v6-m/nofp/libcr_c.a(_fflush.o)
 .ARM.attributes
                0x000003c8       0x2c /Applications/MCUXpressoIDE_24.12.148/ide/plugins/com.nxp.mcuxpresso.tools.macosx_24.12.0.202407110909/tools/bin/../lib/gcc/arm-none-eabi/13.2.1/../../../../arm-none-eabi/lib/thumb/v6-m/nofp/libcr_c.a(_writebuf.o)
 .ARM.attributes
                0x000003f4       0x2c /Applications/MCUXpressoIDE_24.12.148/ide/plugins/com.nxp.mcuxpresso.tools.macosx_24.12.0.202407110909/tools/bin/../lib/gcc/arm-none-eabi/13.2.1/../../../../arm-none-eabi/lib/thumb/v6-m/nofp/libcr_c.a(fclose.o)
 .ARM.attributes
                0x00000420       0x2c /Applications/MCUXpressoIDE_24.12.148/ide/plugins/com.nxp.mcuxpresso.tools.macosx_24.12.0.202407110909/tools/bin/../lib/gcc/arm-none-eabi/13.2.1/../../../../arm-none-eabi/lib/thumb/v6-m/nofp/libcr_c.a(fflush.o)
 .ARM.attributes
                0x0000044c       0x2c /Applications/MCUXpressoIDE_24.12.148/ide/plugins/com.nxp.mcuxpresso.tools.macosx_24.12.0.202407110909/tools/bin/../lib/gcc/arm-none-eabi/13.2.1/../../../../arm-none-eabi/lib/thumb/v6-m/nofp/libcr_c.a(fseek.o)
 .ARM.attributes
                0x00000478       0x2c /Applications/MCUXpressoIDE_24.12.148/ide/plugins/com.nxp.mcuxpresso.tools.macosx_24.12.0.202407110909/tools/bin/../lib/gcc/arm-none-eabi/13.2.1/../../../../arm-none-eabi/lib/thumb/v6-m/nofp/libcr_c.a(ftell.o)
 .ARM.attributes
                0x000004a4       0x2c /Applications/MCUXpressoIDE_24.12.148/ide/plugins/com.nxp.mcuxpresso.tools.macosx_24.12.0.202407110909/tools/bin/../lib/gcc/arm-none-eabi/13.2.1/../../../../arm-none-eabi/lib/thumb/v6-m/nofp/libcr_c.a(remove.o)
 .ARM.attributes
                0x000004d0       0x2c /Applications/MCUXpressoIDE_24.12.148/ide/plugins/com.nxp.mcuxpresso.tools.macosx_24.12.0.202407110909/tools/bin/../lib/gcc/arm-none-eabi/13.2.1/../../../../arm-none-eabi/lib/thumb/v6-m/nofp/libcr_c.a(_cr_check_heap.o)
 .ARM.attributes
                0x000004fc       0x2c /Applications/MCUXpressoIDE_24.12.148/ide/plugins/com.nxp.mcuxpresso.tools.macosx_24.12.0.202407110909/tools/bin/../lib/gcc/arm-none-eabi/13.2.1/../../../../arm-none-eabi/lib/thumb/v6-m/nofp/libcr_c.a(_do_fflush.o)
 .ARM.attributes
                0x00000528       0x1c /Applications/MCUXpressoIDE_24.12.148/ide/plugins/com.nxp.mcuxpresso.tools.macosx_24.12.0.202407110909/tools/bin/../lib/gcc/arm-none-eabi/13.2.1/thumb/v6-m/nofp/libcr_eabihelpers.a(llong.o)
 .ARM.attributes
                0x00000544       0x1c /Applications/MCUXpressoIDE_24.12.148/ide/plugins/com.nxp.mcuxpresso.tools.macosx_24.12.0.202407110909/tools/bin/../lib/gcc/arm-none-eabi/13.2.1/thumb/v6-m/nofp/libcr_eabihelpers.a(memcpy.o)
 .ARM.attributes
                0x00000560       0x1c /Applications/MCUXpressoIDE_24.12.148/ide/plugins/com.nxp.mcuxpresso.tools.macosx_24.12.0.202407110909/tools/bin/../lib/gcc/arm-none-eabi/13.2.1/thumb/v6-m/nofp/libcr_eabihelpers.a(thumb1_switch_helpers.o)
 .ARM.attributes
                0x0000057c       0x2c /Applications/MCUXpressoIDE_24.12.148/ide/plugins/com.nxp.mcuxpresso.tools.macosx_24.12.0.202407110909/tools/bin/../lib/gcc/arm-none-eabi/13.2.1/../../../../arm-none-eabi/lib/thumb/v6-m/nofp/libcr_semihost_nf.a(__ciob.o)
 .ARM.attributes
                0x000005a8       0x1c /Applications/MCUXpressoIDE_24.12.148/ide/plugins/com.nxp.mcuxpresso.tools.macosx_24.12.0.202407110909/tools/bin/../lib/gcc/arm-none-eabi/13.2.1/../../../../arm-none-eabi/lib/thumb/v6-m/nofp/libcr_semihost_nf.a(__sys_appexit.o)
 .ARM.attributes
                0x000005c4       0x1c /Applications/MCUXpressoIDE_24.12.148/ide/plugins/com.nxp.mcuxpresso.tools.macosx_24.12.0.202407110909/tools/bin/../lib/gcc/arm-none-eabi/13.2.1/../../../../arm-none-eabi/lib/thumb/v6-m/nofp/libcr_semihost_nf.a(__sys_close.o)
 .ARM.attributes
                0x000005e0       0x1c /Applications/MCUXpressoIDE_24.12.148/ide/plugins/com.nxp.mcuxpresso.tools.macosx_24.12.0.202407110909/tools/bin/../lib/gcc/arm-none-eabi/13.2.1/../../../../arm-none-eabi/lib/thumb/v6-m/nofp/libcr_semihost_nf.a(__sys_flen.o)
 .ARM.attributes
                0x000005fc       0x1c /Applications/MCUXpressoIDE_24.12.148/ide/plugins/com.nxp.mcuxpresso.tools.macosx_24.12.0.202407110909/tools/bin/../lib/gcc/arm-none-eabi/13.2.1/../../../../arm-none-eabi/lib/thumb/v6-m/nofp/libcr_semihost_nf.a(__sys_istty.o)
 .ARM.attributes
                0x00000618       0x1c /Applications/MCUXpressoIDE_24.12.148/ide/plugins/com.nxp.mcuxpresso.tools.macosx_24.12.0.202407110909/tools/bin/../lib/gcc/arm-none-eabi/13.2.1/../../../../arm-none-eabi/lib/thumb/v6-m/nofp/libcr_semihost_nf.a(__sys_remove.o)
 .ARM.attributes
                0x00000634       0x1c /Applications/MCUXpressoIDE_24.12.148/ide/plugins/com.nxp.mcuxpresso.tools.macosx_24.12.0.202407110909/tools/bin/../lib/gcc/arm-none-eabi/13.2.1/../../../../arm-none-eabi/lib/thumb/v6-m/nofp/libcr_semihost_nf.a(__sys_seek.o)
 .ARM.attributes
                0x00000650       0x1c /Applications/MCUXpressoIDE_24.12.148/ide/plugins/com.nxp.mcuxpresso.tools.macosx_24.12.0.202407110909/tools/bin/../lib/gcc/arm-none-eabi/13.2.1/../../../../arm-none-eabi/lib/thumb/v6-m/nofp/libcr_semihost_nf.a(__sys_tmpnam.o)
 .ARM.attributes
                0x0000066c       0x1c /Applications/MCUXpressoIDE_24.12.148/ide/plugins/com.nxp.mcuxpresso.tools.macosx_24.12.0.202407110909/tools/bin/../lib/gcc/arm-none-eabi/13.2.1/../../../../arm-none-eabi/lib/thumb/v6-m/nofp/libcr_semihost_nf.a(__sys_write.o)

.debug_frame    0x00000000      0xf9c
 .debug_frame   0x00000000       0x50 ./utilities/fsl_assert.o
 .debug_frame   0x00000050      0x3a8 ./startup/startup_lpc845.o
 .debug_frame   0x000003f8       0x70 ./source/01_blinkynnn.o
 .debug_frame   0x00000468       0x20 ./source/semihost_hardfault.o
 .debug_frame   0x00000488       0x90 ./drivers/fsl_gpio.o
 .debug_frame   0x00000518       0x70 ./drivers/fsl_reset.o
 .debug_frame   0x00000588      0x43c ./drivers/fsl_usart.o
 .debug_frame   0x000009c4       0x68 ./device/system_LPC845.o
 .debug_frame   0x00000a2c       0x28 /Applications/MCUXpressoIDE_24.12.148/ide/plugins/com.nxp.mcuxpresso.tools.macosx_24.12.0.202407110909/tools/bin/../lib/gcc/arm-none-eabi/13.2.1/../../../../arm-none-eabi/lib/thumb/v6-m/nofp/libcr_semihost_nf.a(_cr__main.o)
 .debug_frame   0x00000a54       0x28 /Applications/MCUXpressoIDE_24.12.148/ide/plugins/com.nxp.mcuxpresso.tools.macosx_24.12.0.202407110909/tools/bin/../lib/gcc/arm-none-eabi/13.2.1/../../../../arm-none-eabi/lib/thumb/v6-m/nofp/libcr_c.a(memset.o)
 .debug_frame   0x00000a7c       0x9c /Applications/MCUXpressoIDE_24.12.148/ide/plugins/com.nxp.mcuxpresso.tools.macosx_24.12.0.202407110909/tools/bin/../lib/gcc/arm-none-eabi/13.2.1/../../../../arm-none-eabi/lib/thumb/v6-m/nofp/libcr_c.a(alloc.o)
 .debug_frame   0x00000b18       0x4c /Applications/MCUXpressoIDE_24.12.148/ide/plugins/com.nxp.mcuxpresso.tools.macosx_24.12.0.202407110909/tools/bin/../lib/gcc/arm-none-eabi/13.2.1/../../../../arm-none-eabi/lib/thumb/v6-m/nofp/libcr_c.a(initio.o)
 .debug_frame   0x00000b64      0x174 /Applications/MCUXpressoIDE_24.12.148/ide/plugins/com.nxp.mcuxpresso.tools.macosx_24.12.0.202407110909/tools/bin/../lib/gcc/arm-none-eabi/13.2.1/../../../../arm-none-eabi/lib/thumb/v6-m/nofp/libcr_c.a(printf.o)
 .debug_frame   0x00000cd8       0x30 /Applications/MCUXpressoIDE_24.12.148/ide/plugins/com.nxp.mcuxpresso.tools.macosx_24.12.0.202407110909/tools/bin/../lib/gcc/arm-none-eabi/13.2.1/../../../../arm-none-eabi/lib/thumb/v6-m/nofp/libcr_c.a(setvbuf.o)
 .debug_frame   0x00000d08       0x28 /Applications/MCUXpressoIDE_24.12.148/ide/plugins/com.nxp.mcuxpresso.tools.macosx_24.12.0.202407110909/tools/bin/../lib/gcc/arm-none-eabi/13.2.1/../../../../arm-none-eabi/lib/thumb/v6-m/nofp/libcr_c.a(strlen.o)
 .debug_frame   0x00000d30       0x20 /Applications/MCUXpressoIDE_24.12.148/ide/plugins/com.nxp.mcuxpresso.tools.macosx_24.12.0.202407110909/tools/bin/../lib/gcc/arm-none-eabi/13.2.1/../../../../arm-none-eabi/lib/thumb/v6-m/nofp/libcr_c.a(__init_alloc.o)
 .debug_frame   0x00000d50       0x2c /Applications/MCUXpressoIDE_24.12.148/ide/plugins/com.nxp.mcuxpresso.tools.macosx_24.12.0.202407110909/tools/bin/../lib/gcc/arm-none-eabi/13.2.1/../../../../arm-none-eabi/lib/thumb/v6-m/nofp/libcr_c.a(_cr_sbrk.o)
 .debug_frame   0x00000d7c       0x48 /Applications/MCUXpressoIDE_24.12.148/ide/plugins/com.nxp.mcuxpresso.tools.macosx_24.12.0.202407110909/tools/bin/../lib/gcc/arm-none-eabi/13.2.1/../../../../arm-none-eabi/lib/thumb/v6-m/nofp/libcr_c.a(_deferredlazyseek.o)
 .debug_frame   0x00000dc4       0x34 /Applications/MCUXpressoIDE_24.12.148/ide/plugins/com.nxp.mcuxpresso.tools.macosx_24.12.0.202407110909/tools/bin/../lib/gcc/arm-none-eabi/13.2.1/../../../../arm-none-eabi/lib/thumb/v6-m/nofp/libcr_c.a(_fdopen.o)
 .debug_frame   0x00000df8       0x2c /Applications/MCUXpressoIDE_24.12.148/ide/plugins/com.nxp.mcuxpresso.tools.macosx_24.12.0.202407110909/tools/bin/../lib/gcc/arm-none-eabi/13.2.1/../../../../arm-none-eabi/lib/thumb/v6-m/nofp/libcr_c.a(_fflush.o)
 .debug_frame   0x00000e24       0x34 /Applications/MCUXpressoIDE_24.12.148/ide/plugins/com.nxp.mcuxpresso.tools.macosx_24.12.0.202407110909/tools/bin/../lib/gcc/arm-none-eabi/13.2.1/../../../../arm-none-eabi/lib/thumb/v6-m/nofp/libcr_c.a(_writebuf.o)
 .debug_frame   0x00000e58       0x30 /Applications/MCUXpressoIDE_24.12.148/ide/plugins/com.nxp.mcuxpresso.tools.macosx_24.12.0.202407110909/tools/bin/../lib/gcc/arm-none-eabi/13.2.1/../../../../arm-none-eabi/lib/thumb/v6-m/nofp/libcr_c.a(fclose.o)
 .debug_frame   0x00000e88       0x30 /Applications/MCUXpressoIDE_24.12.148/ide/plugins/com.nxp.mcuxpresso.tools.macosx_24.12.0.202407110909/tools/bin/../lib/gcc/arm-none-eabi/13.2.1/../../../../arm-none-eabi/lib/thumb/v6-m/nofp/libcr_c.a(fflush.o)
 .debug_frame   0x00000eb8       0x34 /Applications/MCUXpressoIDE_24.12.148/ide/plugins/com.nxp.mcuxpresso.tools.macosx_24.12.0.202407110909/tools/bin/../lib/gcc/arm-none-eabi/13.2.1/../../../../arm-none-eabi/lib/thumb/v6-m/nofp/libcr_c.a(fseek.o)
 .debug_frame   0x00000eec       0x20 /Applications/MCUXpressoIDE_24.12.148/ide/plugins/com.nxp.mcuxpresso.tools.macosx_24.12.0.202407110909/tools/bin/../lib/gcc/arm-none-eabi/13.2.1/../../../../arm-none-eabi/lib/thumb/v6-m/nofp/libcr_c.a(ftell.o)
 .debug_frame   0x00000f0c       0x44 /Applications/MCUXpressoIDE_24.12.148/ide/plugins/com.nxp.mcuxpresso.tools.macosx_24.12.0.202407110909/tools/bin/../lib/gcc/arm-none-eabi/13.2.1/../../../../arm-none-eabi/lib/thumb/v6-m/nofp/libcr_c.a(remove.o)
 .debug_frame   0x00000f50       0x20 /Applications/MCUXpressoIDE_24.12.148/ide/plugins/com.nxp.mcuxpresso.tools.macosx_24.12.0.202407110909/tools/bin/../lib/gcc/arm-none-eabi/13.2.1/../../../../arm-none-eabi/lib/thumb/v6-m/nofp/libcr_c.a(_cr_check_heap.o)
 .debug_frame   0x00000f70       0x2c /Applications/MCUXpressoIDE_24.12.148/ide/plugins/com.nxp.mcuxpresso.tools.macosx_24.12.0.202407110909/tools/bin/../lib/gcc/arm-none-eabi/13.2.1/../../../../arm-none-eabi/lib/thumb/v6-m/nofp/libcr_c.a(_do_fflush.o)

.debug_loc      0x00000000     0x3b33
 .debug_loc     0x00000000      0x1de ./startup/startup_lpc845.o