Archive member included to satisfy reference by file (symbol)

/Users/rok/.mcuxpressotools/arm-gnu-toolchain-13.2.Rel1-darwin-arm64-arm-none-eabi/bin/../lib/gcc/arm-none-eabi/13.2.1/thumb/v6-m/nofp/libgcc.a(_udivsi3.o)
                              CMakeFiles/new_project.elf.dir/Users/rok/Documents/curso-lse/workspace_lpc845/lpc845breakout_blank/main.c.obj (__aeabi_uidiv)
/Users/rok/.mcuxpressotools/arm-gnu-toolchain-13.2.Rel1-darwin-arm64-arm-none-eabi/bin/../lib/gcc/arm-none-eabi/13.2.1/thumb/v6-m/nofp/libgcc.a(_dvmd_tls.o)
                              /Users/rok/.mcuxpressotools/arm-gnu-toolchain-13.2.Rel1-darwin-arm64-arm-none-eabi/bin/../lib/gcc/arm-none-eabi/13.2.1/thumb/v6-m/nofp/libgcc.a(_udivsi3.o) (__aeabi_idiv0)
/Users/rok/.mcuxpressotools/arm-gnu-toolchain-13.2.Rel1-darwin-arm64-arm-none-eabi/bin/../lib/gcc/arm-none-eabi/13.2.1/thumb/v6-m/nofp/libgcc.a(_aeabi_uldivmod.o)
                              CMakeFiles/new_project.elf.dir/Users/rok/Documents/curso-lse/workspace_lpc845/sdks/lpc845breakout_blank_sdk/devices/LPC845/drivers/fsl_clock.c.obj (__aeabi_uldivmod)
/Users/rok/.mcuxpressotools/arm-gnu-toolchain-13.2.Rel1-darwin-arm64-arm-none-eabi/bin/../lib/gcc/arm-none-eabi/13.2.1/thumb/v6-m/nofp/libgcc.a(_muldi3.o)
                              CMakeFiles/new_project.elf.dir/Users/rok/Documents/curso-lse/workspace_lpc845/sdks/lpc845breakout_blank_sdk/devices/LPC845/drivers/fsl_common_arm.c.obj (__aeabi_lmul)
/Users/rok/.mcuxpressotools/arm-gnu-toolchain-13.2.Rel1-darwin-arm64-arm-none-eabi/bin/../lib/gcc/arm-none-eabi/13.2.1/thumb/v6-m/nofp/libgcc.a(_udivmoddi4.o)
                              /Users/rok/.mcuxpressotools/arm-gnu-toolchain-13.2.Rel1-darwin-arm64-arm-none-eabi/bin/../lib/gcc/arm-none-eabi/13.2.1/thumb/v6-m/nofp/libgcc.a(_aeabi_uldivmod.o) (__udivmoddi4)
/Users/rok/.mcuxpressotools/arm-gnu-toolchain-13.2.Rel1-darwin-arm64-arm-none-eabi/bin/../lib/gcc/arm-none-eabi/13.2.1/thumb/v6-m/nofp/libgcc.a(_clzdi2.o)
                              /Users/rok/.mcuxpressotools/arm-gnu-toolchain-13.2.Rel1-darwin-arm64-arm-none-eabi/bin/../lib/gcc/arm-none-eabi/13.2.1/thumb/v6-m/nofp/libgcc.a(_udivmoddi4.o) (__clzdi2)
/Users/rok/.mcuxpressotools/arm-gnu-toolchain-13.2.Rel1-darwin-arm64-arm-none-eabi/bin/../lib/gcc/arm-none-eabi/13.2.1/thumb/v6-m/nofp/libgcc.a(_clzsi2.o)
                              /Users/rok/.mcuxpressotools/arm-gnu-toolchain-13.2.Rel1-darwin-arm64-arm-none-eabi/bin/../lib/gcc/arm-none-eabi/13.2.1/thumb/v6-m/nofp/libgcc.a(_clzdi2.o) (__clzsi2)
/Users/rok/.mcuxpressotools/arm-gnu-toolchain-13.2.Rel1-darwin-arm64-arm-none-eabi/bin/../lib/gcc/arm-none-eabi/13.2.1/../../../../arm-none-eabi/lib/thumb/v6-m/nofp/libc_nano.a(libc_a-exit.o)
                              /Users/rok/.mcuxpressotools/arm-gnu-toolchain-13.2.Rel1-darwin-arm64-arm-none-eabi/bin/../lib/gcc/arm-none-eabi/13.2.1/../../../../arm-none-eabi/lib/thumb/v6-m/nofp/crt0.o (exit)
/Users/rok/.mcuxpressotools/arm-gnu-toolchain-13.2.Rel1-darwin-arm64-arm-none-eabi/bin/../lib/gcc/arm-none-eabi/13.2.1/../../../../arm-none-eabi/lib/thumb/v6-m/nofp/libc_nano.a(libc_a-malloc.o)
                              CMakeFiles/new_project.elf.dir/Users/rok/Documents/curso-lse/workspace_lpc845/sdks/lpc845breakout_blank_sdk/devices/LPC845/drivers/fsl_common.c.obj (malloc)
/Users/rok/.mcuxpressotools/arm-gnu-toolchain-13.2.Rel1-darwin-arm64-arm-none-eabi/bin/../lib/gcc/arm-none-eabi/13.2.1/../../../../arm-none-eabi/lib/thumb/v6-m/nofp/libc_nano.a(libc_a-mallocr.o)
                              /Users/rok/.mcuxpressotools/arm-gnu-toolchain-13.2.Rel1-darwin-arm64-arm-none-eabi/bin/../lib/gcc/arm-none-eabi/13.2.1/../../../../arm-none-eabi/lib/thumb/v6-m/nofp/libc_nano.a(libc_a-malloc.o) (_malloc_r)
/Users/rok/.mcuxpressotools/arm-gnu-toolchain-13.2.Rel1-darwin-arm64-arm-none-eabi/bin/../lib/gcc/arm-none-eabi/13.2.1/../../../../arm-none-eabi/lib/thumb/v6-m/nofp/libc_nano.a(libc_a-mlock.o)
                              /Users/rok/.mcuxpressotools/arm-gnu-toolchain-13.2.Rel1-darwin-arm64-arm-none-eabi/bin/../lib/gcc/arm-none-eabi/13.2.1/../../../../arm-none-eabi/lib/thumb/v6-m/nofp/libc_nano.a(libc_a-mallocr.o) (__malloc_lock)
/Users/rok/.mcuxpressotools/arm-gnu-toolchain-13.2.Rel1-darwin-arm64-arm-none-eabi/bin/../lib/gcc/arm-none-eabi/13.2.1/../../../../arm-none-eabi/lib/thumb/v6-m/nofp/libc_nano.a(libc_a-findfp.o)
                              /Users/rok/.mcuxpressotools/arm-gnu-toolchain-13.2.Rel1-darwin-arm64-arm-none-eabi/bin/../lib/gcc/arm-none-eabi/13.2.1/../../../../arm-none-eabi/lib/thumb/v6-m/nofp/libc_nano.a(libc_a-exit.o) (__stdio_exit_handler)
/Users/rok/.mcuxpressotools/arm-gnu-toolchain-13.2.Rel1-darwin-arm64-arm-none-eabi/bin/../lib/gcc/arm-none-eabi/13.2.1/../../../../arm-none-eabi/lib/thumb/v6-m/nofp/libc_nano.a(libc_a-strtoul.o)
                              CMakeFiles/new_project.elf.dir/Users/rok/Documents/curso-lse/workspace_lpc845/sdks/lpc845breakout_blank_sdk/devices/LPC845/utilities/str/fsl_str.c.obj (strtoul)
[...]
Memory Configuration

Name             Origin             Length             Attributes
m_interrupts     0x00000000         0x00000200         xr
m_crp            0x000002fc         0x00000004         xr
m_text           0x00000300         0x0000fd00         xr
m_data           0x10000000         0x00003fe0         rw
*default*        0x00000000         0xffffffff

Linker script and memory map

LOAD /Users/rok/.mcuxpressotools/arm-gnu-toolchain-13.2.Rel1-darwin-arm64-arm-none-eabi/bin/../lib/gcc/arm-none-eabi/13.2.1/thumb/v6-m/nofp/crti.o
LOAD /Users/rok/.mcuxpressotools/arm-gnu-toolchain-13.2.Rel1-darwin-arm64-arm-none-eabi/bin/../lib/gcc/arm-none-eabi/13.2.1/thumb/v6-m/nofp/crtbegin.o
LOAD /Users/rok/.mcuxpressotools/arm-gnu-toolchain-13.2.Rel1-darwin-arm64-arm-none-eabi/bin/../lib/gcc/arm-none-eabi/13.2.1/../../../../arm-none-eabi/lib/thumb/v6-m/nofp/crt0.o
LOAD CMakeFiles/new_project.elf.dir/Users/rok/Documents/curso-lse/workspace_lpc845/lpc845breakout_blank/main.c.obj
LOAD CMakeFiles/new_project.elf.dir/Users/rok/Documents/curso-lse/workspace_lpc845/lpc845breakout_blank/peripherals.c.obj
LOAD CMakeFiles/new_project.elf.dir/Users/rok/Documents/curso-lse/workspace_lpc845/lpc845breakout_blank/pin_mux.c.obj
LOAD CMakeFiles/new_project.elf.dir/Users/rok/Documents/curso-lse/workspace_lpc845/lpc845breakout_blank/board.c.obj
LOAD CMakeFiles/new_project.elf.dir/Users/rok/Documents/curso-lse/workspace_lpc845/lpc845breakout_blank/clock_config.c.obj
LOAD CMakeFiles/new_project.elf.dir/Users/rok/Documents/curso-lse/workspace_lpc845/lpc845breakout_blank/hardware_init.c.obj
LOAD CMakeFiles/new_project.elf.dir/Users/rok/Documents/curso-lse/workspace_lpc845/sdks/lpc845breakout_blank_sdk/components/uart/fsl_adapter_miniusart.c.obj
LOAD CMakeFiles/new_project.elf.dir/Users/rok/Documents/curso-lse/workspace_lpc845/sdks/lpc845breakout_blank_sdk/devices/LPC845/gcc/startup_LPC845.S.obj
LOAD CMakeFiles/new_project.elf.dir/Users/rok/Documents/curso-lse/workspace_lpc845/sdks/lpc845breakout_blank_sdk/devices/LPC845/system_LPC845.c.obj
LOAD CMakeFiles/new_project.elf.dir/Users/rok/Documents/curso-lse/workspace_lpc845/sdks/lpc845breakout_blank_sdk/devices/LPC845/drivers/fsl_clock.c.obj
LOAD CMakeFiles/new_project.elf.dir/Users/rok/Documents/curso-lse/workspace_lpc845/sdks/lpc845breakout_blank_sdk/devices/LPC845/drivers/fsl_common.c.obj
LOAD CMakeFiles/new_project.elf.dir/Users/rok/Documents/curso-lse/workspace_lpc845/sdks/lpc845breakout_blank_sdk/devices/LPC845/drivers/fsl_common_arm.c.obj
LOAD CMakeFiles/new_project.elf.dir/Users/rok/Documents/curso-lse/workspace_lpc845/sdks/lpc845breakout_blank_sdk/devices/LPC845/drivers/fsl_inputmux.c.obj
LOAD CMakeFiles/new_project.elf.dir/Users/rok/Documents/curso-lse/workspace_lpc845/sdks/lpc845breakout_blank_sdk/devices/LPC845/drivers/fsl_adc.c.obj
LOAD CMakeFiles/new_project.elf.dir/Users/rok/Documents/curso-lse/workspace_lpc845/sdks/lpc845breakout_blank_sdk/devices/LPC845/drivers/fsl_gpio.c.obj
LOAD CMakeFiles/new_project.elf.dir/Users/rok/Documents/curso-lse/workspace_lpc845/sdks/lpc845breakout_blank_sdk/devices/LPC845/drivers/fsl_usart.c.obj
LOAD CMakeFiles/new_project.elf.dir/Users/rok/Documents/curso-lse/workspace_lpc845/sdks/lpc845breakout_blank_sdk/devices/LPC845/drivers/fsl_power.c.obj
LOAD CMakeFiles/new_project.elf.dir/Users/rok/Documents/curso-lse/workspace_lpc845/sdks/lpc845breakout_blank_sdk/devices/LPC845/drivers/fsl_reset.c.obj
LOAD CMakeFiles/new_project.elf.dir/Users/rok/Documents/curso-lse/workspace_lpc845/sdks/lpc845breakout_blank_sdk/devices/LPC845/drivers/fsl_swm.c.obj
LOAD CMakeFiles/new_project.elf.dir/Users/rok/Documents/curso-lse/workspace_lpc845/sdks/lpc845breakout_blank_sdk/devices/LPC845/drivers/fsl_syscon.c.obj
LOAD CMakeFiles/new_project.elf.dir/Users/rok/Documents/curso-lse/workspace_lpc845/sdks/lpc845breakout_blank_sdk/devices/LPC845/utilities/fsl_syscall_stub.c.obj
LOAD CMakeFiles/new_project.elf.dir/Users/rok/Documents/curso-lse/workspace_lpc845/sdks/lpc845breakout_blank_sdk/devices/LPC845/utilities/fsl_sbrk.c.obj
LOAD CMakeFiles/new_project.elf.dir/Users/rok/Documents/curso-lse/workspace_lpc845/sdks/lpc845breakout_blank_sdk/devices/LPC845/utilities/debug_console_lite/fsl_assert.c.obj
LOAD CMakeFiles/new_project.elf.dir/Users/rok/Documents/curso-lse/workspace_lpc845/sdks/lpc845breakout_blank_sdk/devices/LPC845/utilities/debug_console_lite/fsl_debug_console.c.obj
LOAD CMakeFiles/new_project.elf.dir/Users/rok/Documents/curso-lse/workspace_lpc845/sdks/lpc845breakout_blank_sdk/devices/LPC845/utilities/str/fsl_str.c.obj
START GROUP
LOAD /Users/rok/.mcuxpressotools/arm-gnu-toolchain-13.2.Rel1-darwin-arm64-arm-none-eabi/bin/../lib/gcc/arm-none-eabi/13.2.1/thumb/v6-m/nofp/libgcc.a
LOAD /Users/rok/.mcuxpressotools/arm-gnu-toolchain-13.2.Rel1-darwin-arm64-arm-none-eabi/bin/../lib/gcc/arm-none-eabi/13.2.1/../../../../arm-none-eabi/lib/thumb/v6-m/nofp/libc_nano.a
LOAD /Users/rok/.mcuxpressotools/arm-gnu-toolchain-13.2.Rel1-darwin-arm64-arm-none-eabi/bin/../lib/gcc/arm-none-eabi/13.2.1/../../../../arm-none-eabi/lib/thumb/v6-m/nofp/libm.a
LOAD /Users/rok/.mcuxpressotools/arm-gnu-toolchain-13.2.Rel1-darwin-arm64-arm-none-eabi/bin/../lib/gcc/arm-none-eabi/13.2.1/../../../../arm-none-eabi/lib/thumb/v6-m/nofp/libcr_newlib_nohost.a
END GROUP
START GROUP
LOAD /Users/rok/.mcuxpressotools/arm-gnu-toolchain-13.2.Rel1-darwin-arm64-arm-none-eabi/bin/../lib/gcc/arm-none-eabi/13.2.1/thumb/v6-m/nofp/libgcc.a
LOAD /Users/rok/.mcuxpressotools/arm-gnu-toolchain-13.2.Rel1-darwin-arm64-arm-none-eabi/bin/../lib/gcc/arm-none-eabi/13.2.1/../../../../arm-none-eabi/lib/thumb/v6-m/nofp/libg_nano.a
LOAD /Users/rok/.mcuxpressotools/arm-gnu-toolchain-13.2.Rel1-darwin-arm64-arm-none-eabi/bin/../lib/gcc/arm-none-eabi/13.2.1/../../../../arm-none-eabi/lib/thumb/v6-m/nofp/libc_nano.a
END GROUP
START GROUP
LOAD /Users/rok/.mcuxpressotools/arm-gnu-toolchain-13.2.Rel1-darwin-arm64-arm-none-eabi/bin/../lib/gcc/arm-none-eabi/13.2.1/thumb/v6-m/nofp/libgcc.a
LOAD /Users/rok/.mcuxpressotools/arm-gnu-toolchain-13.2.Rel1-darwin-arm64-arm-none-eabi/bin/../lib/gcc/arm-none-eabi/13.2.1/../../../../arm-none-eabi/lib/thumb/v6-m/nofp/libc_nano.a
LOAD /Users/rok/.mcuxpressotools/arm-gnu-toolchain-13.2.Rel1-darwin-arm64-arm-none-eabi/bin/../lib/gcc/arm-none-eabi/13.2.1/../../../../arm-none-eabi/lib/thumb/v6-m/nofp/libnosys.a
END GROUP
START GROUP
LOAD /Users/rok/.mcuxpressotools/arm-gnu-toolchain-13.2.Rel1-darwin-arm64-arm-none-eabi/bin/../lib/gcc/arm-none-eabi/13.2.1/thumb/v6-m/nofp/libgcc.a
LOAD /Users/rok/.mcuxpressotools/arm-gnu-toolchain-13.2.Rel1-darwin-arm64-arm-none-eabi/bin/../lib/gcc/arm-none-eabi/13.2.1/../../../../arm-none-eabi/lib/thumb/v6-m/nofp/libc_nano.a
LOAD /Users/rok/.mcuxpressotools/arm-gnu-toolchain-13.2.Rel1-darwin-arm64-arm-none-eabi/bin/../lib/gcc/arm-none-eabi/13.2.1/../../../../arm-none-eabi/lib/thumb/v6-m/nofp/libnosys.a
END GROUP
LOAD /Users/rok/.mcuxpressotools/arm-gnu-toolchain-13.2.Rel1-darwin-arm64-arm-none-eabi/bin/../lib/gcc/arm-none-eabi/13.2.1/thumb/v6-m/nofp/crtend.o
LOAD /Users/rok/.mcuxpressotools/arm-gnu-toolchain-13.2.Rel1-darwin-arm64-arm-none-eabi/bin/../lib/gcc/arm-none-eabi/13.2.1/thumb/v6-m/nofp/crtn.o
                0x00000400                        HEAP_SIZE = DEFINED (__heap_size__)?__heap_size__:0x400
                0x00000800                        STACK_SIZE = DEFINED (__stack_size__)?__stack_size__:0x800
                0xefffb4f9                        __valid_user_code_checksum = (0x0 - ((((__StackTop + Reset_Handler) + NMI_Handler) + HardFault_Handler) + 0x3))

.interrupts     0x00000000       0xc0
                0x00000000                        . = ALIGN (0x4)
 *(.isr_vector)
 .isr_vector    0x00000000       0xc0 CMakeFiles/new_project.elf.dir/Users/rok/Documents/curso-lse/workspace_lpc845/sdks/lpc845breakout_blank_sdk/devices/LPC845/gcc/startup_LPC845.S.obj
                0x00000000                __Vectors
                0x000000c0                        . = ALIGN (0x4)

.crp            0x000002fc        0x4
                0x000002fc                        . = ALIGN (0x4)
 *(.crp)
 .crp           0x000002fc        0x4 CMakeFiles/new_project.elf.dir/Users/rok/Documents/curso-lse/workspace_lpc845/sdks/lpc845breakout_blank_sdk/devices/LPC845/gcc/startup_LPC845.S.obj
                0x00000300                        . = ALIGN (0x4)

.text           0x00000300     0x349c
                0x00000300                        . = ALIGN (0x4)
 *(.text)
 .text          0x00000300       0x80 /Users/rok/.mcuxpressotools/arm-gnu-toolchain-13.2.Rel1-darwin-arm64-arm-none-eabi/bin/../lib/gcc/arm-none-eabi/13.2.1/../../../../arm-none-eabi/lib/thumb/v6-m/nofp/crt0.o
                0x00000300                _stack_init
                0x0000030c                _mainCRTStartup
                0x0000030c                _start
 .text          0x00000380      0x17c CMakeFiles/new_project.elf.dir/Users/rok/Documents/curso-lse/workspace_lpc845/sdks/lpc845breakout_blank_sdk/devices/LPC845/gcc/startup_LPC845.S.obj
                0x00000380                Reset_Handler
                0x000003cc                SCT0_DriverIRQHandler
                0x000003cc                ADC0_OVR_DriverIRQHandler
                0x000003cc                I2C0_DriverIRQHandler
                0x000003cc                DMA0_DriverIRQHandler
                0x000003cc                SPI1_DriverIRQHandler
                0x000003cc                WDT_DriverIRQHandler
                0x000003cc                PIN_INT4_DriverIRQHandler
                0x000003cc                I2C1_DriverIRQHandler
                0x000003cc                CMP_CAPT_DriverIRQHandler
                0x000003cc                ADC0_THCMP_DriverIRQHandler
                0x000003cc                BOD_DriverIRQHandler
                0x000003cc                Reserved22_DriverIRQHandler
                0x000003cc                FLASH_DriverIRQHandler
                0x000003cc                ADC0_SEQB_DriverIRQHandler
                0x000003cc                CTIMER0_DriverIRQHandler
                0x000003cc                PIN_INT1_DriverIRQHandler
                0x000003cc                I2C3_DriverIRQHandler
                0x000003cc                PIN_INT3_DriverIRQHandler
                0x000003cc                PIN_INT5_DAC1_DriverIRQHandler
                0x000003cc                PIN_INT2_DriverIRQHandler
                0x000003cc                SPI0_DriverIRQHandler
                0x000003cc                I2C2_DriverIRQHandler
                0x000003cc                PIN_INT0_DriverIRQHandler
                0x000003cc                ADC0_SEQA_DriverIRQHandler
                0x000003cc                DefaultISR
                0x000003cc                WKT_DriverIRQHandler
                0x000003cc                DAC0_DriverIRQHandler
                0x000003cc                MRT0_DriverIRQHandler
                0x000003d0                NMI_Handler
                0x000003d4                HardFault_Handler
                0x000003d8                SVC_Handler
                0x000003dc                PendSV_Handler
                0x000003e4                SPI0_IRQHandler
                0x000003e8                SPI1_IRQHandler
                0x000003ec                DAC0_IRQHandler
                0x000003f0                USART0_IRQHandler
                0x000003f4                USART1_IRQHandler
                0x000003f8                USART2_IRQHandler
                0x000003fc                Reserved22_IRQHandler
                0x00000400                I2C1_IRQHandler
                0x00000404                I2C0_IRQHandler
                0x00000408                SCT0_IRQHandler
                0x0000040c                MRT0_IRQHandler
                0x00000410                CMP_CAPT_IRQHandler
                0x00000414                WDT_IRQHandler
                0x00000418                BOD_IRQHandler
                0x0000041c                FLASH_IRQHandler
                0x00000420                WKT_IRQHandler
                0x00000424                ADC0_SEQA_IRQHandler
                0x00000428                ADC0_SEQB_IRQHandler
                0x0000042c                ADC0_THCMP_IRQHandler
                0x00000430                ADC0_OVR_IRQHandler
                0x00000434                DMA0_IRQHandler
                0x00000438                I2C2_IRQHandler
                0x0000043c                I2C3_IRQHandler
                0x00000440                CTIMER0_IRQHandler
                0x00000444                PIN_INT0_IRQHandler
                0x00000448                PIN_INT1_IRQHandler
                0x0000044c                PIN_INT2_IRQHandler
                0x00000450                PIN_INT3_IRQHandler
                0x00000454                PIN_INT4_IRQHandler
                0x00000458                PIN_INT5_DAC1_IRQHandler
                0x0000045c                PIN_INT6_USART3_IRQHandler
                0x00000460                PIN_INT7_USART4_IRQHandler
 .text          0x000004fc      0x114 /Users/rok/.mcuxpressotools/arm-gnu-toolchain-13.2.Rel1-darwin-arm64-arm-none-eabi/bin/../lib/gcc/arm-none-eabi/13.2.1/thumb/v6-m/nofp/libgcc.a(_udivsi3.o)
                0x000004fc                __udivsi3
                0x000004fc                __aeabi_uidiv
                0x00000608                __aeabi_uidivmod
 .text          0x00000610        0x4 /Users/rok/.mcuxpressotools/arm-gnu-toolchain-13.2.Rel1-darwin-arm64-arm-none-eabi/bin/../lib/gcc/arm-none-eabi/13.2.1/thumb/v6-m/nofp/libgcc.a(_dvmd_tls.o)
                0x00000610                __aeabi_ldiv0
                0x00000610                __aeabi_idiv0
 .text          0x00000614       0x40 /Users/rok/.mcuxpressotools/arm-gnu-toolchain-13.2.Rel1-darwin-arm64-arm-none-eabi/bin/../lib/gcc/arm-none-eabi/13.2.1/thumb/v6-m/nofp/libgcc.a(_aeabi_uldivmod.o)
                0x00000614                __aeabi_uldivmod
 .text          0x00000654       0x18 /Users/rok/.mcuxpressotools/arm-gnu-toolchain-13.2.Rel1-darwin-arm64-arm-none-eabi/bin/../lib/gcc/arm-none-eabi/13.2.1/thumb/v6-m/nofp/libgcc.a(_clzdi2.o)
                0x00000654                __clzdi2
 .text          0x0000066c       0x3c /Users/rok/.mcuxpressotools/arm-gnu-toolchain-13.2.Rel1-darwin-arm64-arm-none-eabi/bin/../lib/gcc/arm-none-eabi/13.2.1/thumb/v6-m/nofp/libgcc.a(_clzsi2.o)
                0x0000066c                __clzsi2
 .text          0x000006a8        0xe /Users/rok/.mcuxpressotools/arm-gnu-toolchain-13.2.Rel1-darwin-arm64-arm-none-eabi/bin/../lib/gcc/arm-none-eabi/13.2.1/../../../../arm-none-eabi/lib/thumb/v6-m/nofp/libc_nano.a(libc_a-strlen.o)
                0x000006a8                strlen
 *(.text*)
 *fill*         0x000006b6        0x2 
 .text.deregister_tm_clones
                0x000006b8       0x20 /Users/rok/.mcuxpressotools/arm-gnu-toolchain-13.2.Rel1-darwin-arm64-arm-none-eabi/bin/../lib/gcc/arm-none-eabi/13.2.1/thumb/v6-m/nofp/crtbegin.o
 .text.register_tm_clones
                0x000006d8       0x28 /Users/rok/.mcuxpressotools/arm-gnu-toolchain-13.2.Rel1-darwin-arm64-arm-none-eabi/bin/../lib/gcc/arm-none-eabi/13.2.1/thumb/v6-m/nofp/crtbegin.o
 .text.__do_global_dtors_aux
                0x00000700       0x2c /Users/rok/.mcuxpressotools/arm-gnu-toolchain-13.2.Rel1-darwin-arm64-arm-none-eabi/bin/../lib/gcc/arm-none-eabi/13.2.1/thumb/v6-m/nofp/crtbegin.o
 .text.frame_dummy
                0x0000072c       0x24 /Users/rok/.mcuxpressotools/arm-gnu-toolchain-13.2.Rel1-darwin-arm64-arm-none-eabi/bin/../lib/gcc/arm-none-eabi/13.2.1/thumb/v6-m/nofp/crtbegin.o
 .text.__NVIC_SetPriority
                0x00000750       0xdc CMakeFiles/new_project.elf.dir/Users/rok/Documents/curso-lse/workspace_lpc845/lpc845breakout_blank/main.c.obj
 .text.SysTick_Config
                0x0000082c       0x48 CMakeFiles/new_project.elf.dir/Users/rok/Documents/curso-lse/workspace_lpc845/lpc845breakout_blank/main.c.obj
 .text.CLOCK_EnableClock
                0x00000874       0x54 CMakeFiles/new_project.elf.dir/Users/rok/Documents/curso-lse/workspace_lpc845/lpc845breakout_blank/main.c.obj
 .text.CLOCK_DisableClock
                0x000008c8       0x58 CMakeFiles/new_project.elf.dir/Users/rok/Documents/curso-lse/workspace_lpc845/lpc845breakout_blank/main.c.obj
 .text.CLOCK_Select
                0x00000920       0x38 CMakeFiles/new_project.elf.dir/Users/rok/Documents/curso-lse/workspace_lpc845/lpc845breakout_blank/main.c.obj
 .text.CLOCK_SetClkDivider
                0x00000958       0x30 CMakeFiles/new_project.elf.dir/Users/rok/Documents/curso-lse/workspace_lpc845/lpc845breakout_blank/main.c.obj
 .text.CLOCK_GetClkDivider
                0x00000988       0x2c CMakeFiles/new_project.elf.dir/Users/rok/Documents/curso-lse/workspace_lpc845/lpc845breakout_blank/main.c.obj
 .text.GPIO_PinWrite
                0x000009b4       0x2c CMakeFiles/new_project.elf.dir/Users/rok/Documents/curso-lse/workspace_lpc845/lpc845breakout_blank/main.c.obj
 .text.GPIO_PinRead
                0x000009e0       0x24 CMakeFiles/new_project.elf.dir/Users/rok/Documents/curso-lse/workspace_lpc845/lpc845breakout_blank/main.c.obj
 .text.POWER_DisablePD
                0x00000a04       0x2c CMakeFiles/new_project.elf.dir/Users/rok/Documents/curso-lse/workspace_lpc845/lpc845breakout_blank/main.c.obj
 .text.ADC_EnableConvSeqA
                0x00000a30       0x3a CMakeFiles/new_project.elf.dir/Users/rok/Documents/curso-lse/workspace_lpc845/lpc845breakout_blank/main.c.obj
 .text.ADC_DoSoftwareTriggerConvSeqA
                0x00000a6a       0x1e CMakeFiles/new_project.elf.dir/Users/rok/Documents/curso-lse/workspace_lpc845/lpc845breakout_blank/main.c.obj
 .text.SysTick_Handler
                0x00000a88       0x50 CMakeFiles/new_project.elf.dir/Users/rok/Documents/curso-lse/workspace_lpc845/lpc845breakout_blank/main.c.obj
                0x00000a88                SysTick_Handler
 .text.main     0x00000ad8      0x14c CMakeFiles/new_project.elf.dir/Users/rok/Documents/curso-lse/workspace_lpc845/lpc845breakout_blank/main.c.obj
                0x00000ad8                main
 .text.CLOCK_Select
                0x00000c24       0x38 CMakeFiles/new_project.elf.dir/Users/rok/Documents/curso-lse/workspace_lpc845/lpc845breakout_blank/board.c.obj
 .text.BOARD_InitDebugConsole
                0x00000c5c       0x58 CMakeFiles/new_project.elf.dir/Users/rok/Documents/curso-lse/workspace_lpc845/lpc845breakout_blank/board.c.obj
                0x00000c5c                BOARD_InitDebugConsole
 .text.CLOCK_Select
                0x00000cb4       0x38 CMakeFiles/new_project.elf.dir/Users/rok/Documents/curso-lse/workspace_lpc845/lpc845breakout_blank/clock_config.c.obj
 .text.CLOCK_SetCoreSysClkDiv
                0x00000cec       0x4c CMakeFiles/new_project.elf.dir/Users/rok/Documents/curso-lse/workspace_lpc845/lpc845breakout_blank/clock_config.c.obj
 .text.CLOCK_SetFroOscFreq
                0x00000d38       0x24 CMakeFiles/new_project.elf.dir/Users/rok/Documents/curso-lse/workspace_lpc845/lpc845breakout_blank/clock_config.c.obj
 .text.POWER_DisablePD
                0x00000d5c       0x2c CMakeFiles/new_project.elf.dir/Users/rok/Documents/curso-lse/workspace_lpc845/lpc845breakout_blank/clock_config.c.obj
 .text.BOARD_BootClockFRO30M
                0x00000d88       0x58 CMakeFiles/new_project.elf.dir/Users/rok/Documents/curso-lse/workspace_lpc845/lpc845breakout_blank/clock_config.c.obj
                0x00000d88                BOARD_BootClockFRO30M
 .text.HAL_UartGetStatus
                0x00000de0       0x20 CMakeFiles/new_project.elf.dir/Users/rok/Documents/curso-lse/workspace_lpc845/sdks/lpc845breakout_blank_sdk/components/uart/fsl_adapter_miniusart.c.obj
 .text.HAL_UartInit
                0x00000e00      0x134 CMakeFiles/new_project.elf.dir/Users/rok/Documents/curso-lse/workspace_lpc845/sdks/lpc845breakout_blank_sdk/components/uart/fsl_adapter_miniusart.c.obj
                0x00000e00                HAL_UartInit
 .text.HAL_UartReceiveBlocking
                0x00000f34       0x90 CMakeFiles/new_project.elf.dir/Users/rok/Documents/curso-lse/workspace_lpc845/sdks/lpc845breakout_blank_sdk/components/uart/fsl_adapter_miniusart.c.obj
                0x00000f34                HAL_UartReceiveBlocking
 .text.HAL_UartSendBlocking
                0x00000fc4       0x84 CMakeFiles/new_project.elf.dir/Users/rok/Documents/curso-lse/workspace_lpc845/sdks/lpc845breakout_blank_sdk/components/uart/fsl_adapter_miniusart.c.obj
                0x00000fc4                HAL_UartSendBlocking
 .text.SystemInit
                0x00001048       0x2c CMakeFiles/new_project.elf.dir/Users/rok/Documents/curso-lse/workspace_lpc845/sdks/lpc845breakout_blank_sdk/devices/LPC845/system_LPC845.c.obj
                0x00001048                SystemInit
 .text.SystemInitHook
                0x00001074        0xa CMakeFiles/new_project.elf.dir/Users/rok/Documents/curso-lse/workspace_lpc845/sdks/lpc845breakout_blank_sdk/devices/LPC845/system_LPC845.c.obj
                0x00001074                SystemInitHook
 *fill*         0x0000107e        0x2 
 .text.CLOCK_GetCoreSysClkFreq
                0x00001080       0x24 CMakeFiles/new_project.elf.dir/Users/rok/Documents/curso-lse/workspace_lpc845/sdks/lpc845breakout_blank_sdk/devices/LPC845/drivers/fsl_clock.c.obj
 .text.CLOCK_GetSystemPLLFreq
                0x000010a4       0x20 CMakeFiles/new_project.elf.dir/Users/rok/Documents/curso-lse/workspace_lpc845/sdks/lpc845breakout_blank_sdk/devices/LPC845/drivers/fsl_clock.c.obj
 .text.CLOCK_GetWdtOscFreq
                0x000010c4       0x14 CMakeFiles/new_project.elf.dir/Users/rok/Documents/curso-lse/workspace_lpc845/sdks/lpc845breakout_blank_sdk/devices/LPC845/drivers/fsl_clock.c.obj
 .text.CLOCK_GetExtClkFreq
                0x000010d8       0x14 CMakeFiles/new_project.elf.dir/Users/rok/Documents/curso-lse/workspace_lpc845/sdks/lpc845breakout_blank_sdk/devices/LPC845/drivers/fsl_clock.c.obj
 .text.CLOCK_GetFRGInputClkFreq
                0x000010ec       0x3e CMakeFiles/new_project.elf.dir/Users/rok/Documents/curso-lse/workspace_lpc845/sdks/lpc845breakout_blank_sdk/devices/LPC845/drivers/fsl_clock.c.obj
 *fill*         0x0000112a        0x2 
 .text.CLOCK_UpdateClkSrc
                0x0000112c       0x58 CMakeFiles/new_project.elf.dir/Users/rok/Documents/curso-lse/workspace_lpc845/sdks/lpc845breakout_blank_sdk/devices/LPC845/drivers/fsl_clock.c.obj
 .text.CLOCK_GetFRG0ClkFreq
                0x00001184       0x64 CMakeFiles/new_project.elf.dir/Users/rok/Documents/curso-lse/workspace_lpc845/sdks/lpc845breakout_blank_sdk/devices/LPC845/drivers/fsl_clock.c.obj
                0x00001184                CLOCK_GetFRG0ClkFreq
 .text.CLOCK_GetFRG1ClkFreq
                0x000011e8       0x64 CMakeFiles/new_project.elf.dir/Users/rok/Documents/curso-lse/workspace_lpc845/sdks/lpc845breakout_blank_sdk/devices/LPC845/drivers/fsl_clock.c.obj
                0x000011e8                CLOCK_GetFRG1ClkFreq
 .text.CLOCK_GetMainClkFreq
                0x0000124c       0x78 CMakeFiles/new_project.elf.dir/Users/rok/Documents/curso-lse/workspace_lpc845/sdks/lpc845breakout_blank_sdk/devices/LPC845/drivers/fsl_clock.c.obj
                0x0000124c                CLOCK_GetMainClkFreq
 .text.CLOCK_GetFroFreq
                0x000012c4       0x78 CMakeFiles/new_project.elf.dir/Users/rok/Documents/curso-lse/workspace_lpc845/sdks/lpc845breakout_blank_sdk/devices/LPC845/drivers/fsl_clock.c.obj
                0x000012c4                CLOCK_GetFroFreq
 .text.CLOCK_GetFreq
                0x0000133c       0x90 CMakeFiles/new_project.elf.dir/Users/rok/Documents/curso-lse/workspace_lpc845/sdks/lpc845breakout_blank_sdk/devices/LPC845/drivers/fsl_clock.c.obj
                0x0000133c                CLOCK_GetFreq
 .text.CLOCK_GetSystemPLLInClockRate
                0x000013cc       0x64 CMakeFiles/new_project.elf.dir/Users/rok/Documents/curso-lse/workspace_lpc845/sdks/lpc845breakout_blank_sdk/devices/LPC845/drivers/fsl_clock.c.obj
                0x000013cc                CLOCK_GetSystemPLLInClockRate
 .text.CLOCK_SetMainClkSrc
                0x00001430       0x9c CMakeFiles/new_project.elf.dir/Users/rok/Documents/curso-lse/workspace_lpc845/sdks/lpc845breakout_blank_sdk/devices/LPC845/drivers/fsl_clock.c.obj
                0x00001430                CLOCK_SetMainClkSrc
 .text.CLOCK_SetFroOutClkSrc
                0x000014cc       0x48 CMakeFiles/new_project.elf.dir/Users/rok/Documents/curso-lse/workspace_lpc845/sdks/lpc845breakout_blank_sdk/devices/LPC845/drivers/fsl_clock.c.obj
                0x000014cc                CLOCK_SetFroOutClkSrc
 .text.DelayLoop
                0x00001514       0x1a CMakeFiles/new_project.elf.dir/Users/rok/Documents/curso-lse/workspace_lpc845/sdks/lpc845breakout_blank_sdk/devices/LPC845/drivers/fsl_common_arm.c.obj
 *fill*         0x0000152e        0x2 
 .text.SDK_DelayAtLeastUs
                0x00001530       0x84 CMakeFiles/new_project.elf.dir/Users/rok/Documents/curso-lse/workspace_lpc845/sdks/lpc845breakout_blank_sdk/devices/LPC845/drivers/fsl_common_arm.c.obj
                0x00001530                SDK_DelayAtLeastUs
 .text.CLOCK_EnableClock
                0x000015b4       0x54 CMakeFiles/new_project.elf.dir/Users/rok/Documents/curso-lse/workspace_lpc845/sdks/lpc845breakout_blank_sdk/devices/LPC845/drivers/fsl_adc.c.obj
 .text.RESET_ReleasePeripheralReset
                0x00001608       0x18 CMakeFiles/new_project.elf.dir/Users/rok/Documents/curso-lse/workspace_lpc845/sdks/lpc845breakout_blank_sdk/devices/LPC845/drivers/fsl_adc.c.obj
 .text.ADC_GetInstance
                0x00001620       0x54 CMakeFiles/new_project.elf.dir/Users/rok/Documents/curso-lse/workspace_lpc845/sdks/lpc845breakout_blank_sdk/devices/LPC845/drivers/fsl_adc.c.obj
 .text.ADC_Init
                0x00001674       0xb4 CMakeFiles/new_project.elf.dir/Users/rok/Documents/curso-lse/workspace_lpc845/sdks/lpc845breakout_blank_sdk/devices/LPC845/drivers/fsl_adc.c.obj
                0x00001674                ADC_Init
 .text.ADC_GetDefaultConfig
                0x00001728       0x34 CMakeFiles/new_project.elf.dir/Users/rok/Documents/curso-lse/workspace_lpc845/sdks/lpc845breakout_blank_sdk/devices/LPC845/drivers/fsl_adc.c.obj
                0x00001728                ADC_GetDefaultConfig
 .text.ADC_DoSelfCalibration
                0x0000175c       0xc0 CMakeFiles/new_project.elf.dir/Users/rok/Documents/curso-lse/workspace_lpc845/sdks/lpc845breakout_blank_sdk/devices/LPC845/drivers/fsl_adc.c.obj
                0x0000175c                ADC_DoSelfCalibration
 .text.ADC_SetConvSeqAConfig
                0x0000181c       0xa0 CMakeFiles/new_project.elf.dir/Users/rok/Documents/curso-lse/workspace_lpc845/sdks/lpc845breakout_blank_sdk/devices/LPC845/drivers/fsl_adc.c.obj
                0x0000181c                ADC_SetConvSeqAConfig
 .text.ADC_GetChannelConversionResult
                0x000018bc       0xbc CMakeFiles/new_project.elf.dir/Users/rok/Documents/curso-lse/workspace_lpc845/sdks/lpc845breakout_blank_sdk/devices/LPC845/drivers/fsl_adc.c.obj
                0x000018bc                ADC_GetChannelConversionResult
 .text.CLOCK_EnableClock
                0x00001978       0x54 CMakeFiles/new_project.elf.dir/Users/rok/Documents/curso-lse/workspace_lpc845/sdks/lpc845breakout_blank_sdk/devices/LPC845/drivers/fsl_gpio.c.obj
 .text.GPIO_EnablePortClock
                0x000019cc       0x44 CMakeFiles/new_project.elf.dir/Users/rok/Documents/curso-lse/workspace_lpc845/sdks/lpc845breakout_blank_sdk/devices/LPC845/drivers/fsl_gpio.c.obj
 .text.GPIO_PortInit
                0x00001a10       0x30 CMakeFiles/new_project.elf.dir/Users/rok/Documents/curso-lse/workspace_lpc845/sdks/lpc845breakout_blank_sdk/devices/LPC845/drivers/fsl_gpio.c.obj
                0x00001a10                GPIO_PortInit
 .text.GPIO_PinInit
                0x00001a40       0xc0 CMakeFiles/new_project.elf.dir/Users/rok/Documents/curso-lse/workspace_lpc845/sdks/lpc845breakout_blank_sdk/devices/LPC845/drivers/fsl_gpio.c.obj
                0x00001a40                GPIO_PinInit
 .text.CLOCK_EnableClock
                0x00001b00       0x54 CMakeFiles/new_project.elf.dir/Users/rok/Documents/curso-lse/workspace_lpc845/sdks/lpc845breakout_blank_sdk/devices/LPC845/drivers/fsl_usart.c.obj
 .text.USART_EnableContinuousSCLK
                0x00001b54       0x40 CMakeFiles/new_project.elf.dir/Users/rok/Documents/curso-lse/workspace_lpc845/sdks/lpc845breakout_blank_sdk/devices/LPC845/drivers/fsl_usart.c.obj
 .text.USART_EnableTx
                0x00001b94       0x46 CMakeFiles/new_project.elf.dir/Users/rok/Documents/curso-lse/workspace_lpc845/sdks/lpc845breakout_blank_sdk/devices/LPC845/drivers/fsl_usart.c.obj
 .text.USART_EnableRx
                0x00001bda       0x44 CMakeFiles/new_project.elf.dir/Users/rok/Documents/curso-lse/workspace_lpc845/sdks/lpc845breakout_blank_sdk/devices/LPC845/drivers/fsl_usart.c.obj
 *fill*         0x00001c1e        0x2 
 .text.USART_GetInstance
                0x00001c20       0x58 CMakeFiles/new_project.elf.dir/Users/rok/Documents/curso-lse/workspace_lpc845/sdks/lpc845breakout_blank_sdk/devices/LPC845/drivers/fsl_usart.c.obj
                0x00001c20                USART_GetInstance
 .text.USART_Init
                0x00001c78      0x138 CMakeFiles/new_project.elf.dir/Users/rok/Documents/curso-lse/workspace_lpc845/sdks/lpc845breakout_blank_sdk/devices/LPC845/drivers/fsl_usart.c.obj
                0x00001c78                USART_Init
 .text.USART_GetDefaultConfig
                0x00001db0       0x80 CMakeFiles/new_project.elf.dir/Users/rok/Documents/curso-lse/workspace_lpc845/sdks/lpc845breakout_blank_sdk/devices/LPC845/drivers/fsl_usart.c.obj
                0x00001db0                USART_GetDefaultConfig
 .text.USART_SetBaudRate
                0x00001e30      0x15c CMakeFiles/new_project.elf.dir/Users/rok/Documents/curso-lse/workspace_lpc845/sdks/lpc845breakout_blank_sdk/devices/LPC845/drivers/fsl_usart.c.obj
                0x00001e30                USART_SetBaudRate
 .text.USART_WriteBlocking
                0x00001f8c       0x70 CMakeFiles/new_project.elf.dir/Users/rok/Documents/curso-lse/workspace_lpc845/sdks/lpc845breakout_blank_sdk/devices/LPC845/drivers/fsl_usart.c.obj
                0x00001f8c                USART_WriteBlocking
 .text.USART_ReadBlocking
                0x00001ffc       0xd0 CMakeFiles/new_project.elf.dir/Users/rok/Documents/curso-lse/workspace_lpc845/sdks/lpc845breakout_blank_sdk/devices/LPC845/drivers/fsl_usart.c.obj
                0x00001ffc                USART_ReadBlocking
 .text.USART0_DriverIRQHandler
                0x000020cc       0x24 CMakeFiles/new_project.elf.dir/Users/rok/Documents/curso-lse/workspace_lpc845/sdks/lpc845breakout_blank_sdk/devices/LPC845/drivers/fsl_usart.c.obj
                0x000020cc                USART0_DriverIRQHandler
 .text.USART1_DriverIRQHandler
                0x000020f0       0x24 CMakeFiles/new_project.elf.dir/Users/rok/Documents/curso-lse/workspace_lpc845/sdks/lpc845breakout_blank_sdk/devices/LPC845/drivers/fsl_usart.c.obj
                0x000020f0                USART1_DriverIRQHandler
 .text.USART2_DriverIRQHandler
                0x00002114       0x24 CMakeFiles/new_project.elf.dir/Users/rok/Documents/curso-lse/workspace_lpc845/sdks/lpc845breakout_blank_sdk/devices/LPC845/drivers/fsl_usart.c.obj
                0x00002114                USART2_DriverIRQHandler
 .text.PIN_INT6_USART3_DriverIRQHandler
                0x00002138       0x24 CMakeFiles/new_project.elf.dir/Users/rok/Documents/curso-lse/workspace_lpc845/sdks/lpc845breakout_blank_sdk/devices/LPC845/drivers/fsl_usart.c.obj
                0x00002138                PIN_INT6_USART3_DriverIRQHandler
 .text.PIN_INT7_USART4_DriverIRQHandler
                0x0000215c       0x24 CMakeFiles/new_project.elf.dir/Users/rok/Documents/curso-lse/workspace_lpc845/sdks/lpc845breakout_blank_sdk/devices/LPC845/drivers/fsl_usart.c.obj
                0x0000215c                PIN_INT7_USART4_DriverIRQHandler
 .text.RESET_SetPeripheralReset
                0x00002180       0x7c CMakeFiles/new_project.elf.dir/Users/rok/Documents/curso-lse/workspace_lpc845/sdks/lpc845breakout_blank_sdk/devices/LPC845/drivers/fsl_reset.c.obj
                0x00002180                RESET_SetPeripheralReset
 .text.RESET_ClearPeripheralReset
                0x000021fc       0x78 CMakeFiles/new_project.elf.dir/Users/rok/Documents/curso-lse/workspace_lpc845/sdks/lpc845breakout_blank_sdk/devices/LPC845/drivers/fsl_reset.c.obj
                0x000021fc                RESET_ClearPeripheralReset
 .text.RESET_PeripheralReset
                0x00002274       0x20 CMakeFiles/new_project.elf.dir/Users/rok/Documents/curso-lse/workspace_lpc845/sdks/lpc845breakout_blank_sdk/devices/LPC845/drivers/fsl_reset.c.obj
                0x00002274                RESET_PeripheralReset
 .text.SWM_SetFixedPinSelect
                0x00002294       0xac CMakeFiles/new_project.elf.dir/Users/rok/Documents/curso-lse/workspace_lpc845/sdks/lpc845breakout_blank_sdk/devices/LPC845/drivers/fsl_swm.c.obj
                0x00002294                SWM_SetFixedPinSelect
 .text.fsl_assert_hook
                0x00002340       0x16 CMakeFiles/new_project.elf.dir/Users/rok/Documents/curso-lse/workspace_lpc845/sdks/lpc845breakout_blank_sdk/devices/LPC845/utilities/debug_console_lite/fsl_assert.c.obj
                0x00002340                fsl_assert_hook
 *fill*         0x00002356        0x2 
 .text.__assert_func
                0x00002358       0x34 CMakeFiles/new_project.elf.dir/Users/rok/Documents/curso-lse/workspace_lpc845/sdks/lpc845breakout_blank_sdk/devices/LPC845/utilities/debug_console_lite/fsl_assert.c.obj
                0x00002358                __assert_func
 .text.DbgConsole_Init
                0x0000238c       0xa8 CMakeFiles/new_project.elf.dir/Users/rok/Documents/curso-lse/workspace_lpc845/sdks/lpc845breakout_blank_sdk/devices/LPC845/utilities/debug_console_lite/fsl_debug_console.c.obj
                0x0000238c                DbgConsole_Init
 .text.DbgConsole_Printf
                0x00002434       0x32 CMakeFiles/new_project.elf.dir/Users/rok/Documents/curso-lse/workspace_lpc845/sdks/lpc845breakout_blank_sdk/devices/LPC845/utilities/debug_console_lite/fsl_debug_console.c.obj
                0x00002434                DbgConsole_Printf
 *fill*         0x00002466        0x2 
 .text.DbgConsole_Vprintf
                0x00002468       0x40 CMakeFiles/new_project.elf.dir/Users/rok/Documents/curso-lse/workspace_lpc845/sdks/lpc845breakout_blank_sdk/devices/LPC845/utilities/debug_console_lite/fsl_debug_console.c.obj
                0x00002468                DbgConsole_Vprintf
 .text.DbgConsole_Putchar
                0x000024a8       0x30 CMakeFiles/new_project.elf.dir/Users/rok/Documents/curso-lse/workspace_lpc845/sdks/lpc845breakout_blank_sdk/devices/LPC845/utilities/debug_console_lite/fsl_debug_console.c.obj
                0x000024a8                DbgConsole_Putchar
 .text.DbgConsole_PrintfPaddingCharacter
                0x000024d8       0x48 CMakeFiles/new_project.elf.dir/Users/rok/Documents/curso-lse/workspace_lpc845/sdks/lpc845breakout_blank_sdk/devices/LPC845/utilities/debug_console_lite/fsl_debug_console.c.obj
 .text.DbgConsole_ConvertRadixNumToString
                0x00002520       0xc2 CMakeFiles/new_project.elf.dir/Users/rok/Documents/curso-lse/workspace_lpc845/sdks/lpc845breakout_blank_sdk/devices/LPC845/utilities/debug_console_lite/fsl_debug_console.c.obj
 .text.DbgConsole_PrintfFormattedData
                0x000025e2      0x3da CMakeFiles/new_project.elf.dir/Users/rok/Documents/curso-lse/workspace_lpc845/sdks/lpc845breakout_blank_sdk/devices/LPC845/utilities/debug_console_lite/fsl_debug_console.c.obj
 .text.__muldi3
                0x000029bc       0x5c /Users/rok/.mcuxpressotools/arm-gnu-toolchain-13.2.Rel1-darwin-arm64-arm-none-eabi/bin/../lib/gcc/arm-none-eabi/13.2.1/thumb/v6-m/nofp/libgcc.a(_muldi3.o)
                0x000029bc                __aeabi_lmul
                0x000029bc                __muldi3
 .text.__udivmoddi4
                0x00002a18      0x198 /Users/rok/.mcuxpressotools/arm-gnu-toolchain-13.2.Rel1-darwin-arm64-arm-none-eabi/bin/../lib/gcc/arm-none-eabi/13.2.1/thumb/v6-m/nofp/libgcc.a(_udivmoddi4.o)
                0x00002a18                __udivmoddi4
 .text.exit     0x00002bb0       0x28 /Users/rok/.mcuxpressotools/arm-gnu-toolchain-13.2.Rel1-darwin-arm64-arm-none-eabi/bin/../lib/gcc/arm-none-eabi/13.2.1/../../../../arm-none-eabi/lib/thumb/v6-m/nofp/libc_nano.a(libc_a-exit.o)
                0x00002bb0                exit
 .text.memset   0x00002bd8       0x10 /Users/rok/.mcuxpressotools/arm-gnu-toolchain-13.2.Rel1-darwin-arm64-arm-none-eabi/bin/../lib/gcc/arm-none-eabi/13.2.1/../../../../arm-none-eabi/lib/thumb/v6-m/nofp/libc_nano.a(libc_a-memset.o)
                0x00002bd8                memset
 .text.__libc_init_array
                0x00002be8       0x48 /Users/rok/.mcuxpressotools/arm-gnu-toolchain-13.2.Rel1-darwin-arm64-arm-none-eabi/bin/../lib/gcc/arm-none-eabi/13.2.1/../../../../arm-none-eabi/lib/thumb/v6-m/nofp/libc_nano.a(libc_a-init.o)
                0x00002be8                __libc_init_array
 .text.memcpy   0x00002c30       0x12 /Users/rok/.mcuxpressotools/arm-gnu-toolchain-13.2.Rel1-darwin-arm64-arm-none-eabi/bin/../lib/gcc/arm-none-eabi/13.2.1/../../../../arm-none-eabi/lib/thumb/v6-m/nofp/libc_nano.a(libc_a-memcpy-stub.o)
                0x00002c30                memcpy
 .text._exit    0x00002c42        0x2 /Users/rok/.mcuxpressotools/arm-gnu-toolchain-13.2.Rel1-darwin-arm64-arm-none-eabi/bin/../lib/gcc/arm-none-eabi/13.2.1/../../../../arm-none-eabi/lib/thumb/v6-m/nofp/libcr_newlib_nohost.a(_exit.o)
                0x00002c42                _exit
 *(.rodata)
 .rodata        0x00002c44       0x69 CMakeFiles/new_project.elf.dir/Users/rok/Documents/curso-lse/workspace_lpc845/lpc845breakout_blank/board.c.obj
 *fill*         0x00002cad        0x3 
 .rodata        0x00002cb0       0x7f CMakeFiles/new_project.elf.dir/Users/rok/Documents/curso-lse/workspace_lpc845/lpc845breakout_blank/clock_config.c.obj
 *fill*         0x00002d2f        0x1 
 .rodata        0x00002d30      0x113 CMakeFiles/new_project.elf.dir/Users/rok/Documents/curso-lse/workspace_lpc845/sdks/lpc845breakout_blank_sdk/components/uart/fsl_adapter_miniusart.c.obj
 *fill*         0x00002e43        0x1 
 .rodata        0x00002e44       0xd4 CMakeFiles/new_project.elf.dir/Users/rok/Documents/curso-lse/workspace_lpc845/sdks/lpc845breakout_blank_sdk/devices/LPC845/drivers/fsl_clock.c.obj
 .rodata        0x00002f18       0x8a CMakeFiles/new_project.elf.dir/Users/rok/Documents/curso-lse/workspace_lpc845/sdks/lpc845breakout_blank_sdk/devices/LPC845/drivers/fsl_common_arm.c.obj
 *fill*         0x00002fa2        0x2 
 .rodata        0x00002fa4       0xdc CMakeFiles/new_project.elf.dir/Users/rok/Documents/curso-lse/workspace_lpc845/sdks/lpc845breakout_blank_sdk/devices/LPC845/drivers/fsl_adc.c.obj
 .rodata        0x00003080       0x94 CMakeFiles/new_project.elf.dir/Users/rok/Documents/curso-lse/workspace_lpc845/sdks/lpc845breakout_blank_sdk/devices/LPC845/drivers/fsl_gpio.c.obj
 .rodata        0x00003114      0x2b3 CMakeFiles/new_project.elf.dir/Users/rok/Documents/curso-lse/workspace_lpc845/sdks/lpc845breakout_blank_sdk/devices/LPC845/drivers/fsl_usart.c.obj
 *fill*         0x000033c7        0x1 
 .rodata        0x000033c8       0x81 CMakeFiles/new_project.elf.dir/Users/rok/Documents/curso-lse/workspace_lpc845/sdks/lpc845breakout_blank_sdk/devices/LPC845/drivers/fsl_reset.c.obj
 *fill*         0x00003449        0x3 
 .rodata        0x0000344c       0x9e CMakeFiles/new_project.elf.dir/Users/rok/Documents/curso-lse/workspace_lpc845/sdks/lpc845breakout_blank_sdk/devices/LPC845/drivers/fsl_swm.c.obj
 *fill*         0x000034ea        0x2 
 .rodata        0x000034ec       0x3e CMakeFiles/new_project.elf.dir/Users/rok/Documents/curso-lse/workspace_lpc845/sdks/lpc845breakout_blank_sdk/devices/LPC845/utilities/debug_console_lite/fsl_assert.c.obj
 *(.rodata*)
 *fill*         0x0000352a        0x2 
 .rodata.__func__.0
                0x0000352c       0x17 CMakeFiles/new_project.elf.dir/Users/rok/Documents/curso-lse/workspace_lpc845/lpc845breakout_blank/board.c.obj
 *fill*         0x00003543        0x1 
 .rodata.__func__.0
                0x00003544       0x17 CMakeFiles/new_project.elf.dir/Users/rok/Documents/curso-lse/workspace_lpc845/lpc845breakout_blank/clock_config.c.obj
 *fill*         0x0000355b        0x1 
 .rodata.s_UsartAdapterBase
                0x0000355c       0x14 CMakeFiles/new_project.elf.dir/Users/rok/Documents/curso-lse/workspace_lpc845/sdks/lpc845breakout_blank_sdk/components/uart/fsl_adapter_miniusart.c.obj
 .rodata.__func__.5
                0x00003570        0xd CMakeFiles/new_project.elf.dir/Users/rok/Documents/curso-lse/workspace_lpc845/sdks/lpc845breakout_blank_sdk/components/uart/fsl_adapter_miniusart.c.obj
 *fill*         0x0000357d        0x3 
 .rodata.__func__.3
                0x00003580       0x18 CMakeFiles/new_project.elf.dir/Users/rok/Documents/curso-lse/workspace_lpc845/sdks/lpc845breakout_blank_sdk/components/uart/fsl_adapter_miniusart.c.obj
 .rodata.__func__.2
                0x00003598       0x15 CMakeFiles/new_project.elf.dir/Users/rok/Documents/curso-lse/workspace_lpc845/sdks/lpc845breakout_blank_sdk/components/uart/fsl_adapter_miniusart.c.obj
 *fill*         0x000035ad        0x3 
 .rodata.CLOCK_GetFreq
                0x000035b0       0x24 CMakeFiles/new_project.elf.dir/Users/rok/Documents/curso-lse/workspace_lpc845/sdks/lpc845breakout_blank_sdk/devices/LPC845/drivers/fsl_clock.c.obj
 .rodata.__func__.2
                0x000035d4       0x13 CMakeFiles/new_project.elf.dir/Users/rok/Documents/curso-lse/workspace_lpc845/sdks/lpc845breakout_blank_sdk/devices/LPC845/drivers/fsl_clock.c.obj
 *fill*         0x000035e7        0x1 
 .rodata.__func__.0
                0x000035e8       0x13 CMakeFiles/new_project.elf.dir/Users/rok/Documents/curso-lse/workspace_lpc845/sdks/lpc845breakout_blank_sdk/devices/LPC845/drivers/fsl_common_arm.c.obj
 *fill*         0x000035fb        0x1 
 .rodata.__func__.7
                0x000035fc       0x10 CMakeFiles/new_project.elf.dir/Users/rok/Documents/curso-lse/workspace_lpc845/sdks/lpc845breakout_blank_sdk/devices/LPC845/drivers/fsl_adc.c.obj
 .rodata.__func__.6
                0x0000360c        0x9 CMakeFiles/new_project.elf.dir/Users/rok/Documents/curso-lse/workspace_lpc845/sdks/lpc845breakout_blank_sdk/devices/LPC845/drivers/fsl_adc.c.obj
 *fill*         0x00003615        0x3 
 .rodata.__func__.5
                0x00003618       0x16 CMakeFiles/new_project.elf.dir/Users/rok/Documents/curso-lse/workspace_lpc845/sdks/lpc845breakout_blank_sdk/devices/LPC845/drivers/fsl_adc.c.obj
 *fill*         0x0000362e        0x2 
 .rodata.__func__.4
                0x00003630       0x16 CMakeFiles/new_project.elf.dir/Users/rok/Documents/curso-lse/workspace_lpc845/sdks/lpc845breakout_blank_sdk/devices/LPC845/drivers/fsl_adc.c.obj
 *fill*         0x00003646        0x2 
 .rodata.__func__.0
                0x00003648       0x1f CMakeFiles/new_project.elf.dir/Users/rok/Documents/curso-lse/workspace_lpc845/sdks/lpc845breakout_blank_sdk/devices/LPC845/drivers/fsl_adc.c.obj
 *fill*         0x00003667        0x1 
 .rodata.s_gpioClockName
                0x00003668        0x4 CMakeFiles/new_project.elf.dir/Users/rok/Documents/curso-lse/workspace_lpc845/sdks/lpc845breakout_blank_sdk/devices/LPC845/drivers/fsl_gpio.c.obj
 .rodata.s_gpioResets
                0x0000366c        0x8 CMakeFiles/new_project.elf.dir/Users/rok/Documents/curso-lse/workspace_lpc845/sdks/lpc845breakout_blank_sdk/devices/LPC845/drivers/fsl_gpio.c.obj
 .rodata.__func__.0
                0x00003674       0x15 CMakeFiles/new_project.elf.dir/Users/rok/Documents/curso-lse/workspace_lpc845/sdks/lpc845breakout_blank_sdk/devices/LPC845/drivers/fsl_gpio.c.obj
 *fill*         0x00003689        0x3 
 .rodata.s_usartBaseAddrs
                0x0000368c       0x14 CMakeFiles/new_project.elf.dir/Users/rok/Documents/curso-lse/workspace_lpc845/sdks/lpc845breakout_blank_sdk/devices/LPC845/drivers/fsl_usart.c.obj
 .rodata.s_usartClock
                0x000036a0        0xa CMakeFiles/new_project.elf.dir/Users/rok/Documents/curso-lse/workspace_lpc845/sdks/lpc845breakout_blank_sdk/devices/LPC845/drivers/fsl_usart.c.obj
 *fill*         0x000036aa        0x2 
 .rodata.s_usartRest
                0x000036ac       0x14 CMakeFiles/new_project.elf.dir/Users/rok/Documents/curso-lse/workspace_lpc845/sdks/lpc845breakout_blank_sdk/devices/LPC845/drivers/fsl_usart.c.obj
 .rodata.__func__.18
                0x000036c0       0x12 CMakeFiles/new_project.elf.dir/Users/rok/Documents/curso-lse/workspace_lpc845/sdks/lpc845breakout_blank_sdk/devices/LPC845/drivers/fsl_usart.c.obj
 *fill*         0x000036d2        0x2 
 .rodata.__func__.13
                0x000036d4        0xb CMakeFiles/new_project.elf.dir/Users/rok/Documents/curso-lse/workspace_lpc845/sdks/lpc845breakout_blank_sdk/devices/LPC845/drivers/fsl_usart.c.obj
 *fill*         0x000036df        0x1 
 .rodata.__func__.11
                0x000036e0       0x17 CMakeFiles/new_project.elf.dir/Users/rok/Documents/curso-lse/workspace_lpc845/sdks/lpc845breakout_blank_sdk/devices/LPC845/drivers/fsl_usart.c.obj
 *fill*         0x000036f7        0x1 
 .rodata.__func__.10
                0x000036f8       0x12 CMakeFiles/new_project.elf.dir/Users/rok/Documents/curso-lse/workspace_lpc845/sdks/lpc845breakout_blank_sdk/devices/LPC845/drivers/fsl_usart.c.obj
 *fill*         0x0000370a        0x2 
 .rodata.__func__.9
                0x0000370c       0x14 CMakeFiles/new_project.elf.dir/Users/rok/Documents/curso-lse/workspace_lpc845/sdks/lpc845breakout_blank_sdk/devices/LPC845/drivers/fsl_usart.c.obj
 .rodata.__func__.8
                0x00003720       0x13 CMakeFiles/new_project.elf.dir/Users/rok/Documents/curso-lse/workspace_lpc845/sdks/lpc845breakout_blank_sdk/devices/LPC845/drivers/fsl_usart.c.obj
 *fill*         0x00003733        0x1 
 .rodata.__func__.1
                0x00003734       0x19 CMakeFiles/new_project.elf.dir/Users/rok/Documents/curso-lse/workspace_lpc845/sdks/lpc845breakout_blank_sdk/devices/LPC845/drivers/fsl_reset.c.obj
 *fill*         0x0000374d        0x3 
 .rodata.__func__.0
                0x00003750       0x1b CMakeFiles/new_project.elf.dir/Users/rok/Documents/curso-lse/workspace_lpc845/sdks/lpc845breakout_blank_sdk/devices/LPC845/drivers/fsl_reset.c.obj
 *fill*         0x0000376b        0x1 
 .rodata.__func__.0
                0x0000376c       0x16 CMakeFiles/new_project.elf.dir/Users/rok/Documents/curso-lse/workspace_lpc845/sdks/lpc845breakout_blank_sdk/devices/LPC845/drivers/fsl_swm.c.obj
 *(.glue_7)
 .glue_7        0x00003782        0x0 linker stubs
 *(.glue_7t)
 .glue_7t       0x00003782        0x0 linker stubs
 *(.eh_frame)
 *fill*         0x00003782        0x2 
 .eh_frame      0x00003784        0x0 /Users/rok/.mcuxpressotools/arm-gnu-toolchain-13.2.Rel1-darwin-arm64-arm-none-eabi/bin/../lib/gcc/arm-none-eabi/13.2.1/thumb/v6-m/nofp/crtbegin.o
 *(.init)
 .init          0x00003784        0x4 /Users/rok/.mcuxpressotools/arm-gnu-toolchain-13.2.Rel1-darwin-arm64-arm-none-eabi/bin/../lib/gcc/arm-none-eabi/13.2.1/thumb/v6-m/nofp/crti.o
                0x00003784                _init
 .init          0x00003788        0x8 /Users/rok/.mcuxpressotools/arm-gnu-toolchain-13.2.Rel1-darwin-arm64-arm-none-eabi/bin/../lib/gcc/arm-none-eabi/13.2.1/thumb/v6-m/nofp/crtn.o
 *(.fini)
 .fini          0x00003790        0x4 /Users/rok/.mcuxpressotools/arm-gnu-toolchain-13.2.Rel1-darwin-arm64-arm-none-eabi/bin/../lib/gcc/arm-none-eabi/13.2.1/thumb/v6-m/nofp/crti.o
                0x00003790                _fini
 .fini          0x00003794        0x8 /Users/rok/.mcuxpressotools/arm-gnu-toolchain-13.2.Rel1-darwin-arm64-arm-none-eabi/bin/../lib/gcc/arm-none-eabi/13.2.1/thumb/v6-m/nofp/crtn.o
                0x0000379c                        . = ALIGN (0x4)

.vfp11_veneer   0x0000379c        0x0
 .vfp11_veneer  0x0000379c        0x0 linker stubs

.v4_bx          0x0000379c        0x0
 .v4_bx         0x0000379c        0x0 linker stubs

.iplt           0x0000379c        0x0
 .iplt          0x0000379c        0x0 /Users/rok/.mcuxpressotools/arm-gnu-toolchain-13.2.Rel1-darwin-arm64-arm-none-eabi/bin/../lib/gcc/arm-none-eabi/13.2.1/thumb/v6-m/nofp/crtbegin.o

.ARM.extab
 *(.ARM.extab* .gnu.linkonce.armextab.*)

.ARM            0x0000379c        0x8
                0x0000379c                        __exidx_start = .
 *(.ARM.exidx*)
 .ARM.exidx     0x0000379c        0x8 /Users/rok/.mcuxpressotools/arm-gnu-toolchain-13.2.Rel1-darwin-arm64-arm-none-eabi/bin/../lib/gcc/arm-none-eabi/13.2.1/../../../../arm-none-eabi/lib/thumb/v6-m/nofp/crt0.o
                                 0x10 (size before relaxing)
 .ARM.exidx.text.__udivmoddi4
                0x000037a4        0x0 /Users/rok/.mcuxpressotools/arm-gnu-toolchain-13.2.Rel1-darwin-arm64-arm-none-eabi/bin/../lib/gcc/arm-none-eabi/13.2.1/thumb/v6-m/nofp/libgcc.a(_udivmoddi4.o)
                                  0x8 (size before relaxing)
                0x000037a4                        __exidx_end = .

.rel.dyn        0x000037a4        0x0
 .rel.iplt      0x000037a4        0x0 /Users/rok/.mcuxpressotools/arm-gnu-toolchain-13.2.Rel1-darwin-arm64-arm-none-eabi/bin/../lib/gcc/arm-none-eabi/13.2.1/thumb/v6-m/nofp/crtbegin.o

.ctors          0x000037a4        0x0
                0x000037a4                        __CTOR_LIST__ = .
 *crtbegin.o(.ctors)
 *crtbegin?.o(.ctors)
 *(EXCLUDE_FILE(*crtend.o *crtend?.o) .ctors)
 *(SORT_BY_NAME(.ctors.*))
 *(.ctors)
                0x000037a4                        __CTOR_END__ = .

.dtors          0x000037a4        0x0
                0x000037a4                        __DTOR_LIST__ = .
 *crtbegin.o(.dtors)
 *crtbegin?.o(.dtors)
 *(EXCLUDE_FILE(*crtend.o *crtend?.o) .dtors)
 *(SORT_BY_NAME(.dtors.*))
 *(.dtors)
                0x000037a4                        __DTOR_END__ = .

.preinit_array  0x000037a4        0x0
                0x000037a4                        PROVIDE (__preinit_array_start = .)
 *(.preinit_array*)
                0x000037a4                        PROVIDE (__preinit_array_end = .)

.init_array     0x000037a4        0x4
                0x000037a4                        PROVIDE (__init_array_start = .)
 *(SORT_BY_NAME(.init_array.*))
 *(.init_array*)
 .init_array    0x000037a4        0x4 /Users/rok/.mcuxpressotools/arm-gnu-toolchain-13.2.Rel1-darwin-arm64-arm-none-eabi/bin/../lib/gcc/arm-none-eabi/13.2.1/thumb/v6-m/nofp/crtbegin.o
                0x000037a8                        PROVIDE (__init_array_end = .)

.fini_array     0x000037a8        0x4
                [!provide]                        PROVIDE (__fini_array_start = .)
 *(SORT_BY_NAME(.fini_array.*))
 *(.fini_array*)
 .fini_array    0x000037a8        0x4 /Users/rok/.mcuxpressotools/arm-gnu-toolchain-13.2.Rel1-darwin-arm64-arm-none-eabi/bin/../lib/gcc/arm-none-eabi/13.2.1/thumb/v6-m/nofp/crtbegin.o
                [!provide]                        PROVIDE (__fini_array_end = .)
                0x000037ac                        __etext = .
                0x000037ac                        __DATA_ROM = .

.data           0x10000000        0x4 load address 0x000037ac
                0x10000000                        . = ALIGN (0x4)
                0x10000000                        __DATA_RAM = .
                0x10000000                        __data_start__ = .
 *(.ramfunc*)
 *(.data)
 *(.data*)
 .data.SystemCoreClock
                0x10000000        0x4 CMakeFiles/new_project.elf.dir/Users/rok/Documents/curso-lse/workspace_lpc845/sdks/lpc845breakout_blank_sdk/devices/LPC845/system_LPC845.c.obj
                0x10000000                SystemCoreClock
 *(.jcr*)
                0x10000004                        . = ALIGN (0x4)
                0x10000004                        __data_end__ = .
                0x000037b0                        __DATA_END = (__DATA_ROM + (__data_end__ - __data_start__))
                0x00010000                        text_end = (ORIGIN (m_text) + LENGTH (m_text))
                0x00000001                        ASSERT ((__DATA_END <= text_end), region m_text overflowed with text and data)

.tm_clone_table
                0x10000004        0x0 load address 0x000037b0
 .tm_clone_table
                0x10000004        0x0 /Users/rok/.mcuxpressotools/arm-gnu-toolchain-13.2.Rel1-darwin-arm64-arm-none-eabi/bin/../lib/gcc/arm-none-eabi/13.2.1/thumb/v6-m/nofp/crtbegin.o
 .tm_clone_table
                0x10000004        0x0 /Users/rok/.mcuxpressotools/arm-gnu-toolchain-13.2.Rel1-darwin-arm64-arm-none-eabi/bin/../lib/gcc/arm-none-eabi/13.2.1/thumb/v6-m/nofp/crtend.o

.igot.plt       0x10000004        0x0 load address 0x000037b0
 .igot.plt      0x10000004        0x0 /Users/rok/.mcuxpressotools/arm-gnu-toolchain-13.2.Rel1-darwin-arm64-arm-none-eabi/bin/../lib/gcc/arm-none-eabi/13.2.1/thumb/v6-m/nofp/crtbegin.o

.bss            0x10000004       0x5c load address 0x000037b0
                0x10000004                        . = ALIGN (0x4)
                0x10000004                        __START_BSS = .
                0x10000004                        __bss_start__ = .
 *(.bss)
 *(.bss*)
 .bss.completed.1
                0x10000004        0x1 /Users/rok/.mcuxpressotools/arm-gnu-toolchain-13.2.Rel1-darwin-arm64-arm-none-eabi/bin/../lib/gcc/arm-none-eabi/13.2.1/thumb/v6-m/nofp/crtbegin.o
 *fill*         0x10000005        0x3 
 .bss.object.0  0x10000008       0x18 /Users/rok/.mcuxpressotools/arm-gnu-toolchain-13.2.Rel1-darwin-arm64-arm-none-eabi/bin/../lib/gcc/arm-none-eabi/13.2.1/thumb/v6-m/nofp/crtbegin.o
 .bss.g_tick    0x10000020        0x4 CMakeFiles/new_project.elf.dir/Users/rok/Documents/curso-lse/workspace_lpc845/lpc845breakout_blank/main.c.obj
                0x10000020                g_tick
 .bss.tick.0    0x10000024        0x4 CMakeFiles/new_project.elf.dir/Users/rok/Documents/curso-lse/workspace_lpc845/lpc845breakout_blank/main.c.obj
 .bss.g_Ext_Clk_Freq
                0x10000028        0x4 CMakeFiles/new_project.elf.dir/Users/rok/Documents/curso-lse/workspace_lpc845/sdks/lpc845breakout_blank_sdk/devices/LPC845/drivers/fsl_clock.c.obj
                0x10000028                g_Ext_Clk_Freq
 .bss.g_Wdt_Osc_Freq
                0x1000002c        0x4 CMakeFiles/new_project.elf.dir/Users/rok/Documents/curso-lse/workspace_lpc845/sdks/lpc845breakout_blank_sdk/devices/LPC845/drivers/fsl_clock.c.obj
                0x1000002c                g_Wdt_Osc_Freq
 .bss.s_usartHandle
                0x10000030       0x14 CMakeFiles/new_project.elf.dir/Users/rok/Documents/curso-lse/workspace_lpc845/sdks/lpc845breakout_blank_sdk/devices/LPC845/drivers/fsl_usart.c.obj
 .bss.s_usartIsr
                0x10000044        0x4 CMakeFiles/new_project.elf.dir/Users/rok/Documents/curso-lse/workspace_lpc845/sdks/lpc845breakout_blank_sdk/devices/LPC845/drivers/fsl_usart.c.obj
 .bss.s_debugConsole
                0x10000048       0x14 CMakeFiles/new_project.elf.dir/Users/rok/Documents/curso-lse/workspace_lpc845/sdks/lpc845breakout_blank_sdk/devices/LPC845/utilities/debug_console_lite/fsl_debug_console.c.obj
 .bss.__stdio_exit_handler
                0x1000005c        0x4 /Users/rok/.mcuxpressotools/arm-gnu-toolchain-13.2.Rel1-darwin-arm64-arm-none-eabi/bin/../lib/gcc/arm-none-eabi/13.2.1/../../../../arm-none-eabi/lib/thumb/v6-m/nofp/libc_nano.a(libc_a-findfp.o)
                0x1000005c                __stdio_exit_handler
 *(COMMON)
                0x10000060                        . = ALIGN (0x4)
                0x10000060                        __bss_end__ = .
                0x10000060                        __END_BSS = .

.heap           0x10000060      0x400 load address 0x0000380c
                0x10000060                        . = ALIGN (0x8)
                0x10000060                        __end__ = .
                0x10000060                        PROVIDE (end = .)
                0x10000060                        __HeapBase = .
                0x10000460                        . = (. + HEAP_SIZE)
 *fill*         0x10000060      0x400 
                0x10000460                        __HeapLimit = .
                0x10000460                        __heap_limit = .

.stack          0x10000460      0x800 load address 0x00003c0c
                0x10000460                        . = ALIGN (0x8)
                0x10000c60                        . = (. + STACK_SIZE)
 *fill*         0x10000460      0x800 
                0x10003fe0                        __StackTop = (ORIGIN (m_data) + LENGTH (m_data))
                0x100037e0                        __StackLimit = (__StackTop - STACK_SIZE)
                0x10003fe0                        PROVIDE (__stack = __StackTop)

.ARM.attributes
                0x00000000       0x28
 *(.ARM.attributes)
 .ARM.attributes
                0x00000000       0x1e /Users/rok/.mcuxpressotools/arm-gnu-toolchain-13.2.Rel1-darwin-arm64-arm-none-eabi/bin/../lib/gcc/arm-none-eabi/13.2.1/thumb/v6-m/nofp/crti.o
 .ARM.attributes
                0x0000001e       0x2c /Users/rok/.mcuxpressotools/arm-gnu-toolchain-13.2.Rel1-darwin-arm64-arm-none-eabi/bin/../lib/gcc/arm-none-eabi/13.2.1/thumb/v6-m/nofp/crtbegin.o
 .ARM.attributes
                0x0000004a       0x1b /Users/rok/.mcuxpressotools/arm-gnu-toolchain-13.2.Rel1-darwin-arm64-arm-none-eabi/bin/../lib/gcc/arm-none-eabi/13.2.1/../../../../arm-none-eabi/lib/thumb/v6-m/nofp/crt0.o
 .ARM.attributes
                0x00000065       0x2c CMakeFiles/new_project.elf.dir/Users/rok/Documents/curso-lse/workspace_lpc845/lpc845breakout_blank/main.c.obj
 .ARM.attributes
                0x00000091       0x2c CMakeFiles/new_project.elf.dir/Users/rok/Documents/curso-lse/workspace_lpc845/lpc845breakout_blank/board.c.obj
 .ARM.attributes
                0x000000bd       0x2c CMakeFiles/new_project.elf.dir/Users/rok/Documents/curso-lse/workspace_lpc845/lpc845breakout_blank/clock_config.c.obj
 .ARM.attributes
                0x000000e9       0x2c CMakeFiles/new_project.elf.dir/Users/rok/Documents/curso-lse/workspace_lpc845/sdks/lpc845breakout_blank_sdk/components/uart/fsl_adapter_miniusart.c.obj
 .ARM.attributes
                0x00000115       0x1b CMakeFiles/new_project.elf.dir/Users/rok/Documents/curso-lse/workspace_lpc845/sdks/lpc845breakout_blank_sdk/devices/LPC845/gcc/startup_LPC845.S.obj
 .ARM.attributes
                0x00000130       0x2c CMakeFiles/new_project.elf.dir/Users/rok/Documents/curso-lse/workspace_lpc845/sdks/lpc845breakout_blank_sdk/devices/LPC845/system_LPC845.c.obj
 .ARM.attributes
                0x0000015c       0x2c CMakeFiles/new_project.elf.dir/Users/rok/Documents/curso-lse/workspace_lpc845/sdks/lpc845breakout_blank_sdk/devices/LPC845/drivers/fsl_clock.c.obj
 .ARM.attributes
                0x00000188       0x2c CMakeFiles/new_project.elf.dir/Users/rok/Documents/curso-lse/workspace_lpc845/sdks/lpc845breakout_blank_sdk/devices/LPC845/drivers/fsl_common_arm.c.obj
 .ARM.attributes
                0x000001b4       0x2c CMakeFiles/new_project.elf.dir/Users/rok/Documents/curso-lse/workspace_lpc845/sdks/lpc845breakout_blank_sdk/devices/LPC845/drivers/fsl_adc.c.obj
 .ARM.attributes
                0x000001e0       0x2c CMakeFiles/new_project.elf.dir/Users/rok/Documents/curso-lse/workspace_lpc845/sdks/lpc845breakout_blank_sdk/devices/LPC845/drivers/fsl_gpio.c.obj
 .ARM.attributes
                0x0000020c       0x2c CMakeFiles/new_project.elf.dir/Users/rok/Documents/curso-lse/workspace_lpc845/sdks/lpc845breakout_blank_sdk/devices/LPC845/drivers/fsl_usart.c.obj
 .ARM.attributes
                0x00000238       0x2c CMakeFiles/new_project.elf.dir/Users/rok/Documents/curso-lse/workspace_lpc845/sdks/lpc845breakout_blank_sdk/devices/LPC845/drivers/fsl_reset.c.obj
 .ARM.attributes
                0x00000264       0x2c CMakeFiles/new_project.elf.dir/Users/rok/Documents/curso-lse/workspace_lpc845/sdks/lpc845breakout_blank_sdk/devices/LPC845/drivers/fsl_swm.c.obj
 .ARM.attributes
                0x00000290       0x2c CMakeFiles/new_project.elf.dir/Users/rok/Documents/curso-lse/workspace_lpc845/sdks/lpc845breakout_blank_sdk/devices/LPC845/utilities/debug_console_lite/fsl_assert.c.obj
 .ARM.attributes
                0x000002bc       0x2c CMakeFiles/new_project.elf.dir/Users/rok/Documents/curso-lse/workspace_lpc845/sdks/lpc845breakout_blank_sdk/devices/LPC845/utilities/debug_console_lite/fsl_debug_console.c.obj
 .ARM.attributes
                0x000002e8       0x1e /Users/rok/.mcuxpressotools/arm-gnu-toolchain-13.2.Rel1-darwin-arm64-arm-none-eabi/bin/../lib/gcc/arm-none-eabi/13.2.1/thumb/v6-m/nofp/libgcc.a(_udivsi3.o)
 .ARM.attributes
                0x00000306       0x1e /Users/rok/.mcuxpressotools/arm-gnu-toolchain-13.2.Rel1-darwin-arm64-arm-none-eabi/bin/../lib/gcc/arm-none-eabi/13.2.1/thumb/v6-m/nofp/libgcc.a(_dvmd_tls.o)
 .ARM.attributes
                0x00000324       0x1e /Users/rok/.mcuxpressotools/arm-gnu-toolchain-13.2.Rel1-darwin-arm64-arm-none-eabi/bin/../lib/gcc/arm-none-eabi/13.2.1/thumb/v6-m/nofp/libgcc.a(_aeabi_uldivmod.o)
 .ARM.attributes
                0x00000342       0x2c /Users/rok/.mcuxpressotools/arm-gnu-toolchain-13.2.Rel1-darwin-arm64-arm-none-eabi/bin/../lib/gcc/arm-none-eabi/13.2.1/thumb/v6-m/nofp/libgcc.a(_muldi3.o)
 .ARM.attributes
                0x0000036e       0x2c /Users/rok/.mcuxpressotools/arm-gnu-toolchain-13.2.Rel1-darwin-arm64-arm-none-eabi/bin/../lib/gcc/arm-none-eabi/13.2.1/thumb/v6-m/nofp/libgcc.a(_udivmoddi4.o)
 .ARM.attributes
                0x0000039a       0x1e /Users/rok/.mcuxpressotools/arm-gnu-toolchain-13.2.Rel1-darwin-arm64-arm-none-eabi/bin/../lib/gcc/arm-none-eabi/13.2.1/thumb/v6-m/nofp/libgcc.a(_clzdi2.o)
 .ARM.attributes
                0x000003b8       0x1e /Users/rok/.mcuxpressotools/arm-gnu-toolchain-13.2.Rel1-darwin-arm64-arm-none-eabi/bin/../lib/gcc/arm-none-eabi/13.2.1/thumb/v6-m/nofp/libgcc.a(_clzsi2.o)
 .ARM.attributes
                0x000003d6       0x2c /Users/rok/.mcuxpressotools/arm-gnu-toolchain-13.2.Rel1-darwin-arm64-arm-none-eabi/bin/../lib/gcc/arm-none-eabi/13.2.1/../../../../arm-none-eabi/lib/thumb/v6-m/nofp/libc_nano.a(libc_a-exit.o)
 .ARM.attributes
                0x00000402       0x2c /Users/rok/.mcuxpressotools/arm-gnu-toolchain-13.2.Rel1-darwin-arm64-arm-none-eabi/bin/../lib/gcc/arm-none-eabi/13.2.1/../../../../arm-none-eabi/lib/thumb/v6-m/nofp/libc_nano.a(libc_a-findfp.o)
 .ARM.attributes
                0x0000042e       0x2c /Users/rok/.mcuxpressotools/arm-gnu-toolchain-13.2.Rel1-darwin-arm64-arm-none-eabi/bin/../lib/gcc/arm-none-eabi/13.2.1/../../../../arm-none-eabi/lib/thumb/v6-m/nofp/libc_nano.a(libc_a-memset.o)
 .ARM.attributes
                0x0000045a       0x2c /Users/rok/.mcuxpressotools/arm-gnu-toolchain-13.2.Rel1-darwin-arm64-arm-none-eabi/bin/../lib/gcc/arm-none-eabi/13.2.1/../../../../arm-none-eabi/lib/thumb/v6-m/nofp/libc_nano.a(libc_a-init.o)
 .ARM.attributes
                0x00000486       0x2c /Users/rok/.mcuxpressotools/arm-gnu-toolchain-13.2.Rel1-darwin-arm64-arm-none-eabi/bin/../lib/gcc/arm-none-eabi/13.2.1/../../../../arm-none-eabi/lib/thumb/v6-m/nofp/libc_nano.a(libc_a-memcpy-stub.o)
 .ARM.attributes
                0x000004b2       0x1c /Users/rok/.mcuxpressotools/arm-gnu-toolchain-13.2.Rel1-darwin-arm64-arm-none-eabi/bin/../lib/gcc/arm-none-eabi/13.2.1/../../../../arm-none-eabi/lib/thumb/v6-m/nofp/libc_nano.a(libc_a-strlen.o)
 .ARM.attributes
                0x000004ce       0x2c /Users/rok/.mcuxpressotools/arm-gnu-toolchain-13.2.Rel1-darwin-arm64-arm-none-eabi/bin/../lib/gcc/arm-none-eabi/13.2.1/../../../../arm-none-eabi/lib/thumb/v6-m/nofp/libcr_newlib_nohost.a(_exit.o)
 .ARM.attributes
                0x000004fa       0x2c /Users/rok/.mcuxpressotools/arm-gnu-toolchain-13.2.Rel1-darwin-arm64-arm-none-eabi/bin/../lib/gcc/arm-none-eabi/13.2.1/thumb/v6-m/nofp/crtend.o
 .ARM.attributes
                0x00000526       0x1e /Users/rok/.mcuxpressotools/arm-gnu-toolchain-13.2.Rel1-darwin-arm64-arm-none-eabi/bin/../lib/gcc/arm-none-eabi/13.2.1/thumb/v6-m/nofp/crtn.o
                0x00000001                        ASSERT ((__StackLimit >= __HeapLimit), region m_data overflowed with stack and heap)
OUTPUT(new_project.elf elf32-littlearm)
LOAD linker stubs

.debug_line_str
                0x00000000      0x36d
 .debug_line_str
                0x00000000      0x36d /Users/rok/.mcuxpressotools/arm-gnu-toolchain-13.2.Rel1-darwin-arm64-arm-none-eabi/bin/../lib/gcc/arm-none-eabi/13.2.1/../../../../arm-none-eabi/lib/thumb/v6-m/nofp/crt0.o
                                 0xdb (size before relaxing)
 .debug_line_str
                0x0000036d       0xc4 CMakeFiles/new_project.elf.dir/Users/rok/Documents/curso-lse/workspace_lpc845/sdks/lpc845breakout_blank_sdk/devices/LPC845/gcc/startup_LPC845.S.obj
 .debug_line_str
                0x0000036d       0xd2 /Users/rok/.mcuxpressotools/arm-gnu-toolchain-13.2.Rel1-darwin-arm64-arm-none-eabi/bin/../lib/gcc/arm-none-eabi/13.2.1/thumb/v6-m/nofp/libgcc.a(_udivsi3.o)
 .debug_line_str
                0x0000036d       0xd2 /Users/rok/.mcuxpressotools/arm-gnu-toolchain-13.2.Rel1-darwin-arm64-arm-none-eabi/bin/../lib/gcc/arm-none-eabi/13.2.1/thumb/v6-m/nofp/libgcc.a(_dvmd_tls.o)
 .debug_line_str
                0x0000036d       0xd2 /Users/rok/.mcuxpressotools/arm-gnu-toolchain-13.2.Rel1-darwin-arm64-arm-none-eabi/bin/../lib/gcc/arm-none-eabi/13.2.1/thumb/v6-m/nofp/libgcc.a(_aeabi_uldivmod.o)
 .debug_line_str
                0x0000036d       0xd2 /Users/rok/.mcuxpressotools/arm-gnu-toolchain-13.2.Rel1-darwin-arm64-arm-none-eabi/bin/../lib/gcc/arm-none-eabi/13.2.1/thumb/v6-m/nofp/libgcc.a(_clzdi2.o)
 .debug_line_str
                0x0000036d       0xd2 /Users/rok/.mcuxpressotools/arm-gnu-toolchain-13.2.Rel1-darwin-arm64-arm-none-eabi/bin/../lib/gcc/arm-none-eabi/13.2.1/thumb/v6-m/nofp/libgcc.a(_clzsi2.o)
 .debug_line_str
                0x0000036d       0xf0 /Users/rok/.mcuxpressotools/arm-gnu-toolchain-13.2.Rel1-darwin-arm64-arm-none-eabi/bin/../lib/gcc/arm-none-eabi/13.2.1/../../../../arm-none-eabi/lib/thumb/v6-m/nofp/libc_nano.a(libc_a-strlen.o)

.debug_info     0x00000000     0xb769
 .debug_info    0x00000000     0x1bae CMakeFiles/new_project.elf.dir/Users/rok/Documents/curso-lse/workspace_lpc845/lpc845breakout_blank/main.c.obj
 .debug_info    0x00001bae      0xcff CMakeFiles/new_project.elf.dir/Users/rok/Documents/curso-lse/workspace_lpc845/lpc845breakout_blank/board.c.obj
 .debug_info    0x000028ad      0xa3e CMakeFiles/new_project.elf.dir/Users/rok/Documents/curso-lse/workspace_lpc845/lpc845breakout_blank/clock_config.c.obj
 .debug_info    0x000032eb      0xb98 CMakeFiles/new_project.elf.dir/Users/rok/Documents/curso-lse/workspace_lpc845/sdks/lpc845breakout_blank_sdk/components/uart/fsl_adapter_miniusart.c.obj
 .debug_info    0x00003e83      0x37b CMakeFiles/new_project.elf.dir/Users/rok/Documents/curso-lse/workspace_lpc845/sdks/lpc845breakout_blank_sdk/devices/LPC845/gcc/startup_LPC845.S.obj
 .debug_info    0x000041fe      0x60e CMakeFiles/new_project.elf.dir/Users/rok/Documents/curso-lse/workspace_lpc845/sdks/lpc845breakout_blank_sdk/devices/LPC845/system_LPC845.c.obj
 .debug_info    0x0000480c     0x12f9 CMakeFiles/new_project.elf.dir/Users/rok/Documents/curso-lse/workspace_lpc845/sdks/lpc845breakout_blank_sdk/devices/LPC845/drivers/fsl_clock.c.obj
 .debug_info    0x00005b05      0x157 CMakeFiles/new_project.elf.dir/Users/rok/Documents/curso-lse/workspace_lpc845/sdks/lpc845breakout_blank_sdk/devices/LPC845/drivers/fsl_common_arm.c.obj
 .debug_info    0x00005c5c     0x1238 CMakeFiles/new_project.elf.dir/Users/rok/Documents/curso-lse/workspace_lpc845/sdks/lpc845breakout_blank_sdk/devices/LPC845/drivers/fsl_adc.c.obj
 .debug_info    0x00006e94      0xde8 CMakeFiles/new_project.elf.dir/Users/rok/Documents/curso-lse/workspace_lpc845/sdks/lpc845breakout_blank_sdk/devices/LPC845/drivers/fsl_gpio.c.obj
 .debug_info    0x00007c7c     0x1dce CMakeFiles/new_project.elf.dir/Users/rok/Documents/curso-lse/workspace_lpc845/sdks/lpc845breakout_blank_sdk/devices/LPC845/drivers/fsl_usart.c.obj
 .debug_info    0x00009a4a      0x719 CMakeFiles/new_project.elf.dir/Users/rok/Documents/curso-lse/workspace_lpc845/sdks/lpc845breakout_blank_sdk/devices/LPC845/drivers/fsl_reset.c.obj
 .debug_info    0x0000a163      0x76a CMakeFiles/new_project.elf.dir/Users/rok/Documents/curso-lse/workspace_lpc845/sdks/lpc845breakout_blank_sdk/devices/LPC845/drivers/fsl_swm.c.obj
 .debug_info    0x0000a8cd      0x126 CMakeFiles/new_project.elf.dir/Users/rok/Documents/curso-lse/workspace_lpc845/sdks/lpc845breakout_blank_sdk/devices/LPC845/utilities/debug_console_lite/fsl_assert.c.obj
 .debug_info    0x0000a9f3      0xcd3 CMakeFiles/new_project.elf.dir/Users/rok/Documents/curso-lse/workspace_lpc845/sdks/lpc845breakout_blank_sdk/devices/LPC845/utilities/debug_console_lite/fsl_debug_console.c.obj
 .debug_info    0x0000b6c6       0xa3 /Users/rok/.mcuxpressotools/arm-gnu-toolchain-13.2.Rel1-darwin-arm64-arm-none-eabi/bin/../lib/gcc/arm-none-eabi/13.2.1/../../../../arm-none-eabi/lib/thumb/v6-m/nofp/libcr_newlib_nohost.a(_exit.o)

.debug_abbrev   0x00000000     0x1e10
 .debug_abbrev  0x00000000      0x3b3 CMakeFiles/new_project.elf.dir/Users/rok/Documents/curso-lse/workspace_lpc845/lpc845breakout_blank/main.c.obj
 .debug_abbrev  0x000003b3      0x1fc CMakeFiles/new_project.elf.dir/Users/rok/Documents/curso-lse/workspace_lpc845/lpc845breakout_blank/board.c.obj
 .debug_abbrev  0x000005af      0x270 CMakeFiles/new_project.elf.dir/Users/rok/Documents/curso-lse/workspace_lpc845/lpc845breakout_blank/clock_config.c.obj
 .debug_abbrev  0x0000081f      0x1e3 CMakeFiles/new_project.elf.dir/Users/rok/Documents/curso-lse/workspace_lpc845/sdks/lpc845breakout_blank_sdk/components/uart/fsl_adapter_miniusart.c.obj
 .debug_abbrev  0x00000a02       0x26 CMakeFiles/new_project.elf.dir/Users/rok/Documents/curso-lse/workspace_lpc845/sdks/lpc845breakout_blank_sdk/devices/LPC845/gcc/startup_LPC845.S.obj
 .debug_abbrev  0x00000a28      0x16b CMakeFiles/new_project.elf.dir/Users/rok/Documents/curso-lse/workspace_lpc845/sdks/lpc845breakout_blank_sdk/devices/LPC845/system_LPC845.c.obj
 .debug_abbrev  0x00000b93      0x343 CMakeFiles/new_project.elf.dir/Users/rok/Documents/curso-lse/workspace_lpc845/sdks/lpc845breakout_blank_sdk/devices/LPC845/drivers/fsl_clock.c.obj
 .debug_abbrev  0x00000ed6       0xdc CMakeFiles/new_project.elf.dir/Users/rok/Documents/curso-lse/workspace_lpc845/sdks/lpc845breakout_blank_sdk/devices/LPC845/drivers/fsl_common_arm.c.obj
 .debug_abbrev  0x00000fb2      0x2c3 CMakeFiles/new_project.elf.dir/Users/rok/Documents/curso-lse/workspace_lpc845/sdks/lpc845breakout_blank_sdk/devices/LPC845/drivers/fsl_adc.c.obj
 .debug_abbrev  0x00001275      0x1e8 CMakeFiles/new_project.elf.dir/Users/rok/Documents/curso-lse/workspace_lpc845/sdks/lpc845breakout_blank_sdk/devices/LPC845/drivers/fsl_gpio.c.obj
 .debug_abbrev  0x0000145d      0x38f CMakeFiles/new_project.elf.dir/Users/rok/Documents/curso-lse/workspace_lpc845/sdks/lpc845breakout_blank_sdk/devices/LPC845/drivers/fsl_usart.c.obj
 .debug_abbrev  0x000017ec      0x153 CMakeFiles/new_project.elf.dir/Users/rok/Documents/curso-lse/workspace_lpc845/sdks/lpc845breakout_blank_sdk/devices/LPC845/drivers/fsl_reset.c.obj
 .debug_abbrev  0x0000193f      0x180 CMakeFiles/new_project.elf.dir/Users/rok/Documents/curso-lse/workspace_lpc845/sdks/lpc845breakout_blank_sdk/devices/LPC845/drivers/fsl_swm.c.obj
 .debug_abbrev  0x00001abf       0xa8 CMakeFiles/new_project.elf.dir/Users/rok/Documents/curso-lse/workspace_lpc845/sdks/lpc845breakout_blank_sdk/devices/LPC845/utilities/debug_console_lite/fsl_assert.c.obj
 .debug_abbrev  0x00001b67      0x242 CMakeFiles/new_project.elf.dir/Users/rok/Documents/curso-lse/workspace_lpc845/sdks/lpc845breakout_blank_sdk/devices/LPC845/utilities/debug_console_lite/fsl_debug_console.c.obj
 .debug_abbrev  0x00001da9       0x67 /Users/rok/.mcuxpressotools/arm-gnu-toolchain-13.2.Rel1-darwin-arm64-arm-none-eabi/bin/../lib/gcc/arm-none-eabi/13.2.1/../../../../arm-none-eabi/lib/thumb/v6-m/nofp/libcr_newlib_nohost.a(_exit.o)

.debug_aranges  0x00000000      0x5d8
 .debug_aranges
                0x00000000       0x88 CMakeFiles/new_project.elf.dir/Users/rok/Documents/curso-lse/workspace_lpc845/lpc845breakout_blank/main.c.obj
 .debug_aranges
                0x00000088       0x28 CMakeFiles/new_project.elf.dir/Users/rok/Documents/curso-lse/workspace_lpc845/lpc845breakout_blank/board.c.obj
 .debug_aranges
                0x000000b0       0x60 CMakeFiles/new_project.elf.dir/Users/rok/Documents/curso-lse/workspace_lpc845/lpc845breakout_blank/clock_config.c.obj
 .debug_aranges
                0x00000110       0x50 CMakeFiles/new_project.elf.dir/Users/rok/Documents/curso-lse/workspace_lpc845/sdks/lpc845breakout_blank_sdk/components/uart/fsl_adapter_miniusart.c.obj
 .debug_aranges
                0x00000160       0x20 CMakeFiles/new_project.elf.dir/Users/rok/Documents/curso-lse/workspace_lpc845/sdks/lpc845breakout_blank_sdk/devices/LPC845/gcc/startup_LPC845.S.obj
 .debug_aranges
                0x00000180       0x30 CMakeFiles/new_project.elf.dir/Users/rok/Documents/curso-lse/workspace_lpc845/sdks/lpc845breakout_blank_sdk/devices/LPC845/system_LPC845.c.obj
 .debug_aranges
                0x000001b0      0x108 CMakeFiles/new_project.elf.dir/Users/rok/Documents/curso-lse/workspace_lpc845/sdks/lpc845breakout_blank_sdk/devices/LPC845/drivers/fsl_clock.c.obj
 .debug_aranges
                0x000002b8       0x28 CMakeFiles/new_project.elf.dir/Users/rok/Documents/curso-lse/workspace_lpc845/sdks/lpc845breakout_blank_sdk/devices/LPC845/drivers/fsl_common_arm.c.obj
 .debug_aranges
                0x000002e0       0x80 CMakeFiles/new_project.elf.dir/Users/rok/Documents/curso-lse/workspace_lpc845/sdks/lpc845breakout_blank_sdk/devices/LPC845/drivers/fsl_adc.c.obj
 .debug_aranges
                0x00000360       0x38 CMakeFiles/new_project.elf.dir/Users/rok/Documents/curso-lse/workspace_lpc845/sdks/lpc845breakout_blank_sdk/devices/LPC845/drivers/fsl_gpio.c.obj
 .debug_aranges
                0x00000398      0x128 CMakeFiles/new_project.elf.dir/Users/rok/Documents/curso-lse/workspace_lpc845/sdks/lpc845breakout_blank_sdk/devices/LPC845/drivers/fsl_usart.c.obj
 .debug_aranges
                0x000004c0       0x30 CMakeFiles/new_project.elf.dir/Users/rok/Documents/curso-lse/workspace_lpc845/sdks/lpc845breakout_blank_sdk/devices/LPC845/drivers/fsl_reset.c.obj
 .debug_aranges
                0x000004f0       0x28 CMakeFiles/new_project.elf.dir/Users/rok/Documents/curso-lse/workspace_lpc845/sdks/lpc845breakout_blank_sdk/devices/LPC845/drivers/fsl_swm.c.obj
 .debug_aranges
                0x00000518       0x28 CMakeFiles/new_project.elf.dir/Users/rok/Documents/curso-lse/workspace_lpc845/sdks/lpc845breakout_blank_sdk/devices/LPC845/utilities/debug_console_lite/fsl_assert.c.obj
 .debug_aranges
                0x00000540       0x78 CMakeFiles/new_project.elf.dir/Users/rok/Documents/curso-lse/workspace_lpc845/sdks/lpc845breakout_blank_sdk/devices/LPC845/utilities/debug_console_lite/fsl_debug_console.c.obj
 .debug_aranges
                0x000005b8       0x20 /Users/rok/.mcuxpressotools/arm-gnu-toolchain-13.2.Rel1-darwin-arm64-arm-none-eabi/bin/../lib/gcc/arm-none-eabi/13.2.1/../../../../arm-none-eabi/lib/thumb/v6-m/nofp/libcr_newlib_nohost.a(_exit.o)

.debug_rnglists
                0x00000000      0x412
 .debug_rnglists
                0x00000000       0x63 CMakeFiles/new_project.elf.dir/Users/rok/Documents/curso-lse/workspace_lpc845/lpc845breakout_blank/main.c.obj
 .debug_rnglists
                0x00000063       0x19 CMakeFiles/new_project.elf.dir/Users/rok/Documents/curso-lse/workspace_lpc845/lpc845breakout_blank/board.c.obj
 .debug_rnglists
                0x0000007c       0x43 CMakeFiles/new_project.elf.dir/Users/rok/Documents/curso-lse/workspace_lpc845/lpc845breakout_blank/clock_config.c.obj
 .debug_rnglists
                0x000000bf       0x3a CMakeFiles/new_project.elf.dir/Users/rok/Documents/curso-lse/workspace_lpc845/sdks/lpc845breakout_blank_sdk/components/uart/fsl_adapter_miniusart.c.obj
 .debug_rnglists
                0x000000f9       0x20 CMakeFiles/new_project.elf.dir/Users/rok/Documents/curso-lse/workspace_lpc845/sdks/lpc845breakout_blank_sdk/devices/LPC845/system_LPC845.c.obj
 .debug_rnglists
                0x00000119       0xc9 CMakeFiles/new_project.elf.dir/Users/rok/Documents/curso-lse/workspace_lpc845/sdks/lpc845breakout_blank_sdk/devices/LPC845/drivers/fsl_clock.c.obj
 .debug_rnglists
                0x000001e2       0x1a CMakeFiles/new_project.elf.dir/Users/rok/Documents/curso-lse/workspace_lpc845/sdks/lpc845breakout_blank_sdk/devices/LPC845/drivers/fsl_common_arm.c.obj
 .debug_rnglists
                0x000001fc       0x62 CMakeFiles/new_project.elf.dir/Users/rok/Documents/curso-lse/workspace_lpc845/sdks/lpc845breakout_blank_sdk/devices/LPC845/drivers/fsl_adc.c.obj
 .debug_rnglists
                0x0000025e       0x26 CMakeFiles/new_project.elf.dir/Users/rok/Documents/curso-lse/workspace_lpc845/sdks/lpc845breakout_blank_sdk/devices/LPC845/drivers/fsl_gpio.c.obj
 .debug_rnglists
                0x00000284       0xe2 CMakeFiles/new_project.elf.dir/Users/rok/Documents/curso-lse/workspace_lpc845/sdks/lpc845breakout_blank_sdk/devices/LPC845/drivers/fsl_usart.c.obj
 .debug_rnglists
                0x00000366       0x1f CMakeFiles/new_project.elf.dir/Users/rok/Documents/curso-lse/workspace_lpc845/sdks/lpc845breakout_blank_sdk/devices/LPC845/drivers/fsl_reset.c.obj
 .debug_rnglists
                0x00000385       0x1b CMakeFiles/new_project.elf.dir/Users/rok/Documents/curso-lse/workspace_lpc845/sdks/lpc845breakout_blank_sdk/devices/LPC845/drivers/fsl_swm.c.obj
 .debug_rnglists
                0x000003a0       0x19 CMakeFiles/new_project.elf.dir/Users/rok/Documents/curso-lse/workspace_lpc845/sdks/lpc845breakout_blank_sdk/devices/LPC845/utilities/debug_console_lite/fsl_assert.c.obj
 .debug_rnglists
                0x000003b9       0x59 CMakeFiles/new_project.elf.dir/Users/rok/Documents/curso-lse/workspace_lpc845/sdks/lpc845breakout_blank_sdk/devices/LPC845/utilities/debug_console_lite/fsl_debug_console.c.obj

.debug_line     0x00000000     0x4fe6
 .debug_line    0x00000000      0x690 CMakeFiles/new_project.elf.dir/Users/rok/Documents/curso-lse/workspace_lpc845/lpc845breakout_blank/main.c.obj
 .debug_line    0x00000690      0x3d1 CMakeFiles/new_project.elf.dir/Users/rok/Documents/curso-lse/workspace_lpc845/lpc845breakout_blank/board.c.obj
 .debug_line    0x00000a61      0x493 CMakeFiles/new_project.elf.dir/Users/rok/Documents/curso-lse/workspace_lpc845/lpc845breakout_blank/clock_config.c.obj
 .debug_line    0x00000ef4      0x53c CMakeFiles/new_project.elf.dir/Users/rok/Documents/curso-lse/workspace_lpc845/sdks/lpc845breakout_blank_sdk/components/uart/fsl_adapter_miniusart.c.obj
 .debug_line    0x00001430      0x136 CMakeFiles/new_project.elf.dir/Users/rok/Documents/curso-lse/workspace_lpc845/sdks/lpc845breakout_blank_sdk/devices/LPC845/gcc/startup_LPC845.S.obj
 .debug_line    0x00001566      0x488 CMakeFiles/new_project.elf.dir/Users/rok/Documents/curso-lse/workspace_lpc845/sdks/lpc845breakout_blank_sdk/devices/LPC845/system_LPC845.c.obj
 .debug_line    0x000019ee      0xa8c CMakeFiles/new_project.elf.dir/Users/rok/Documents/curso-lse/workspace_lpc845/sdks/lpc845breakout_blank_sdk/devices/LPC845/drivers/fsl_clock.c.obj
 .debug_line    0x0000247a      0x25c CMakeFiles/new_project.elf.dir/Users/rok/Documents/curso-lse/workspace_lpc845/sdks/lpc845breakout_blank_sdk/devices/LPC845/drivers/fsl_common_arm.c.obj
 .debug_line    0x000026d6      0x6d1 CMakeFiles/new_project.elf.dir/Users/rok/Documents/curso-lse/workspace_lpc845/sdks/lpc845breakout_blank_sdk/devices/LPC845/drivers/fsl_adc.c.obj
 .debug_line    0x00002da7      0x378 CMakeFiles/new_project.elf.dir/Users/rok/Documents/curso-lse/workspace_lpc845/sdks/lpc845breakout_blank_sdk/devices/LPC845/drivers/fsl_gpio.c.obj
 .debug_line    0x0000311f      0xe1a CMakeFiles/new_project.elf.dir/Users/rok/Documents/curso-lse/workspace_lpc845/sdks/lpc845breakout_blank_sdk/devices/LPC845/drivers/fsl_usart.c.obj
 .debug_line    0x00003f39      0x319 CMakeFiles/new_project.elf.dir/Users/rok/Documents/curso-lse/workspace_lpc845/sdks/lpc845breakout_blank_sdk/devices/LPC845/drivers/fsl_reset.c.obj
 .debug_line    0x00004252      0x343 CMakeFiles/new_project.elf.dir/Users/rok/Documents/curso-lse/workspace_lpc845/sdks/lpc845breakout_blank_sdk/devices/LPC845/drivers/fsl_swm.c.obj
 .debug_line    0x00004595      0x166 CMakeFiles/new_project.elf.dir/Users/rok/Documents/curso-lse/workspace_lpc845/sdks/lpc845breakout_blank_sdk/devices/LPC845/utilities/debug_console_lite/fsl_assert.c.obj
 .debug_line    0x000046fb      0x8a7 CMakeFiles/new_project.elf.dir/Users/rok/Documents/curso-lse/workspace_lpc845/sdks/lpc845breakout_blank_sdk/devices/LPC845/utilities/debug_console_lite/fsl_debug_console.c.obj
 .debug_line    0x00004fa2       0x44 /Users/rok/.mcuxpressotools/arm-gnu-toolchain-13.2.Rel1-darwin-arm64-arm-none-eabi/bin/../lib/gcc/arm-none-eabi/13.2.1/../../../../arm-none-eabi/lib/thumb/v6-m/nofp/libcr_newlib_nohost.a(_exit.o)

.debug_str      0x00000000     0x5c39
 .debug_str     0x00000000     0x5c39 CMakeFiles/new_project.elf.dir/Users/rok/Documents/curso-lse/workspace_lpc845/lpc845breakout_blank/main.c.obj
                               0x27a6 (size before relaxing)
 .debug_str     0x00005c39     0x1b39 CMakeFiles/new_project.elf.dir/Users/rok/Documents/curso-lse/workspace_lpc845/lpc845breakout_blank/board.c.obj
 .debug_str     0x00005c39     0x1006 CMakeFiles/new_project.elf.dir/Users/rok/Documents/curso-lse/workspace_lpc845/lpc845breakout_blank/clock_config.c.obj
 .debug_str     0x00005c39     0x13c8 CMakeFiles/new_project.elf.dir/Users/rok/Documents/curso-lse/workspace_lpc845/sdks/lpc845breakout_blank_sdk/components/uart/fsl_adapter_miniusart.c.obj
 .debug_str     0x00005c39      0x6a4 CMakeFiles/new_project.elf.dir/Users/rok/Documents/curso-lse/workspace_lpc845/sdks/lpc845breakout_blank_sdk/devices/LPC845/gcc/startup_LPC845.S.obj
 .debug_str     0x00005c39      0x5b4 CMakeFiles/new_project.elf.dir/Users/rok/Documents/curso-lse/workspace_lpc845/sdks/lpc845breakout_blank_sdk/devices/LPC845/system_LPC845.c.obj
 .debug_str     0x00005c39     0x1867 CMakeFiles/new_project.elf.dir/Users/rok/Documents/curso-lse/workspace_lpc845/sdks/lpc845breakout_blank_sdk/devices/LPC845/drivers/fsl_clock.c.obj
 .debug_str     0x00005c39      0x29b CMakeFiles/new_project.elf.dir/Users/rok/Documents/curso-lse/workspace_lpc845/sdks/lpc845breakout_blank_sdk/devices/LPC845/drivers/fsl_common_arm.c.obj
 .debug_str     0x00005c39     0x1a5f CMakeFiles/new_project.elf.dir/Users/rok/Documents/curso-lse/workspace_lpc845/sdks/lpc845breakout_blank_sdk/devices/LPC845/drivers/fsl_adc.c.obj
 .debug_str     0x00005c39     0x156e CMakeFiles/new_project.elf.dir/Users/rok/Documents/curso-lse/workspace_lpc845/sdks/lpc845breakout_blank_sdk/devices/LPC845/drivers/fsl_gpio.c.obj
 .debug_str     0x00005c39     0x247a CMakeFiles/new_project.elf.dir/Users/rok/Documents/curso-lse/workspace_lpc845/sdks/lpc845breakout_blank_sdk/devices/LPC845/drivers/fsl_usart.c.obj
 .debug_str     0x00005c39      0x896 CMakeFiles/new_project.elf.dir/Users/rok/Documents/curso-lse/workspace_lpc845/sdks/lpc845breakout_blank_sdk/devices/LPC845/drivers/fsl_reset.c.obj
 .debug_str     0x00005c39      0xe15 CMakeFiles/new_project.elf.dir/Users/rok/Documents/curso-lse/workspace_lpc845/sdks/lpc845breakout_blank_sdk/devices/LPC845/drivers/fsl_swm.c.obj
 .debug_str     0x00005c39      0x27a CMakeFiles/new_project.elf.dir/Users/rok/Documents/curso-lse/workspace_lpc845/sdks/lpc845breakout_blank_sdk/devices/LPC845/utilities/debug_console_lite/fsl_assert.c.obj
 .debug_str     0x00005c39     0x1414 CMakeFiles/new_project.elf.dir/Users/rok/Documents/curso-lse/workspace_lpc845/sdks/lpc845breakout_blank_sdk/devices/LPC845/utilities/debug_console_lite/fsl_debug_console.c.obj
 .debug_str     0x00005c39      0x1be /Users/rok/.mcuxpressotools/arm-gnu-toolchain-13.2.Rel1-darwin-arm64-arm-none-eabi/bin/../lib/gcc/arm-none-eabi/13.2.1/../../../../arm-none-eabi/lib/thumb/v6-m/nofp/libcr_newlib_nohost.a(_exit.o)

.comment        0x00000000       0x44
 .comment       0x00000000       0x44 CMakeFiles/new_project.elf.dir/Users/rok/Documents/curso-lse/workspace_lpc845/lpc845breakout_blank/main.c.obj
                                 0x45 (size before relaxing)
 .comment       0x00000044       0x45 CMakeFiles/new_project.elf.dir/Users/rok/Documents/curso-lse/workspace_lpc845/lpc845breakout_blank/board.c.obj
 .comment       0x00000044       0x45 CMakeFiles/new_project.elf.dir/Users/rok/Documents/curso-lse/workspace_lpc845/lpc845breakout_blank/clock_config.c.obj
 .comment       0x00000044       0x45 CMakeFiles/new_project.elf.dir/Users/rok/Documents/curso-lse/workspace_lpc845/sdks/lpc845breakout_blank_sdk/components/uart/fsl_adapter_miniusart.c.obj
 .comment       0x00000044       0x45 CMakeFiles/new_project.elf.dir/Users/rok/Documents/curso-lse/workspace_lpc845/sdks/lpc845breakout_blank_sdk/devices/LPC845/system_LPC845.c.obj
 .comment       0x00000044       0x45 CMakeFiles/new_project.elf.dir/Users/rok/Documents/curso-lse/workspace_lpc845/sdks/lpc845breakout_blank_sdk/devices/LPC845/drivers/fsl_clock.c.obj
 .comment       0x00000044       0x45 CMakeFiles/new_project.elf.dir/Users/rok/Documents/curso-lse/workspace_lpc845/sdks/lpc845breakout_blank_sdk/devices/LPC845/drivers/fsl_common_arm.c.obj
 .comment       0x00000044       0x45 CMakeFiles/new_project.elf.dir/Users/rok/Documents/curso-lse/workspace_lpc845/sdks/lpc845breakout_blank_sdk/devices/LPC845/drivers/fsl_adc.c.obj
 .comment       0x00000044       0x45 CMakeFiles/new_project.elf.dir/Users/rok/Documents/curso-lse/workspace_lpc845/sdks/lpc845breakout_blank_sdk/devices/LPC845/drivers/fsl_gpio.c.obj
 .comment       0x00000044       0x45 CMakeFiles/new_project.elf.dir/Users/rok/Documents/curso-lse/workspace_lpc845/sdks/lpc845breakout_blank_sdk/devices/LPC845/drivers/fsl_usart.c.obj
 .comment       0x00000044       0x45 CMakeFiles/new_project.elf.dir/Users/rok/Documents/curso-lse/workspace_lpc845/sdks/lpc845breakout_blank_sdk/devices/LPC845/drivers/fsl_reset.c.obj
 .comment       0x00000044       0x45 CMakeFiles/new_project.elf.dir/Users/rok/Documents/curso-lse/workspace_lpc845/sdks/lpc845breakout_blank_sdk/devices/LPC845/drivers/fsl_swm.c.obj
 .comment       0x00000044       0x45 CMakeFiles/new_project.elf.dir/Users/rok/Documents/curso-lse/workspace_lpc845/sdks/lpc845breakout_blank_sdk/devices/LPC845/utilities/debug_console_lite/fsl_assert.c.obj
 .comment       0x00000044       0x45 CMakeFiles/new_project.elf.dir/Users/rok/Documents/curso-lse/workspace_lpc845/sdks/lpc845breakout_blank_sdk/devices/LPC845/utilities/debug_console_lite/fsl_debug_console.c.obj
 .comment       0x00000044       0x45 /Users/rok/.mcuxpressotools/arm-gnu-toolchain-13.2.Rel1-darwin-arm64-arm-none-eabi/bin/../lib/gcc/arm-none-eabi/13.2.1/../../../../arm-none-eabi/lib/thumb/v6-m/nofp/libcr_newlib_nohost.a(_exit.o)

.debug_frame    0x00000000     0x1454
 .debug_frame   0x00000000      0x1cc CMakeFiles/new_project.elf.dir/Users/rok/Documents/curso-lse/workspace_lpc845/lpc845breakout_blank/main.c.obj
 .debug_frame   0x000001cc       0x50 CMakeFiles/new_project.elf.dir/Users/rok/Documents/curso-lse/workspace_lpc845/lpc845breakout_blank/board.c.obj
 .debug_frame   0x0000021c      0x120 CMakeFiles/new_project.elf.dir/Users/rok/Documents/curso-lse/workspace_lpc845/lpc845breakout_blank/clock_config.c.obj
 .debug_frame   0x0000033c       0xf0 CMakeFiles/new_project.elf.dir/Users/rok/Documents/curso-lse/workspace_lpc845/sdks/lpc845breakout_blank_sdk/components/uart/fsl_adapter_miniusart.c.obj
 .debug_frame   0x0000042c       0x68 CMakeFiles/new_project.elf.dir/Users/rok/Documents/curso-lse/workspace_lpc845/sdks/lpc845breakout_blank_sdk/devices/LPC845/system_LPC845.c.obj
 .debug_frame   0x00000494      0x3cc CMakeFiles/new_project.elf.dir/Users/rok/Documents/curso-lse/workspace_lpc845/sdks/lpc845breakout_blank_sdk/devices/LPC845/drivers/fsl_clock.c.obj
 .debug_frame   0x00000860       0x54 CMakeFiles/new_project.elf.dir/Users/rok/Documents/curso-lse/workspace_lpc845/sdks/lpc845breakout_blank_sdk/devices/LPC845/drivers/fsl_common_arm.c.obj
 .debug_frame   0x000008b4      0x1b0 CMakeFiles/new_project.elf.dir/Users/rok/Documents/curso-lse/workspace_lpc845/sdks/lpc845breakout_blank_sdk/devices/LPC845/drivers/fsl_adc.c.obj
 .debug_frame   0x00000a64       0x90 CMakeFiles/new_project.elf.dir/Users/rok/Documents/curso-lse/workspace_lpc845/sdks/lpc845breakout_blank_sdk/devices/LPC845/drivers/fsl_gpio.c.obj
 .debug_frame   0x00000af4      0x43c CMakeFiles/new_project.elf.dir/Users/rok/Documents/curso-lse/workspace_lpc845/sdks/lpc845breakout_blank_sdk/devices/LPC845/drivers/fsl_usart.c.obj
 .debug_frame   0x00000f30       0x70 CMakeFiles/new_project.elf.dir/Users/rok/Documents/curso-lse/workspace_lpc845/sdks/lpc845breakout_blank_sdk/devices/LPC845/drivers/fsl_reset.c.obj
 .debug_frame   0x00000fa0       0x50 CMakeFiles/new_project.elf.dir/Users/rok/Documents/curso-lse/workspace_lpc845/sdks/lpc845breakout_blank_sdk/devices/LPC845/drivers/fsl_swm.c.obj
 .debug_frame   0x00000ff0       0x50 CMakeFiles/new_project.elf.dir/Users/rok/Documents/curso-lse/workspace_lpc845/sdks/lpc845breakout_blank_sdk/devices/LPC845/utilities/debug_console_lite/fsl_assert.c.obj
 .debug_frame   0x00001040      0x190 CMakeFiles/new_project.elf.dir/Users/rok/Documents/curso-lse/workspace_lpc845/sdks/lpc845breakout_blank_sdk/devices/LPC845/utilities/debug_console_lite/fsl_debug_console.c.obj
 .debug_frame   0x000011d0       0x20 /Users/rok/.mcuxpressotools/arm-gnu-toolchain-13.2.Rel1-darwin-arm64-arm-none-eabi/bin/../lib/gcc/arm-none-eabi/13.2.1/thumb/v6-m/nofp/libgcc.a(_udivsi3.o)
 .debug_frame   0x000011f0       0x34 /Users/rok/.mcuxpressotools/arm-gnu-toolchain-13.2.Rel1-darwin-arm64-arm-none-eabi/bin/../lib/gcc/arm-none-eabi/13.2.1/thumb/v6-m/nofp/libgcc.a(_muldi3.o)
 .debug_frame   0x00001224       0x3c /Users/rok/.mcuxpressotools/arm-gnu-toolchain-13.2.Rel1-darwin-arm64-arm-none-eabi/bin/../lib/gcc/arm-none-eabi/13.2.1/thumb/v6-m/nofp/libgcc.a(_udivmoddi4.o)
 .debug_frame   0x00001260       0x28 /Users/rok/.mcuxpressotools/arm-gnu-toolchain-13.2.Rel1-darwin-arm64-arm-none-eabi/bin/../lib/gcc/arm-none-eabi/13.2.1/../../../../arm-none-eabi/lib/thumb/v6-m/nofp/libc_nano.a(libc_a-exit.o)
 .debug_frame   0x00001288      0x138 /Users/rok/.mcuxpressotools/arm-gnu-toolchain-13.2.Rel1-darwin-arm64-arm-none-eabi/bin/../lib/gcc/arm-none-eabi/13.2.1/../../../../arm-none-eabi/lib/thumb/v6-m/nofp/libc_nano.a(libc_a-findfp.o)
 .debug_frame   0x000013c0       0x20 /Users/rok/.mcuxpressotools/arm-gnu-toolchain-13.2.Rel1-darwin-arm64-arm-none-eabi/bin/../lib/gcc/arm-none-eabi/13.2.1/../../../../arm-none-eabi/lib/thumb/v6-m/nofp/libc_nano.a(libc_a-memset.o)
 .debug_frame   0x000013e0       0x2c /Users/rok/.mcuxpressotools/arm-gnu-toolchain-13.2.Rel1-darwin-arm64-arm-none-eabi/bin/../lib/gcc/arm-none-eabi/13.2.1/../../../../arm-none-eabi/lib/thumb/v6-m/nofp/libc_nano.a(libc_a-init.o)
 .debug_frame   0x0000140c       0x28 /Users/rok/.mcuxpressotools/arm-gnu-toolchain-13.2.Rel1-darwin-arm64-arm-none-eabi/bin/../lib/gcc/arm-none-eabi/13.2.1/../../../../arm-none-eabi/lib/thumb/v6-m/nofp/libc_nano.a(libc_a-memcpy-stub.o)
 .debug_frame   0x00001434       0x20 /Users/rok/.mcuxpressotools/arm-gnu-toolchain-13.2.Rel1-darwin-arm64-arm-none-eabi/bin/../lib/gcc/arm-none-eabi/13.2.1/../../../../arm-none-eabi/lib/thumb/v6-m/nofp/libcr_newlib_nohost.a(_exit.o)

.debug_loc      0x00000000       0x15
 .debug_loc     0x00000000       0x15 /Users/rok/.mcuxpressotools/arm-gnu-toolchain-13.2.Rel1-darwin-arm64-arm-none-eabi/bin/../lib/gcc/arm-none-eabi/13.2.1/../../../../arm-none-eabi/lib/thumb/v6-m/nofp/libcr_newlib_nohost.a(_exit.o)

.debug_ranges   0x00000000       0x10
 .debug_ranges  0x00000000       0x10 /Users/rok/.mcuxpressotools/arm-gnu-toolchain-13.2.Rel1-darwin-arm64-arm-none-eabi/bin/../lib/gcc/arm-none-eabi/13.2.1/../../../../arm-none-eabi/lib/thumb/v6-m/nofp/libcr_newlib_nohost.a(_exit.o)
