/Users/rok/Documents/curso-lse/trabajo_integrador/sdks/lpcintegrador_sdk/devices/LPC845/drivers/./fsl_gpio.h:153:20:GPIO_PinWrite	24	static
/Users/rok/Documents/curso-lse/trabajo_integrador/sdks/lpcintegrador_sdk/devices/LPC845/drivers/./fsl_gpio.h:172:24:GPIO_PinRead	24	static
/Users/rok/Documents/curso-lse/trabajo_integrador/sdks/lpcintegrador_sdk/devices/LPC845/drivers/./fsl_gpio.h:210:20:GPIO_PortToggle	24	static
/Users/rok/Documents/curso-lse/trabajo_integrador/sdks/lpcintegrador_sdk/devices/LPC845/drivers/./fsl_adc.h:497:20:ADC_DoSoftwareTriggerConvSeqA	16	static
/Users/rok/Documents/curso-lse/trabajo_integrador/lpcintegrador/wrappers.h:44:20:wrapper_gpio_init	16	static
/Users/rok/Documents/curso-lse/trabajo_integrador/lpcintegrador/wrappers.h:53:20:wrapper_btn_get	24	static
/Users/rok/Documents/curso-lse/trabajo_integrador/lpcintegrador/wrappers.h:63:20:wrapper_output_init	40	static
/Users/rok/Documents/curso-lse/trabajo_integrador/lpcintegrador/wrappers.h:73:24:wrapper_gpio_get_port	24	static
/Users/rok/Documents/curso-lse/trabajo_integrador/lpcintegrador/wrappers.h:83:24:wrapper_gpio_get_pin	24	static
/Users/rok/Documents/curso-lse/trabajo_integrador/lpcintegrador/wrappers.h:92:20:wrapper_output_toggle	32	static
/Users/rok/Documents/curso-lse/trabajo_integrador/lpcintegrador/wrappers.h:100:20:wrapper_display_off	8	static
/Users/rok/Documents/curso-lse/trabajo_integrador/lpcintegrador/wrappers.h:110:20:wrapper_display_on	24	static
/Users/rok/Documents/curso-lse/trabajo_integrador/lpcintegrador/app_tasks.h:59:20:wrapper_btn_get_with_debouncing_with_pull_up	24	static
/Users/rok/Documents/curso-lse/trabajo_integrador/lpcintegrador/app_tasks.c:23:6:task_init	80	static
/Users/rok/Documents/curso-lse/trabajo_integrador/lpcintegrador/app_tasks.c:66:6:task_adc	16	static
/Users/rok/Documents/curso-lse/trabajo_integrador/lpcintegrador/app_tasks.c:79:6:task_display	64	static
/Users/rok/Documents/curso-lse/trabajo_integrador/lpcintegrador/app_tasks.c:101:6:task_pwm	32	static
/Users/rok/Documents/curso-lse/trabajo_integrador/lpcintegrador/app_tasks.c:125:6:task_bh1750	32	static
/Users/rok/Documents/curso-lse/trabajo_integrador/lpcintegrador/app_tasks.c:149:6:task_buzzer	40	static
/Users/rok/Documents/curso-lse/trabajo_integrador/lpcintegrador/app_tasks.c:167:6:task_counter_btns	56	static
/Users/rok/Documents/curso-lse/trabajo_integrador/lpcintegrador/app_tasks.c:191:6:task_ShowValues	56	static
